"1391426555.892-5877041-10.0.0.5-8080" 4248
192.168.20.23 "pm@192.168.20.23" "5877041" [03/Feb/2014:16:52:40] "GET http://www.rakshashaktiuniversity.edu.in:80/images/closelabel.gif" 200 979 "http://www.rakshashaktiuniversity.edu.in/contact-us/contact-us.aspx" "Mozilla/5.0 (Windows NT 5.1; rv:14.0) Gecko/20100101 Firefox/14.0.1" image/gif "- -" "staff-uvp,http,cachable,block_finance,Mozilla_Firefox,allowed-https,Block_Porn_Keyword,Block_Proxy_Keywords,staff-limit,DYNAMIC_LENGTH,imgfilter" "10.0.0.5:8080"
"1391426559.917-5876789-10.0.0.5-8080" 260
192.168.71.117 "pb114uvgjc1-16@192.168.71.117" "5876789" [03/Feb/2014:16:52:40] "GET http://r5---sn-cvh7zn7z.googlevideo.com:80/crossdomain.xml" 200 169 "http://s.ytimg.com/yts/swfbin/player-vflofvnpV/watch_as3.swf" "Mozilla/5.0 (Windows NT 6.1; rv:26.0) Gecko/20100101 Firefox/26.0" text/x-cross-domain-policy "- -" "student-hostel,http,cachable,Mozilla_Firefox,allowed-https,Block_Porn_Keyword,Block_Proxy_Keywords,student-hostel-limit,DYNAMIC_LENGTH,allow-social,text-filter" "10.0.0.5:8080"
"1391426559.125-5877254-10.0.0.5-8080" 1109
192.168.20.27 "kjm@192.168.20.27" "5877254" [03/Feb/2014:16:52:40] "CONNECT connect://sb.live2support.com:443/" 200 1835 "-" "Mozilla/5.0 (Windows NT 5.1) AppleWebKit/537.36 (KHTML, like Gecko) Chrome/32.0.1700.102 Safari/537.36" - "- -" "staff-uvp,allow-rapidshare,DAPTEST,uncachable,block_finance,allowed-https,Block_Porn_Keyword,Block_Proxy_Keywords,staff-limit" "10.0.0.5:8080"
"1391426559.833-5877292-10.0.0.5-8080" 421
192.168.20.186 "megha@192.168.20.186" "5877292" [03/Feb/2014:16:52:40] "GET http://l.yimg.com:80/bt/api/res/1.2/CpocTwZ8UVOTYQB05lIToQ--/YXBwaWQ9eW5ld3M7Zmk9ZmlsbDtoPTk2O3E9Nzk7dz01Ng--/http://l.yimg.com/os/publish-images/omg/2014-02-03/defcf508-04b7-4f43-9b39-d87084c96087_IMG_2003.jpg" 200 1934 "http://in.celebrity.yahoo.com/photos/ahana-deol-s-wedding-reception-slideshow/" "Mozilla/5.0 (Windows NT 5.1; rv:27.0) Gecko/20100101 Firefox/27.0" image/jpeg "- -" "staff-uvp,http,cachable,block_finance,virus_scan,antivirus,Mozilla_Firefox,allowed-https,Block_Porn_Keyword,Block_Proxy_Keywords,whitelist,DYNAMIC_LENGTH,slow-site,edu_youtube,imgfilter" "10.0.0.5:8080"
"1391426559.471-5875552-10.0.0.5-8080" 787
192.168.15.82 "anonymous@192.168.15.82" "5875552" [03/Feb/2014:16:52:40] "GET http://weatherblink.wdgserv.com:80/weatherblink/lookup/10001" 200 1265 "-" "Mozilla/5.0 (Windows NT 6.1; rv:26.0) Gecko/20100101 Firefox/26.0" application/json "- -" "fullaccess,http,cachable,Mozilla_Firefox,allowed-https,allowed_fullaccess,Block_Porn_Keyword,Block_Proxy_Keywords,DYNAMIC_LENGTH" "10.0.0.5:8080"
"1391426560.255-5877309-10.0.0.5-8080" 5
192.168.21.84 "-" "5877309" [03/Feb/2014:16:52:40] "GET http://www.msftncsi.com:80/ncsi.txt" 407 0 "-" "Microsoft NCSI" - "access-restrictions Proxy Authentication Required" "http,cachable,allowed-https,Block_Porn_Keyword,Block_Proxy_Keywords,DYNAMIC_LENGTH" "10.0.0.5:8080"
"1391426559.819-5877270-10.0.0.5-8080" 462
192.168.20.186 "megha@192.168.20.186" "5877270" [03/Feb/2014:16:52:40] "GET http://l.yimg.com:80/bt/api/res/1.2/UNCMzKKsKN1nF4dzNAg1dA--/YXBwaWQ9eW5ld3M7Zmk9ZmlsbDtoPTEwMDtxPTc5O3c9NTY-/http://l.yimg.com/os/publish-images/omg/2014-02-03/369572d8-db5f-4c22-9464-209347202703_IMG_9893.jpg" 200 2091 "http://in.celebrity.yahoo.com/photos/ahana-deol-s-wedding-reception-slideshow/" "Mozilla/5.0 (Windows NT 5.1; rv:27.0) Gecko/20100101 Firefox/27.0" image/jpeg "- -" "staff-uvp,http,cachable,block_finance,virus_scan,antivirus,Mozilla_Firefox,allowed-https,Block_Porn_Keyword,Block_Proxy_Keywords,whitelist,DYNAMIC_LENGTH,slow-site,edu_youtube,imgfilter" "10.0.0.5:8080"
"1391426559.827-5877287-10.0.0.5-8080" 466
192.168.20.186 "megha@192.168.20.186" "5877287" [03/Feb/2014:16:52:40] "GET http://l.yimg.com:80/bt/api/res/1.2/CfqaxgVL_aU2XKZ_ENZ_2A--/YXBwaWQ9eW5ld3M7Zmk9ZmlsbDtoPTU2O3E9Nzk7dz0xOTM-/http://l.yimg.com/os/publish-images/omg/2014-02-03/870e8851-434c-4339-928c-44c37105f8e9_zz-2-.jpg" 200 3150 "http://in.celebrity.yahoo.com/photos/ahana-deol-s-wedding-reception-slideshow/" "Mozilla/5.0 (Windows NT 5.1; rv:27.0) Gecko/20100101 Firefox/27.0" image/jpeg "- -" "staff-uvp,http,cachable,block_finance,virus_scan,antivirus,Mozilla_Firefox,allowed-https,Block_Porn_Keyword,Block_Proxy_Keywords,whitelist,DYNAMIC_LENGTH,slow-site,edu_youtube,imgfilter" "10.0.0.5:8080"
"1391426559.833-5877296-10.0.0.5-8080" 462
192.168.20.186 "megha@192.168.20.186" "5877296" [03/Feb/2014:16:52:40] "GET http://l1.yimg.com:80/bt/api/res/1.2/fUhL_dPH.qSq2rpvYi39wQ--/YXBwaWQ9eW5ld3M7Zmk9ZmlsbDtoPTU2O3E9Nzk7dz03Ng--/http://l.yimg.com/os/publish-images/omg/2014-02-03/d57ea6a9-9e45-4ae2-b923-8b2391438846_IMG_2044.jpg" 200 2349 "http://in.celebrity.yahoo.com/photos/ahana-deol-s-wedding-reception-slideshow/" "Mozilla/5.0 (Windows NT 5.1; rv:27.0) Gecko/20100101 Firefox/27.0" image/jpeg "- -" "staff-uvp,http,cachable,block_finance,virus_scan,antivirus,Mozilla_Firefox,allowed-https,Block_Porn_Keyword,Block_Proxy_Keywords,DYNAMIC_LENGTH,slow-site,edu_youtube,imgfilter" "10.0.0.5:8080"
"1391426559.819-5877268-10.0.0.5-8080" 480
192.168.20.186 "megha@192.168.20.186" "5877268" [03/Feb/2014:16:52:40] "GET http://l.yimg.com:80/bt/api/res/1.2/UMgGboHWdlmZDdTvQJqing--/YXBwaWQ9eW5ld3M7Zmk9ZmlsbDtoPTU2O3E9Nzk7dz03Mw--/http://l.yimg.com/os/publish-images/omg/2014-02-03/227ca82f-86a7-40ae-bedf-0711e899646a_IMG_9890.jpg" 200 1735 "http://in.celebrity.yahoo.com/photos/ahana-deol-s-wedding-reception-slideshow/" "Mozilla/5.0 (Windows NT 5.1; rv:27.0) Gecko/20100101 Firefox/27.0" image/jpeg "- -" "staff-uvp,http,cachable,block_finance,virus_scan,antivirus,Mozilla_Firefox,allowed-https,Block_Porn_Keyword,Block_Proxy_Keywords,whitelist,DYNAMIC_LENGTH,slow-site,edu_youtube,imgfilter" "10.0.0.5:8080"
"1391426559.817-5877248-10.0.0.5-8080" 491
192.168.20.186 "megha@192.168.20.186" "5877248" [03/Feb/2014:16:52:40] "GET http://l.yimg.com:80/os/mit/media/m/base/images/transparent-1093278.png" 200 98 "http://in.celebrity.yahoo.com/photos/ahana-deol-s-wedding-reception-slideshow/" "Mozilla/5.0 (Windows NT 5.1; rv:27.0) Gecko/20100101 Firefox/27.0" image/png "- -" "staff-uvp,http,cachable,block_finance,virus_scan,antivirus,Mozilla_Firefox,allowed-https,Block_Porn_Keyword,Block_Proxy_Keywords,whitelist,DYNAMIC_LENGTH,slow-site,edu_youtube,imgfilter" "10.0.0.5:8080"
"1391426559.873-5877283-10.0.0.5-8080" 441
192.168.20.186 "megha@192.168.20.186" "5877283" [03/Feb/2014:16:52:40] "GET http://l.yimg.com:80/bt/api/res/1.2/A0Qes9T0UNZfTPNWkxoT_w--/YXBwaWQ9eW5ld3M7Zmk9ZmlsbDtoPTExODtxPTc5O3c9NTY-/http://l.yimg.com/os/publish-images/omg/2014-02-03/e53006ff-7e16-4b96-a2c3-0f9f76434b74_IMG_0084.jpg" 200 2357 "http://in.celebrity.yahoo.com/photos/ahana-deol-s-wedding-reception-slideshow/" "Mozilla/5.0 (Windows NT 5.1; rv:27.0) Gecko/20100101 Firefox/27.0" image/jpeg "- -" "staff-uvp,http,cachable,block_finance,virus_scan,antivirus,Mozilla_Firefox,allowed-https,Block_Porn_Keyword,Block_Proxy_Keywords,whitelist,DYNAMIC_LENGTH,slow-site,edu_youtube,imgfilter" "10.0.0.5:8080"
"1391426559.818-5877246-10.0.0.5-8080" 511
192.168.20.186 "megha@192.168.20.186" "5877246" [03/Feb/2014:16:52:40] "GET http://l.yimg.com:80/rq/darla/2-6-9/js/g-r-min.js" 200 45854 "http://in.celebrity.yahoo.com/photos/ahana-deol-s-wedding-reception-slideshow/" "Mozilla/5.0 (Windows NT 5.1; rv:27.0) Gecko/20100101 Firefox/27.0" application/x-javascript "- -" "staff-uvp,http,cachable,block_finance,virus_scan,antivirus,Mozilla_Firefox,allowed-https,Block_Porn_Keyword,Block_Proxy_Keywords,whitelist,DYNAMIC_LENGTH,slow-site,edu_youtube" "10.0.0.5:8080"
"1391426560.360-5877310-10.0.0.5-8080" 4
192.168.21.54 "jigar@192.168.20.186" "5877310" [03/Feb/2014:16:52:40] "GET http://download.newnext.me:80/spark.bin?rnd=246779888" 407 0 "-" "nengine[0.3.2.0]_0_0_" - "access-restrictions Proxy Authentication Required" "http,virus_scan,uncachable,antivirus,allowed-https,Block_Porn_Keyword,Block_Proxy_Keywords" "10.0.0.5:8080"
"1391426560.378-5877308-10.0.0.5-8080" 5
192.168.31.17 "-" "5877308" [03/Feb/2014:16:52:40] "POST http://ffff99fff.no-ip.biz:33/is-ready" 407 0 "-" "9A964045<|>ABHISHEK-PC<|>abhishek<|>Microsoft Windows 7 Ultimate <|>plus<|>Avira Desktop .<|>true - 06-Dec-13" - "access-restrictions Proxy Authentication Required" "http,cachable,allowed-https,Block_Porn_Keyword,Block_Proxy_Keywords,DYNAMIC_LENGTH" "10.0.0.5:8080"
"1391426560.297-5877287-10.0.0.5-8080" 113
192.168.20.186 "megha@192.168.20.186" "5877287" [03/Feb/2014:16:52:40] "GET http://l.yimg.com:80/dh/ap/ap/default/120503/uh_sprite_2_16.png" 200 9098 "http://l.yimg.com/zz/combo?kx/ucs/uh/css/294/yunivhead-min.css&kx/ucs/uh/css/221/logo-min.css&kx/ucs/avatar/css/17/avatar-min.css&kx/ucs/notif_v2/css/145/notifications_v2-min.css&kx/ucs/mailcount/css/39/mailcount_v2-min.css&kx/ucs/mailcount/css/37/mail_preview-min.css&kx/ucs/search/css/190/search_all-min.css&kx/ucs/search/css/190/search_buttons-min.css" "Mozilla/5.0 (Windows NT 5.1; rv:27.0) Gecko/20100101 Firefox/27.0" image/png "- -" "staff-uvp,http,cachable,block_finance,Mozilla_Firefox,allowed-https,Block_Porn_Keyword,Block_Proxy_Keywords,whitelist,DYNAMIC_LENGTH,slow-site,edu_youtube,imgfilter" "10.0.0.5:8080"
"1391426560.311-5877248-10.0.0.5-8080" 112
192.168.20.186 "megha@192.168.20.186" "5877248" [03/Feb/2014:16:52:40] "GET http://l.yimg.com:80/os/mit/media/themes/pinkf1238d/images/map-theme_ltr-1093418.png" 200 4483 "http://l.yimg.com/zz/combo?os/mit/media/themes/base/base-min-1628604.css&os/mit/media/themes/base/base-imagery-min-1628604.css&os/mit/media/themes/pinkf1238d/theme-min-1459179.css&os/mit/media/themes/pinkf1238d/theme-imagery-min-1628625.css&os/mit/media/p/omg/site/omg-min-1595772.css&os/mit/media/p/omg/lang/in-min-1628686.css" "Mozilla/5.0 (Windows NT 5.1; rv:27.0) Gecko/20100101 Firefox/27.0" image/png "- -" "staff-uvp,http,cachable,block_finance,Mozilla_Firefox,allowed-https,Block_Porn_Keyword,Block_Proxy_Keywords,whitelist,DYNAMIC_LENGTH,slow-site,edu_youtube,imgfilter" "10.0.0.5:8080"
"1391426559.145-5877255-10.0.0.5-8080" 1329
192.168.10.52 "nrpbs@192.168.10.52" "5877255" [03/Feb/2014:16:52:40] "CONNECT connect://sites.google.com:443/" 200 2290 "-" "Mozilla/4.0 (compatible; MSIE 7.0; Windows NT 5.1; InfoPath.2; .NET CLR 2.0.50727; .NET CLR 3.0.04506.30; .NET CLR 3.0.04506.648; .NET CLR 3.5.21022)" - "- -" "staff-bspp,uncachable,block_finance,main-sites,allowed-https,slow-site" "10.0.0.5:8080"
"1391426560.490-5877312-10.0.0.5-8080" 5
192.168.20.178 "-" "5877312" [03/Feb/2014:16:52:40] "GET http://download.newnext.me:80/spark.bin?rnd=2163919774" 407 0 "-" "nengine[0.3.2.0]_81549169_9_33236422" - "access-restrictions Proxy Authentication Required" "http,virus_scan,uncachable,antivirus,allowed-https,Block_Porn_Keyword,Block_Proxy_Keywords" "10.0.0.5:8080"
"1391426559.828-5877288-10.0.0.5-8080" 685
192.168.20.186 "megha@192.168.20.186" "5877288" [03/Feb/2014:16:52:40] "GET http://l.yimg.com:80/bt/api/res/1.2/75V_BN_hjXluVpIuWajCgw--/YXBwaWQ9eW5ld3M7Zmk9ZmlsbDtoPTkxO3E9Nzk7dz01Ng--/http://l.yimg.com/os/publish-images/omg/2014-02-03/2312658c-b01c-4b47-9373-f3f6ee1e59bd_IMG_0028.jpg" 200 2129 "http://in.celebrity.yahoo.com/photos/ahana-deol-s-wedding-reception-slideshow/" "Mozilla/5.0 (Windows NT 5.1; rv:27.0) Gecko/20100101 Firefox/27.0" image/jpeg "- -" "staff-uvp,http,cachable,block_finance,virus_scan,antivirus,Mozilla_Firefox,allowed-https,Block_Porn_Keyword,Block_Proxy_Keywords,whitelist,DYNAMIC_LENGTH,slow-site,edu_youtube,imgfilter" "10.0.0.5:8080"
"1391426559.836-5877293-10.0.0.5-8080" 676
192.168.20.186 "megha@192.168.20.186" "5877293" [03/Feb/2014:16:52:40] "GET http://l3.yimg.com:80/bt/api/res/1.2/fl00uw6U41ykA_LSePCN1Q--/YXBwaWQ9eW5ld3M7Zmk9ZmlsbDtoPTU2O3E9Nzk7dz03OA--/http://l.yimg.com/os/publish-images/omg/2014-02-03/1f39d35c-406d-42c0-b051-06a3112e7c83_IMG_2213.jpg" 200 1914 "http://in.celebrity.yahoo.com/photos/ahana-deol-s-wedding-reception-slideshow/" "Mozilla/5.0 (Windows NT 5.1; rv:27.0) Gecko/20100101 Firefox/27.0" image/jpeg "- -" "staff-uvp,http,cachable,block_finance,virus_scan,antivirus,Mozilla_Firefox,allowed-https,Block_Porn_Keyword,Block_Proxy_Keywords,DYNAMIC_LENGTH,slow-site,edu_youtube,imgfilter" "10.0.0.5:8080"
"1391426560.283-5877270-10.0.0.5-8080" 232
192.168.20.186 "megha@192.168.20.186" "5877270" [03/Feb/2014:16:52:40] "GET http://l.yimg.com:80/rz/uh/20/logos/omg_header_orange_glow_blended.png" 200 16619 "http://in.celebrity.yahoo.com/photos/ahana-deol-s-wedding-reception-slideshow/" "Mozilla/5.0 (Windows NT 5.1; rv:27.0) Gecko/20100101 Firefox/27.0" image/png "- -" "staff-uvp,http,cachable,block_finance,virus_scan,antivirus,Mozilla_Firefox,allowed-https,Block_Porn_Keyword,Block_Proxy_Keywords,whitelist,DYNAMIC_LENGTH,slow-site,edu_youtube,imgfilter" "10.0.0.5:8080"
"1391426556.024-5877186-10.0.0.5-8080" 4501
192.168.20.27 "kjm@192.168.20.27" "5877186" [03/Feb/2014:16:52:40] "CONNECT connect://oauth.googleusercontent.com:443/" 200 875 "-" "Mozilla/5.0 (Windows NT 5.1) AppleWebKit/537.36 (KHTML, like Gecko) Chrome/32.0.1700.102 Safari/537.36" - "- -" "staff-uvp,allow-rapidshare,DAPTEST,uncachable,block_finance,allowed-https,Block_Porn_Keyword,Block_Proxy_Keywords" "10.0.0.5:8080"
"1391426549.701-5877044-10.0.0.5-8080" 10824
192.168.20.27 "kjm@192.168.20.27" "5877044" [03/Feb/2014:16:52:40] "CONNECT connect://ssl.gstatic.com:443/" 200 847 "-" "Mozilla/5.0 (Windows NT 5.1) AppleWebKit/537.36 (KHTML, like Gecko) Chrome/32.0.1700.102 Safari/537.36" - "- -" "staff-uvp,allow-rapidshare,DAPTEST,uncachable,block_finance,allowed-https,Block_Porn_Keyword,Block_Proxy_Keywords,staff-limit" "10.0.0.5:8080"
"1391426560.241-5877153-10.0.0.5-8080" 285
192.168.10.254 "bscest@192.168.10.254" "5877153" [03/Feb/2014:16:52:40] "GET http://webapp.torntv.com:80/vidshow.php?data=aHR0cDovL3d3dy50di10b29sYmFyLmNvbS9hc3gvcWF0YXIvYWxfamF6ZWVyYV9xYXRhci5hc3g=" 200 1018 "http://webapp.torntv.com/&" "Mozilla/4.0 (compatible; MSIE 7.0; Windows NT 5.1; .NET CLR 2.0.50727; .NET CLR 3.0.04506.648; .NET CLR 3.5.21022)" text/html "- -" "student-uvp,http,virus_scan,uncachable,antivirus,allowed-https,Block_Porn_Keyword,Block_Proxy_Keywords,student-college-limit,text-filter" "10.0.0.5:8080"
"1391426559.833-5877295-10.0.0.5-8080" 701
192.168.20.186 "megha@192.168.20.186" "5877295" [03/Feb/2014:16:52:40] "GET http://l3.yimg.com:80/bt/api/res/1.2/g8I6t7RIBNYN9zmYVPM6fQ--/YXBwaWQ9eW5ld3M7Zmk9ZmlsbDtoPTY3O3E9Nzk7dz01Ng--/http://l.yimg.com/os/publish-images/omg/2014-02-03/249240e2-cc0a-450a-b00e-647ec80d8dd3_IMG_2222.jpg" 200 1794 "http://in.celebrity.yahoo.com/photos/ahana-deol-s-wedding-reception-slideshow/" "Mozilla/5.0 (Windows NT 5.1; rv:27.0) Gecko/20100101 Firefox/27.0" image/jpeg "- -" "staff-uvp,http,cachable,block_finance,virus_scan,antivirus,Mozilla_Firefox,allowed-https,Block_Porn_Keyword,Block_Proxy_Keywords,DYNAMIC_LENGTH,slow-site,edu_youtube,imgfilter" "10.0.0.5:8080"
"1391426559.833-5877285-10.0.0.5-8080" 718
192.168.20.186 "megha@192.168.20.186" "5877285" [03/Feb/2014:16:52:40] "GET http://l2.yimg.com:80/bt/api/res/1.2/gecqFKZlGqblNdKVMsYELw--/YXBwaWQ9eW5ld3M7Zmk9ZmlsbDtoPTk4O3E9Nzk7dz01Ng--/http://l.yimg.com/os/publish-images/omg/2014-02-03/bb2f6e86-8881-4f5a-a13f-80d88e8bc76c_IMG_9992.jpg" 200 2335 "http://in.celebrity.yahoo.com/photos/ahana-deol-s-wedding-reception-slideshow/" "Mozilla/5.0 (Windows NT 5.1; rv:27.0) Gecko/20100101 Firefox/27.0" image/jpeg "- -" "staff-uvp,http,cachable,block_finance,virus_scan,antivirus,Mozilla_Firefox,allowed-https,Block_Porn_Keyword,Block_Proxy_Keywords,DYNAMIC_LENGTH,slow-site,edu_youtube,imgfilter" "10.0.0.5:8080"
"1391426559.824-5877279-10.0.0.5-8080" 728
192.168.20.186 "megha@192.168.20.186" "5877279" [03/Feb/2014:16:52:40] "GET http://l2.yimg.com:80/bt/api/res/1.2/BMOQEKFywKaZ2drxbmvvrg--/YXBwaWQ9eW5ld3M7Zmk9ZmlsbDtoPTU2O3E9Nzk7dz05OQ--/http://media.zenfs.com/en-IN/video/video.indianinewinds.com/79bd2b491d253ed1051a3324e306a3d2" 200 2032 "http://in.celebrity.yahoo.com/photos/ahana-deol-s-wedding-reception-slideshow/" "Mozilla/5.0 (Windows NT 5.1; rv:27.0) Gecko/20100101 Firefox/27.0" image/jpeg "- -" "staff-uvp,http,cachable,block_finance,virus_scan,antivirus,Mozilla_Firefox,allowed-https,Block_Porn_Keyword,Block_Proxy_Keywords,DYNAMIC_LENGTH,slow-site,edu_youtube,imgfilter" "10.0.0.5:8080"
"1391426559.822-5877277-10.0.0.5-8080" 733
192.168.20.186 "megha@192.168.20.186" "5877277" [03/Feb/2014:16:52:40] "GET http://l1.yimg.com:80/bt/api/res/1.2/1r5AbcbJ3zQL948J8V17Og--/YXBwaWQ9eW5ld3M7Zmk9ZmlsbDtoPTU2O3E9Nzk7dz0xMDA-/http://media.zenfs.com/en-IN/video/video.indialehrein.com/Y03FEBL10.jpg" 200 2827 "http://in.celebrity.yahoo.com/photos/ahana-deol-s-wedding-reception-slideshow/" "Mozilla/5.0 (Windows NT 5.1; rv:27.0) Gecko/20100101 Firefox/27.0" image/jpeg "- -" "staff-uvp,http,cachable,block_finance,virus_scan,antivirus,Mozilla_Firefox,allowed-https,Block_Porn_Keyword,Block_Proxy_Keywords,DYNAMIC_LENGTH,slow-site,edu_youtube,imgfilter" "10.0.0.5:8080"
"1391426559.820-5877273-10.0.0.5-8080" 736
192.168.20.186 "megha@192.168.20.186" "5877273" [03/Feb/2014:16:52:40] "GET http://l3.yimg.com:80/bt/api/res/1.2/G5sAtf7HlaeKYwQDQwfKZA--/YXBwaWQ9eW5ld3M7Zmk9ZmlsbDtoPTU2O3E9Nzk7dz03MA--/http://l.yimg.com/os/publish-images/omg/2014-02-03/906765cb-7eea-4a5e-9d11-7474d81b3d04_IMG_2074.jpg" 200 1827 "http://in.celebrity.yahoo.com/photos/ahana-deol-s-wedding-reception-slideshow/" "Mozilla/5.0 (Windows NT 5.1; rv:27.0) Gecko/20100101 Firefox/27.0" image/jpeg "- -" "staff-uvp,http,cachable,block_finance,virus_scan,antivirus,Mozilla_Firefox,allowed-https,Block_Porn_Keyword,Block_Proxy_Keywords,DYNAMIC_LENGTH,slow-site,edu_youtube,imgfilter" "10.0.0.5:8080"
"1391426559.826-5877271-10.0.0.5-8080" 734
192.168.20.186 "megha@192.168.20.186" "5877271" [03/Feb/2014:16:52:40] "GET http://l2.yimg.com:80/bt/api/res/1.2/qzIcb3r_o2NM8rU7v2cfWQ--/YXBwaWQ9eW5ld3M7Zmk9ZmlsbDtoPTExNztxPTc5O3c9NTY-/http://l.yimg.com/os/publish-images/omg/2014-02-03/7121b6e7-aeb7-4fd6-9aab-9ae84012b2fa_IMG_9907.jpg" 200 2411 "http://in.celebrity.yahoo.com/photos/ahana-deol-s-wedding-reception-slideshow/" "Mozilla/5.0 (Windows NT 5.1; rv:27.0) Gecko/20100101 Firefox/27.0" image/jpeg "- -" "staff-uvp,http,cachable,block_finance,virus_scan,antivirus,Mozilla_Firefox,allowed-https,Block_Porn_Keyword,Block_Proxy_Keywords,DYNAMIC_LENGTH,slow-site,edu_youtube,imgfilter" "10.0.0.5:8080"
"1391426559.836-5877298-10.0.0.5-8080" 734
192.168.20.186 "megha@192.168.20.186" "5877298" [03/Feb/2014:16:52:40] "GET http://l2.yimg.com:80/bt/api/res/1.2/_4PgZx2qvrV6mA5_7IcwPw--/YXBwaWQ9eW5ld3M7Zmk9ZmlsbDtoPTk2O3E9Nzk7dz01Ng--/http://l.yimg.com/os/publish-images/omg/2014-02-03/3bf2634e-c778-4892-8e01-bf49a2a1bf62_IMG_9543.jpg" 200 3138 "http://in.celebrity.yahoo.com/photos/ahana-deol-s-wedding-reception-slideshow/" "Mozilla/5.0 (Windows NT 5.1; rv:27.0) Gecko/20100101 Firefox/27.0" image/jpeg "- -" "staff-uvp,http,cachable,block_finance,virus_scan,antivirus,Mozilla_Firefox,allowed-https,Block_Porn_Keyword,Block_Proxy_Keywords,DYNAMIC_LENGTH,slow-site,edu_youtube,imgfilter" "10.0.0.5:8080"
"1391426559.826-5877280-10.0.0.5-8080" 775
192.168.20.186 "megha@192.168.20.186" "5877280" [03/Feb/2014:16:52:40] "GET http://l3.yimg.com:80/bt/api/res/1.2/3mpMBKgckgC9eWAmYNQopw--/YXBwaWQ9eW5ld3M7Zmk9ZmlsbDtoPTExMjtxPTc5O3c9NTY-/http://l.yimg.com/os/publish-images/omg/2014-02-03/441213e6-90fd-41ec-b62c-12fb81d7a5c5_DSC_8438.jpg" 200 2337 "http://in.celebrity.yahoo.com/photos/ahana-deol-s-wedding-reception-slideshow/" "Mozilla/5.0 (Windows NT 5.1; rv:27.0) Gecko/20100101 Firefox/27.0" image/jpeg "- -" "staff-uvp,http,cachable,block_finance,virus_scan,antivirus,Mozilla_Firefox,allowed-https,Block_Porn_Keyword,Block_Proxy_Keywords,DYNAMIC_LENGTH,slow-site,edu_youtube,imgfilter" "10.0.0.5:8080"
"1391426559.842-5877286-10.0.0.5-8080" 761
192.168.20.186 "megha@192.168.20.186" "5877286" [03/Feb/2014:16:52:40] "GET http://l1.yimg.com:80/bt/api/res/1.2/2s3lLMUGSKiRRLZhqEzMkg--/YXBwaWQ9eW5ld3M7Zmk9ZmlsbDtoPTkxO3E9Nzk7dz01Ng--/http://l.yimg.com/os/publish-images/omg/2014-02-03/76cb7d61-c030-4d61-8cff-dd084bf6ff72_IMG_2185.jpg" 200 2604 "http://in.celebrity.yahoo.com/photos/ahana-deol-s-wedding-reception-slideshow/" "Mozilla/5.0 (Windows NT 5.1; rv:27.0) Gecko/20100101 Firefox/27.0" image/jpeg "- -" "staff-uvp,http,cachable,block_finance,virus_scan,antivirus,Mozilla_Firefox,allowed-https,Block_Porn_Keyword,Block_Proxy_Keywords,DYNAMIC_LENGTH,slow-site,edu_youtube,imgfilter" "10.0.0.5:8080"
"1391426559.840-5877299-10.0.0.5-8080" 765
192.168.20.186 "megha@192.168.20.186" "5877299" [03/Feb/2014:16:52:40] "GET http://l3.yimg.com:80/bt/api/res/1.2/QyglnHUj8M_WKyjY.Jyj_Q--/YXBwaWQ9eW5ld3M7Zmk9ZmlsbDtoPTk4O3E9Nzk7dz01Ng--/http://l.yimg.com/os/publish-images/omg/2014-02-03/8a84e4be-b53f-4362-9d55-1054cf59217f_IMG_2255.jpg" 200 2028 "http://in.celebrity.yahoo.com/photos/ahana-deol-s-wedding-reception-slideshow/" "Mozilla/5.0 (Windows NT 5.1; rv:27.0) Gecko/20100101 Firefox/27.0" image/jpeg "- -" "staff-uvp,http,cachable,block_finance,virus_scan,antivirus,Mozilla_Firefox,allowed-https,Block_Porn_Keyword,Block_Proxy_Keywords,DYNAMIC_LENGTH,slow-site,edu_youtube,imgfilter" "10.0.0.5:8080"
"1391426560.123-5877290-10.0.0.5-8080" 516
192.168.20.186 "megha@192.168.20.186" "5877290" [03/Feb/2014:16:52:40] "GET http://l3.yimg.com:80/bt/api/res/1.2/vsV2KRJ42InHMpeKMsJpfQ--/YXBwaWQ9eW5ld3M7Zmk9ZmlsbDtoPTEyMDtxPTc5O3c9NTY-/http://l.yimg.com/os/publish-images/omg/2014-02-03/a95e45ed-4d4c-45de-ba13-c855ceabd2cf_IMG_2270.jpg" 200 2353 "http://in.celebrity.yahoo.com/photos/ahana-deol-s-wedding-reception-slideshow/" "Mozilla/5.0 (Windows NT 5.1; rv:27.0) Gecko/20100101 Firefox/27.0" image/jpeg "- -" "staff-uvp,http,cachable,block_finance,virus_scan,antivirus,Mozilla_Firefox,allowed-https,Block_Porn_Keyword,Block_Proxy_Keywords,DYNAMIC_LENGTH,slow-site,edu_youtube,imgfilter" "10.0.0.5:8080"
"1391425272.050-5745951-10.0.0.5-8080" 1288629
192.168.31.204 "dpatel@192.168.31.204" "5745951" [03/Feb/2014:16:52:40] "CONNECT connect://clients4.google.com:443/" 200 390537 "-" "Chrome WIN 32.0.1700.102 (246481) channel(stable)" - "- -" "staff-mba,allow_face,uncachable,main-sites,allowed-https,slow-site" "10.0.0.5:8080"
"1391425562.190-5783353-10.0.0.5-8080" 998490
192.168.31.204 "dpatel@192.168.31.204" "5783353" [03/Feb/2014:16:52:40] "CONNECT connect://translate.googleapis.com:443/" 200 103306 "-" "Mozilla/5.0 (Windows NT 6.1) AppleWebKit/537.36 (KHTML, like Gecko) Chrome/32.0.1700.102 Safari/537.36" - "- -" "staff-mba,allow_face,uncachable,allowed-https,Block_Porn_Keyword,Block_Proxy_Keywords,staff-limit" "10.0.0.5:8080"
"1391426512.095-5875774-10.0.0.5-8080" 48585
192.168.31.204 "dpatel@192.168.31.204" "5875774" [03/Feb/2014:16:52:40] "CONNECT connect://clients1.google.com:443/" 200 3037 "-" "Mozilla/5.0 (Windows NT 6.1) AppleWebKit/537.36 (KHTML, like Gecko) Chrome/32.0.1700.102 Safari/537.36" - "- -" "staff-mba,allow_face,uncachable,main-sites,allowed-https,slow-site" "10.0.0.5:8080"
"1391426559.304-5877267-10.0.0.5-8080" 1402
192.168.10.52 "nrpbs@192.168.10.52" "5877267" [03/Feb/2014:16:52:40] "CONNECT connect://sites.google.com:443/" 200 2055 "-" "Mozilla/4.0 (compatible; MSIE 7.0; Windows NT 5.1; InfoPath.2; .NET CLR 2.0.50727; .NET CLR 3.0.04506.30; .NET CLR 3.0.04506.648; .NET CLR 3.5.21022)" - "- -" "staff-bspp,uncachable,block_finance,main-sites,allowed-https,slow-site" "10.0.0.5:8080"
"1391426560.316-5877283-10.0.0.5-8080" 391
192.168.20.186 "megha@192.168.20.186" "5877283" [03/Feb/2014:16:52:40] "GET http://l.yimg.com:80/bt/api/res/1.2/202N3CC4m.fPGiXsDeuClg--/YXBwaWQ9eW5ld3M7Zmk9ZmlsbDtoPTQ3MDtweW9mZj0wO3E9NzU7dz00NzA-/http://l.yimg.com/os/publish-images/omg/2014-02-03/369572d8-db5f-4c22-9464-209347202703_IMG_9893.jpg" 200 41391 "http://in.celebrity.yahoo.com/photos/ahana-deol-s-wedding-reception-slideshow/" "Mozilla/5.0 (Windows NT 5.1; rv:27.0) Gecko/20100101 Firefox/27.0" image/jpeg "- -" "staff-uvp,http,cachable,block_finance,virus_scan,antivirus,Mozilla_Firefox,allowed-https,Block_Porn_Keyword,Block_Proxy_Keywords,whitelist,DYNAMIC_LENGTH,slow-site,edu_youtube,imgfilter" "10.0.0.5:8080"
"1391426560.256-5877292-10.0.0.5-8080" 512
192.168.20.186 "megha@192.168.20.186" "5877292" [03/Feb/2014:16:52:40] "GET http://l2.yimg.com:80/bt/api/res/1.2/HPjOc_0aK9W03PvHv7gOHQ--/YXBwaWQ9eW5ld3M7Zmk9ZmlsbDtoPTU2O3E9Nzk7dz03Nw--/http://l.yimg.com/os/publish-images/omg/2014-02-03/6ae29814-171d-470f-87fa-4d2f0de100e4_IMG_9700.jpg" 200 1911 "http://in.celebrity.yahoo.com/photos/ahana-deol-s-wedding-reception-slideshow/" "Mozilla/5.0 (Windows NT 5.1; rv:27.0) Gecko/20100101 Firefox/27.0" image/jpeg "- -" "staff-uvp,http,cachable,block_finance,virus_scan,antivirus,Mozilla_Firefox,allowed-https,Block_Porn_Keyword,Block_Proxy_Keywords,DYNAMIC_LENGTH,slow-site,edu_youtube,imgfilter" "10.0.0.5:8080"
"1391426560.823-5877315-10.0.0.5-8080" 4
192.168.50.99 "-" "5877315" [03/Feb/2014:16:52:40] "GET http://dl2.htc.com:80/download/pcs/Release1/HTCSync.xml" 407 0 "-" "htcUPCTLoader" - "access-restrictions Proxy Authentication Required" "http,cachable,allowed-https,Block_Porn_Keyword,Block_Proxy_Keywords,DYNAMIC_LENGTH" "10.0.0.5:8080"
"1391426560.555-5877279-10.0.0.5-8080" 275
192.168.20.186 "megha@192.168.20.186" "5877279" [03/Feb/2014:16:52:40] "GET http://l1.yimg.com:80/bt/api/res/1.2/0Ch5loXjh.9VMz4_lBx9jQ--/YXBwaWQ9eW5ld3M7aD0wO3E9NzU7dz0yODU-/http://l.yimg.com/os/publish-images/omg/2014-02-03/6425f0ca-c127-4948-9f47-301d2e0c0b1c_BfMo0dpCYAApZ7J.jpg" 200 7339 "http://in.celebrity.yahoo.com/photos/ahana-deol-s-wedding-reception-slideshow/" "Mozilla/5.0 (Windows NT 5.1; rv:27.0) Gecko/20100101 Firefox/27.0" image/jpeg "- -" "staff-uvp,http,cachable,block_finance,virus_scan,antivirus,Mozilla_Firefox,allowed-https,Block_Porn_Keyword,Block_Proxy_Keywords,DYNAMIC_LENGTH,slow-site,edu_youtube,imgfilter" "10.0.0.5:8080"
"1391426559.749-5876402-10.0.0.5-8080" 1145
192.168.71.242 "pb115bsskh1-14@192.168.71.242" "5876402" [03/Feb/2014:16:52:40] "GET http://sagames.org:80/forum/posts/index.php?q=uggcf%3A%2F%2Fzonfvp.snprobbx.pbz%2Ferzbirsevraq.cuc%3Fsevraq_vq%3D100004224693191%26erzbirq%26_eqe" 200 11754 "http://sagames.org/forum/posts/index.php?q=uggcf%3A%2F%2Fzonfvp.snprobbx.pbz%2Ferzbirsevraq.cuc%3Fsevraq_vq%3D100004224693191%26nzc%3Bhaers%3Dcebsvyr_trne%26nzc%3Bersvq%3D17" "Mozilla/5.0 (Windows NT 6.1) AppleWebKit/537.36 (KHTML, like Gecko) Chrome/32.0.1700.102 Safari/537.36" text/html "- -" "student-hostel,http,uncachable,allowed-https,Block_Porn_Keyword,Block_Proxy_Keywords,student-hostel-limit,text-filter" "10.0.0.5:8080"
"1391426100.051-5851163-10.0.0.5-8080" 460866
192.168.10.35 "cad@192.168.10.35" "5851163" [03/Feb/2014:16:52:40] "CONNECT connect://docs.google.com:443/" 200 4494820 "-" "Mozilla/5.0 (Windows NT 5.1) AppleWebKit/537.36 (KHTML, like Gecko) Chrome/34.0.1788.0 Safari/537.36" - "- -" "staff-bspp,uncachable,block_finance,main-sites,allowed-https,slow-site" "10.0.0.5:8080"
"1391426560.642-5877290-10.0.0.5-8080" 321
192.168.20.186 "megha@192.168.20.186" "5877290" [03/Feb/2014:16:52:40] "GET http://l1.yimg.com:80/bt/api/res/1.2/R5zgZV4z.dwMmCRm8G04JQ--/YXBwaWQ9eW5ld3M7aD0wO3E9NzU7dz0yODU-/http://media.zenfs.com/en-IN/video/video.indianewzsteet.com/retireveena.jpg" 200 11658 "http://in.celebrity.yahoo.com/photos/ahana-deol-s-wedding-reception-slideshow/" "Mozilla/5.0 (Windows NT 5.1; rv:27.0) Gecko/20100101 Firefox/27.0" image/jpeg "- -" "staff-uvp,http,cachable,block_finance,virus_scan,antivirus,Mozilla_Firefox,allowed-https,Block_Porn_Keyword,Block_Proxy_Keywords,DYNAMIC_LENGTH,slow-site,edu_youtube,imgfilter" "10.0.0.5:8080"
"1391426559.705-5876787-10.0.0.5-8080" 1266
192.168.71.117 "pb114uvgjc1-16@192.168.71.117" "5876787" [03/Feb/2014:16:52:40] "GET http://r5---sn-cvh7zn7z.googlevideo.com:80/videoplayback?algorithm=throttle-factor&burst=40&clen=12870393&cpn=GuKHNwo8egBiOMmf&dur=810.329&expire=1391448627&factor=1.25&fexp=935641%2C907720%2C922230%2C932292%2C914020%2C916624%2C936910%2C936913&fr=yes&gir=yes&id=4e3907932404dce4&ip=8.35.201.53&ipbits=0&itag=140&keepalive=yes&key=yt5&lmt=1385696504318111&range=0-241663&ratebypass=yes&signature=9D96AF267E47DDC2FB2BC1B765F23E0E0C152EE4.47CE9E545D51BC89B1C0C27062F5B27E661EF744&source=youtube&sparams=algorithm%2Cburst%2Cclen%2Cdur%2Cfactor%2Cgir%2Cid%2Cip%2Cipbits%2Citag%2Clmt%2Csource%2Cupn%2Cexpire&sver=3&upn=r4fR8tAqRLo&redirect_counter=1&cms_redirect=yes&ms=nxu&mt=1391426541&mv=m" 200 241664 "http://s.ytimg.com/yts/swfbin/player-vflofvnpV/watch_as3.swf" "Mozilla/5.0 (Windows NT 6.1; rv:26.0) Gecko/20100101 Firefox/26.0" application/octet-stream "- -" "student-hostel,http,uncachable,Mozilla_Firefox,allowed-https,Block_Porn_Keyword,Block_Proxy_Keywords,student-hostel-limit,allow-social" "10.0.0.5:8080"
"1391426559.990-5877249-10.0.0.5-8080" 981
192.168.20.186 "megha@192.168.20.186" "5877249" [03/Feb/2014:16:52:40] "GET http://l.yimg.com:80/zz/combo?/d/lib/yui/2.8.0r4/build/yahoo/yahoo-min.js&/d/lib/yui/2.8.0r4/build/dom/dom-min.js&/d/lib/yui/2.8.0r4/build/event/event-min.js&yui:3.9.1/build/oop/oop-min.js&yui:3.9.1/build/event-custom-base/event-custom-base-min.js&yui:3.9.1/build/dom-core/dom-core-min.js&yui:3.9.1/build/dom-base/dom-base-min.js&yui:3.9.1/build/selector-native/selector-native-min.js&yui:3.9.1/build/selector/selector-min.js&yui:3.9.1/build/node-core/node-core-min.js&yui:3.9.1/build/node-base/node-base-min.js&yui:3.9.1/build/event-base/event-base-min.js&yui:3.9.1/build/dom-style/dom-style-min.js&yui:3.9.1/build/node-style/node-style-min.js&yui:3.9.1/build/dom-screen/dom-screen-min.js&yui:3.9.1/build/node-screen/node-screen-min.js&yui:3.9.1/build/event-custom-complex/event-custom-complex-min.js&yui:3.9.1/build/querystring-stringify-simple/querystring-stringify-simple-min.js&yui:3.9.1/build/event-delegate/event-delegate-min.js&yui:3.9.1/build/node-event-delegate/node-event-delegate-min.js&yui:3.9.1/build/pluginhost-base/pluginhost-base-min.js&yui:3.9.1/build/pluginhost-config/pluginhost-config-min.js&yui:3.9.1/build/node-pluginhost/node-pluginhost-min.js&yui:3.9.1/build/io-base/io-base-min.js&yui:3.9.1/build/async-queue/async-queue-min.js&yui:3.9.1/build/dom-deprecated/dom-deprecated-min.js&yui:3.9.1/build/node-deprecated/node-deprecated-min.js&yui:3.9.1/build/substitute/substitute-min.js&/os/mit/media/m/base/imageloader-min-1567515.js&/os/mit/media/m/base/imageloader-bootstrap-min-815727.js&yui:3.9.1/build/attribute-core/attribute-core-min.js&yui:3.9.1/build/attribute-observable/attribute-observable-min.js&yui:3.9.1/build/attribute-extras/attribute-extras-min.js&yui:3.9.1/build/attribute-base/attribute-base-min.js&yui:3.9.1/build/base-core/base-core-min.js&yui:3.9.1/build/base-observable/base-observable-min.js&yui:3.9.1/build/base-base/base-base-min.js&/os/mit/media/p/common/af-beacon-min-1527288.js&yui:3.9.1/build/json-stringify/json-stringify-min.js" 200 44904 "http://in.celebrity.yahoo.com/photos/ahana-deol-s-wedding-reception-slideshow/" "Mozilla/5.0 (Windows NT 5.1; rv:27.0) Gecko/20100101 Firefox/27.0" application/javascript "- -" "staff-uvp,http,block_finance,virus_scan,uncachable,antivirus,Mozilla_Firefox,allowed-https,Block_Porn_Keyword,Block_Proxy_Keywords,whitelist,slow-site,edu_youtube" "10.0.0.5:8080"
"1391426554.577-5877168-10.0.0.5-8080" 6410
192.168.11.67 "akrsb2@192.168.11.67" "5877168" [03/Feb/2014:16:52:40] "CONNECT connect://ci3.googleusercontent.com:443/" 200 869 "-" "Mozilla/5.0 (Windows NT 6.1) AppleWebKit/537.36 (KHTML, like Gecko) Chrome/30.0.1599.101 Safari/537.36" - "- -" "staff-bspp,uncachable,block_finance,allowed-https,Block_Porn_Keyword,Block_Proxy_Keywords" "10.0.0.5:8080"
"1391426561.013-5870052-10.0.0.5-8080" 6
192.168.71.242 "pb115bsskh1-14@192.168.71.242" "5870052" [03/Feb/2014:16:52:41] "GET http://pagead2.googlesyndication.com:80/pagead/show_ads.js" 200 533 "http://sagames.org/forum/posts/index.php?q=uggcf%3A%2F%2Fzonfvp.snprobbx.pbz%2Ferzbirsevraq.cuc%3Fsevraq_vq%3D100004224693191%26erzbirq%26_eqe" "Mozilla/5.0 (Windows NT 6.1) AppleWebKit/537.36 (KHTML, like Gecko) Chrome/32.0.1700.102 Safari/537.36" text/html "- -" "student-hostel,http,cachable,virus_scan,antivirus,banners,allowed-https,Block_Porn_Keyword,Block_Proxy_Keywords,student-hostel-limit,DYNAMIC_LENGTH" "10.0.0.5:8080"
"1391426560.709-5877283-10.0.0.5-8080" 311
192.168.20.186 "megha@192.168.20.186" "5877283" [03/Feb/2014:16:52:41] "GET http://l.yimg.com:80/bt/api/res/1.2/RzcWneplzmERDvexvotz6Q--/YXBwaWQ9eW5ld3M7aD0wO3E9NzU7dz0yODU-/http://l.yimg.com/os/publish-images/omg/2014-01-29/09f620f1-302c-4329-a744-0f2ebe1a398e_VEERA_325_12.jpg" 200 8693 "http://in.celebrity.yahoo.com/photos/ahana-deol-s-wedding-reception-slideshow/" "Mozilla/5.0 (Windows NT 5.1; rv:27.0) Gecko/20100101 Firefox/27.0" image/jpeg "- -" "staff-uvp,http,cachable,block_finance,virus_scan,antivirus,Mozilla_Firefox,allowed-https,Block_Porn_Keyword,Block_Proxy_Keywords,whitelist,DYNAMIC_LENGTH,slow-site,edu_youtube,imgfilter" "10.0.0.5:8080"
"1391426559.868-5848230-10.0.0.5-8080" 1205
192.168.80.87 "hppbs@192.168.80.87" "5848230" [03/Feb/2014:16:52:41] "GET http://dnl-14.geo.kaspersky.com:80/diffs/bases/wmuf/wmuf0038.dat.lwf" 200 34411 "-" "*B4YBAAAA8bBAA4YBAAgDp-1GiYGfyIfeVRL4JF2O4W1k6dEAdLgAAAAAMAA=" application/octet-stream "- -" "staff-bspp,http,cachable,block_finance,virus_scan,antivirus,allowed-https,Block_Porn_Keyword,Block_Proxy_Keywords,staff-limit,store10k,LENGTH_SPECIFIED" "10.0.0.5:8080"
"1391426560.557-5877277-10.0.0.5-8080" 535
192.168.20.186 "megha@192.168.20.186" "5877277" [03/Feb/2014:16:52:41] "GET http://l3.yimg.com:80/bt/api/res/1.2/RHZWE28di7thHwVMeqvJoA--/YXBwaWQ9eW5ld3M7aD0wO3E9NzU7dz0yODU-/http://l.yimg.com/os/publish-images/omg/2014-02-03/369572d8-db5f-4c22-9464-209347202703_IMG_9893.jpg" 200 29478 "http://in.celebrity.yahoo.com/photos/ahana-deol-s-wedding-reception-slideshow/" "Mozilla/5.0 (Windows NT 5.1; rv:27.0) Gecko/20100101 Firefox/27.0" image/jpeg "- -" "staff-uvp,http,cachable,block_finance,virus_scan,antivirus,Mozilla_Firefox,allowed-https,Block_Porn_Keyword,Block_Proxy_Keywords,DYNAMIC_LENGTH,slow-site,edu_youtube,imgfilter" "10.0.0.5:8080"
"1391426561.088-5877323-10.0.0.5-8080" 18
192.168.50.102 "-" "5877323" [03/Feb/2014:16:52:41] "GET http://ipv6.msftncsi.com:80/ncsi.txt" 407 0 "-" "Microsoft NCSI" - "access-restrictions Proxy Authentication Required" "http,cachable,allowed-https,Block_Porn_Keyword,Block_Proxy_Keywords,DYNAMIC_LENGTH" "10.0.0.5:8080"
"1391426561.088-5877322-10.0.0.5-8080" 19
192.168.50.102 "-" "5877322" [03/Feb/2014:16:52:41] "GET http://www.msftncsi.com:80/ncsi.txt" 407 0 "-" "Microsoft NCSI" - "access-restrictions Proxy Authentication Required" "http,cachable,allowed-https,Block_Porn_Keyword,Block_Proxy_Keywords,DYNAMIC_LENGTH" "10.0.0.5:8080"
"1391426561.116-5877324-10.0.0.5-8080" 5
192.168.11.88 "-" "5877324" [03/Feb/2014:16:52:41] "POST http://tools.google.com:80/service/update2" 407 0 "-" "Google Update/1.3.21.153;winhttp" - "access-restrictions Proxy Authentication Required" "http,cachable,main-sites,allowed-https,DYNAMIC_LENGTH,slow-site" "10.0.0.5:8080"
"1391426561.128-5877326-10.0.0.5-8080" 5
192.168.15.156 "-" "5877326" [03/Feb/2014:16:52:41] "CONNECT connect://ent-shasta-rrs.symantec.com:443/" 407 0 "-" "-" - "access-restrictions Proxy Authentication Required" "uncachable,trusted,business-application,allowed-https,Block_Porn_Keyword,Block_Proxy_Keywords" "10.0.0.5:8080"
"1391426561.127-5877325-10.0.0.5-8080" 8
192.168.20.161 "tvb@192.168.20.161" "5877325" [03/Feb/2014:16:52:41] "CONNECT connect://ad.doubleclick.net:443/" 200 533 "-" "Mozilla/5.0 (Windows NT 6.1) AppleWebKit/537.36 (KHTML, like Gecko) Chrome/32.0.1700.102 Safari/537.36" text/html "- -" "staff-uvp,allow-rapidshare,DAPTEST,uncachable,block_finance,ad_servers,allowed-https,Block_Porn_Keyword,Block_Proxy_Keywords,staff-limit,ads,blocked" "10.0.0.5:8080"
"1391426561.141-5877327-10.0.0.5-8080" 5
192.168.20.161 "tvb@192.168.20.161" "5877327" [03/Feb/2014:16:52:41] "CONNECT connect://ad.doubleclick.net:443/" 200 533 "-" "Mozilla/5.0 (Windows NT 6.1) AppleWebKit/537.36 (KHTML, like Gecko) Chrome/32.0.1700.102 Safari/537.36" text/html "- -" "staff-uvp,allow-rapidshare,DAPTEST,uncachable,block_finance,ad_servers,allowed-https,Block_Porn_Keyword,Block_Proxy_Keywords,staff-limit,ads,blocked" "10.0.0.5:8080"
"1391426561.151-5877328-10.0.0.5-8080" 2
192.168.20.161 "tvb@192.168.20.161" "5877328" [03/Feb/2014:16:52:41] "CONNECT connect://ad.doubleclick.net:443/" 200 533 "-" "Mozilla/5.0 (Windows NT 6.1) AppleWebKit/537.36 (KHTML, like Gecko) Chrome/32.0.1700.102 Safari/537.36" text/html "- -" "staff-uvp,allow-rapidshare,DAPTEST,uncachable,block_finance,ad_servers,allowed-https,Block_Porn_Keyword,Block_Proxy_Keywords,staff-limit,ads,blocked" "10.0.0.5:8080"
"1391426561.160-5877329-10.0.0.5-8080" 5
192.168.20.161 "tvb@192.168.20.161" "5877329" [03/Feb/2014:16:52:41] "CONNECT connect://ad.doubleclick.net:443/" 200 533 "-" "Mozilla/5.0 (Windows NT 6.1) AppleWebKit/537.36 (KHTML, like Gecko) Chrome/32.0.1700.102 Safari/537.36" text/html "- -" "staff-uvp,allow-rapidshare,DAPTEST,uncachable,block_finance,ad_servers,allowed-https,Block_Porn_Keyword,Block_Proxy_Keywords,staff-limit,ads,blocked" "10.0.0.5:8080"
"1391426561.197-5877330-10.0.0.5-8080" 4
192.168.15.156 "-" "5877330" [03/Feb/2014:16:52:41] "CONNECT connect://ent-shasta-rrs.symantec.com:443/" 407 0 "-" "-" - "access-restrictions Proxy Authentication Required" "uncachable,trusted,business-application,allowed-https,Block_Porn_Keyword,Block_Proxy_Keywords" "10.0.0.5:8080"
"1391426560.965-5877290-10.0.0.5-8080" 248
192.168.20.186 "megha@192.168.20.186" "5877290" [03/Feb/2014:16:52:41] "GET http://l2.yimg.com:80/bt/api/res/1.2/.3qQX1lssBXKkhgg6w5xDg--/YXBwaWQ9eW5ld3M7aD0wO3E9NzU7dz0yODU-/http://l.yimg.com/os/publish-images/omg/2014-01-27/c604fe69-04ec-4db4-970e-9c06587709b0_16.jpg" 200 12476 "http://in.celebrity.yahoo.com/photos/ahana-deol-s-wedding-reception-slideshow/" "Mozilla/5.0 (Windows NT 5.1; rv:27.0) Gecko/20100101 Firefox/27.0" image/jpeg "- -" "staff-uvp,http,cachable,block_finance,virus_scan,antivirus,Mozilla_Firefox,allowed-https,Block_Porn_Keyword,Block_Proxy_Keywords,DYNAMIC_LENGTH,slow-site,edu_youtube,imgfilter" "10.0.0.5:8080"
"1391426561.271-5877331-10.0.0.5-8080" 7
192.168.15.156 "-" "5877331" [03/Feb/2014:16:52:41] "CONNECT connect://ent-shasta-rrs.symantec.com:443/" 407 0 "-" "-" - "access-restrictions Proxy Authentication Required" "uncachable,trusted,business-application,allowed-https,Block_Porn_Keyword,Block_Proxy_Keywords" "10.0.0.5:8080"
"1391426560.770-5877292-10.0.0.5-8080" 557
192.168.20.186 "megha@192.168.20.186" "5877292" [03/Feb/2014:16:52:41] "GET http://l3.yimg.com:80/bt/api/res/1.2/aNcAAq0_Y6yajh0KyCDeow--/YXBwaWQ9eW5ld3M7aD0wO3E9NzU7dz0yODU-/http://l.yimg.com/os/publish-images/omg/2014-01-29/70a366e7-9b1c-4be0-a9b5-a083f34b2c60_DSC_2178.jpg" 200 32380 "http://in.celebrity.yahoo.com/photos/ahana-deol-s-wedding-reception-slideshow/" "Mozilla/5.0 (Windows NT 5.1; rv:27.0) Gecko/20100101 Firefox/27.0" image/jpeg "- -" "staff-uvp,http,cachable,block_finance,virus_scan,antivirus,Mozilla_Firefox,allowed-https,Block_Porn_Keyword,Block_Proxy_Keywords,DYNAMIC_LENGTH,slow-site,edu_youtube,imgfilter" "10.0.0.5:8080"
"1391426561.326-5873176-10.0.0.5-8080" 6
192.168.71.242 "pb115bsskh1-14@192.168.71.242" "5873176" [03/Feb/2014:16:52:41] "GET http://ad.wingads.com:80/show/css/wing.bar.css" 200 533 "http://sagames.org/forum/posts/index.php?q=uggcf%3A%2F%2Fzonfvp.snprobbx.pbz%2Ferzbirsevraq.cuc%3Fsevraq_vq%3D100004224693191%26erzbirq%26_eqe" "Mozilla/5.0 (Windows NT 6.1) AppleWebKit/537.36 (KHTML, like Gecko) Chrome/32.0.1700.102 Safari/537.36" text/html "- -" "student-hostel,http,cachable,virus_scan,antivirus,ad_servers,allowed-https,Block_Porn_Keyword,Block_Proxy_Keywords,student-hostel-limit,DYNAMIC_LENGTH" "10.0.0.5:8080"
"1391426561.022-5877283-10.0.0.5-8080" 318
192.168.20.186 "megha@192.168.20.186" "5877283" [03/Feb/2014:16:52:41] "GET http://l1.yimg.com:80/bt/api/res/1.2/qY.dxJQbDp8NlZ9777XQIA--/YXBwaWQ9eW5ld3M7aD0wO3E9NzU7dz0yODU-/http://l.yimg.com/os/publish-images/music/2014-01-27/d0e64d42-88f6-4e4c-828e-b24635156421_465278329.jpg" 200 12518 "http://in.celebrity.yahoo.com/photos/ahana-deol-s-wedding-reception-slideshow/" "Mozilla/5.0 (Windows NT 5.1; rv:27.0) Gecko/20100101 Firefox/27.0" image/jpeg "- -" "staff-uvp,http,cachable,block_finance,virus_scan,antivirus,Mozilla_Firefox,allowed-https,Block_Porn_Keyword,Block_Proxy_Keywords,DYNAMIC_LENGTH,slow-site,edu_youtube,imgfilter" "10.0.0.5:8080"
"1391426561.333-5870089-10.0.0.5-8080" 26
192.168.71.242 "pb115bsskh1-14@192.168.71.242" "5870089" [03/Feb/2014:16:52:41] "GET http://platform.twitter.com:80/widgets/tweet_button.html?url=http://sagames.org/forum/posts/index.php?q=uggcf%3A%2F%2Fzonfvp.snprobbx.pbz%2Ferzbirsevraq.cuc%3Fsevraq_vq%3D100004224693191%26erzbirq%26_eqe&via=xtapit&text=" 403 2232 "http://sagames.org/forum/posts/index.php?q=uggcf%3A%2F%2Fzonfvp.snprobbx.pbz%2Ferzbirsevraq.cuc%3Fsevraq_vq%3D100004224693191%26erzbirq%26_eqe" "Mozilla/5.0 (Windows NT 6.1) AppleWebKit/537.36 (KHTML, like Gecko) Chrome/32.0.1700.102 Safari/537.36" text/html "urlbl dating" "student-hostel,http,virus_scan,uncachable,antivirus,allowed-https,Block_Porn_Keyword,Block_Proxy_Keywords,student-hostel-limit" "10.0.0.5:8080"
"1391426561.333-5870088-10.0.0.5-8080" 28
192.168.71.242 "pb115bsskh1-14@192.168.71.242" "5870088" [03/Feb/2014:16:52:41] "GET http://www.facebook.com:80/plugins/like.php?href=http%3A%2F%2Fsagames.org%2Fforum%2Fposts%2Findex.php%3Fq%3Duggcf%253A%252F%252Fzonfvp.snprobbx.pbz%252Ferzbirsevraq.cuc%253Fsevraq_vq%253D100004224693191%2526erzbirq%2526_eqe&send=false&layout=button_count&width=110&show_faces=false&font&colorscheme=light&action=like&height=21" 403 2333 "http://sagames.org/forum/posts/index.php?q=uggcf%3A%2F%2Fzonfvp.snprobbx.pbz%2Ferzbirsevraq.cuc%3Fsevraq_vq%3D100004224693191%26erzbirq%26_eqe" "Mozilla/5.0 (Windows NT 6.1) AppleWebKit/537.36 (KHTML, like Gecko) Chrome/32.0.1700.102 Safari/537.36" text/html "url-filter -" "student-hostel,http,block_orkut,virus_scan,uncachable,antivirus,allowed-https,Block_Porn_Keyword,Block_Proxy_Keywords,student-hostel-limit" "10.0.0.5:8080"
"1391426560.476-5877311-10.0.0.5-8080" 900
192.168.10.52 "nrpbs@192.168.10.52" "5877311" [03/Feb/2014:16:52:41] "GET http://i.creativecommons.org:80/l/by-nc-nd/3.0/88x31.png" 200 5281 "http://www.marugujarat.in/" "Mozilla/4.0 (compatible; MSIE 7.0; Windows NT 5.1; InfoPath.2; .NET CLR 2.0.50727; .NET CLR 3.0.04506.30; .NET CLR 3.0.04506.648; .NET CLR 3.5.21022)" image/png "- -" "staff-bspp,http,cachable,block_finance,allowed-https,Block_Porn_Keyword,Block_Proxy_Keywords,staff-limit,DYNAMIC_LENGTH,imgfilter" "10.0.0.5:8080"
"1391426561.373-5873176-10.0.0.5-8080" 6
192.168.71.242 "pb115bsskh1-14@192.168.71.242" "5873176" [03/Feb/2014:16:52:41] "GET http://ad.wingads.com:80/show/?id=1177&size=300x250" 200 533 "http://sagames.org/forum/posts/index.php?q=uggcf%3A%2F%2Fzonfvp.snprobbx.pbz%2Ferzbirsevraq.cuc%3Fsevraq_vq%3D100004224693191%26erzbirq%26_eqe" "Mozilla/5.0 (Windows NT 6.1) AppleWebKit/537.36 (KHTML, like Gecko) Chrome/32.0.1700.102 Safari/537.36" text/html "- -" "student-hostel,http,uncachable,ad_servers,allowed-https,Block_Porn_Keyword,Block_Proxy_Keywords,student-hostel-limit" "10.0.0.5:8080"
"1391426560.833-5877279-10.0.0.5-8080" 552
192.168.20.186 "megha@192.168.20.186" "5877279" [03/Feb/2014:16:52:41] "GET http://l3.yimg.com:80/bt/api/res/1.2/Q9muPUwpVJT1ki6EwDk63w--/YXBwaWQ9eW5ld3M7aD0wO3E9NzU7dz0yODU-/http://l.yimg.com/os/publish-images/omg/2014-01-27/39ccdadf-6e9d-47c7-8833-7a2bbb4b9264_ccl-photos-270114-630-16.jpg" 200 24801 "http://in.celebrity.yahoo.com/photos/ahana-deol-s-wedding-reception-slideshow/" "Mozilla/5.0 (Windows NT 5.1; rv:27.0) Gecko/20100101 Firefox/27.0" image/jpeg "- -" "staff-uvp,http,cachable,block_finance,virus_scan,antivirus,Mozilla_Firefox,allowed-https,Block_Porn_Keyword,Block_Proxy_Keywords,DYNAMIC_LENGTH,slow-site,edu_youtube,imgfilter" "10.0.0.5:8080"
"1391426560.301-5877268-10.0.0.5-8080" 1092
192.168.20.186 "megha@192.168.20.186" "5877268" [03/Feb/2014:16:52:41] "GET http://l1.yimg.com:80/bt/api/res/1.2/zbTieQOvnmucLKehmn7FRg--/YXBwaWQ9eW5ld3M7Zmk9ZmlsbDtoPTQ3MDtweW9mZj0wO3E9NzU7dz00NzA-/http://l.yimg.com/os/publish-images/omg/2014-02-03/6425f0ca-c127-4948-9f47-301d2e0c0b1c_BfMo0dpCYAApZ7J.jpg" 200 19679 "http://in.celebrity.yahoo.com/photos/ahana-deol-s-wedding-reception-slideshow/" "Mozilla/5.0 (Windows NT 5.1; rv:27.0) Gecko/20100101 Firefox/27.0" image/jpeg "- -" "staff-uvp,http,cachable,block_finance,virus_scan,antivirus,Mozilla_Firefox,allowed-https,Block_Porn_Keyword,Block_Proxy_Keywords,DYNAMIC_LENGTH,slow-site,edu_youtube,imgfilter" "10.0.0.5:8080"
"1391426561.391-5877332-10.0.0.5-8080" 8
192.168.15.156 "-" "5877332" [03/Feb/2014:16:52:41] "CONNECT connect://ent-shasta-rrs.symantec.com:443/" 407 0 "-" "-" - "access-restrictions Proxy Authentication Required" "uncachable,trusted,business-application,allowed-https,Block_Porn_Keyword,Block_Proxy_Keywords" "10.0.0.5:8080"
"1391426559.994-5877250-10.0.0.5-8080" 1440
192.168.20.186 "megha@192.168.20.186" "5877250" [03/Feb/2014:16:52:41] "GET http://l.yimg.com:80/zz/combo?/os/mit/media/p/common/rapid-tracking-min-1648195.js&yui:3.9.1/build/base-pluginhost/base-pluginhost-min.js&yui:3.9.1/build/base-build/base-build-min.js&yui:3.9.1/build/event-synthetic/event-synthetic-min.js&yui:3.9.1/build/event-mousewheel/event-mousewheel-min.js&yui:3.9.1/build/event-mouseenter/event-mouseenter-min.js&yui:3.9.1/build/event-key/event-key-min.js&yui:3.9.1/build/event-focus/event-focus-min.js&yui:3.9.1/build/event-resize/event-resize-min.js&yui:3.9.1/build/event-hover/event-hover-min.js&yui:3.9.1/build/event-outside/event-outside-min.js&yui:3.9.1/build/event-touch/event-touch-min.js&yui:3.9.1/build/event-move/event-move-min.js&yui:3.9.1/build/event-flick/event-flick-min.js&yui:3.9.1/build/event-valuechange/event-valuechange-min.js&yui:3.9.1/build/event-tap/event-tap-min.js&yui:3.9.1/build/attribute-complex/attribute-complex-min.js&yui:3.9.1/build/plugin/plugin-min.js&yui:3.9.1/build/event-simulate/event-simulate-min.js&yui:3.9.1/build/gesture-simulate/gesture-simulate-min.js&yui:3.9.1/build/node-event-simulate/node-event-simulate-min.js&yui:3.9.1/build/node-focusmanager/node-focusmanager-min.js&yui:3.9.1/build/querystring-stringify/querystring-stringify-min.js&yui:3.9.1/build/cookie/cookie-min.js&yui:3.9.1/build/json-parse/json-parse-min.js&yui:gallery-2011.04.20-13-04/build/gallery-jsonp/gallery-jsonp-min.js&yui:3.9.1/build/classnamemanager/classnamemanager-min.js&/os/mit/media/m/navigation/navigation-desktop-min-1073533.js" 200 21807 "http://in.celebrity.yahoo.com/photos/ahana-deol-s-wedding-reception-slideshow/" "Mozilla/5.0 (Windows NT 5.1; rv:27.0) Gecko/20100101 Firefox/27.0" application/x-javascript "- -" "staff-uvp,http,block_finance,virus_scan,uncachable,antivirus,Mozilla_Firefox,allowed-https,Block_Porn_Keyword,Block_Proxy_Keywords,whitelist,slow-site,edu_youtube" "10.0.0.5:8080"
"1391426559.823-5877278-10.0.0.5-8080" 1677
192.168.20.186 "megha@192.168.20.186" "5877278" [03/Feb/2014:16:52:41] "GET http://l3.yimg.com:80/bt/api/res/1.2/tC_HvcxgMMIUM0loneJdMg--/YXBwaWQ9eW5ld3M7Zmk9ZmlsbDtoPTEyODtxPTc5O3c9NTY-/http://l.yimg.com/os/publish-images/omg/2014-02-03/301bef68-a813-45a9-af02-4eff10ecb6c5_DSC_8401.jpg" 200 2778 "http://in.celebrity.yahoo.com/photos/ahana-deol-s-wedding-reception-slideshow/" "Mozilla/5.0 (Windows NT 5.1; rv:27.0) Gecko/20100101 Firefox/27.0" image/jpeg "- -" "staff-uvp,http,cachable,block_finance,virus_scan,antivirus,Mozilla_Firefox,allowed-https,Block_Porn_Keyword,Block_Proxy_Keywords,DYNAMIC_LENGTH,slow-site,edu_youtube,imgfilter" "10.0.0.5:8080"
"1391426561.396-5877268-10.0.0.5-8080" 109
192.168.20.186 "megha@192.168.20.186" "5877268" [03/Feb/2014:16:52:41] "GET http://l.yimg.com:80/os/mit/media/themes/base/images/ajax-loader-1093382.gif" 200 1786 "http://l.yimg.com/zz/combo?os/mit/media/themes/base/base-min-1628604.css&os/mit/media/themes/base/base-imagery-min-1628604.css&os/mit/media/themes/pinkf1238d/theme-min-1459179.css&os/mit/media/themes/pinkf1238d/theme-imagery-min-1628625.css&os/mit/media/p/omg/site/omg-min-1595772.css&os/mit/media/p/omg/lang/in-min-1628686.css" "Mozilla/5.0 (Windows NT 5.1; rv:27.0) Gecko/20100101 Firefox/27.0" image/gif "- -" "staff-uvp,http,cachable,block_finance,virus_scan,antivirus,Mozilla_Firefox,allowed-https,Block_Porn_Keyword,Block_Proxy_Keywords,whitelist,DYNAMIC_LENGTH,slow-site,edu_youtube,imgfilter" "10.0.0.5:8080"
"1391426561.437-5877250-10.0.0.5-8080" 91
192.168.20.186 "megha@192.168.20.186" "5877250" [03/Feb/2014:16:52:41] "GET http://l.yimg.com:80/os/mit/media/m/photos/images/lightbox_v2-1186213.png" 200 7869 "http://l.yimg.com/zz/combo?os/mit/media/m/carousel/bcarousel-min-1607921.css&os/mit/media/m/carousel/bcarousel-desktop-min-1447403.css&os/mit/media/m/carousel/carousel-min-1607921.css&os/mit/media/m/carousel/bcarousel-mixed-min-1479321.css&os/mit/media/m/search/searchform-min-354549.css&os/mit/media/m/photos/master-min-1607958.css&os/mit/media/m/photos/desktop-min-1607958.css&os/mit/media/m/photos/boba_spotlight-min-1607958.css&os/mit/media/m/election/mosaic-min-1607936.css&os/mit/media/m/list/blist-mixed-desktop-min-228854.css" "Mozilla/5.0 (Windows NT 5.1; rv:27.0) Gecko/20100101 Firefox/27.0" image/png "- -" "staff-uvp,http,cachable,block_finance,Mozilla_Firefox,allowed-https,Block_Porn_Keyword,Block_Proxy_Keywords,whitelist,DYNAMIC_LENGTH,slow-site,edu_youtube,imgfilter" "10.0.0.5:8080"
"1391426560.976-5877249-10.0.0.5-8080" 604
