192.168.20.186 "megha@192.168.20.186" "5877249" [03/Feb/2014:16:52:41] "GET http://l2.yimg.com:80/bt/api/res/1.2/O6XSWMhAbKL6vy0lzOiq.Q--/YXBwaWQ9eW5ld3M7aD0wO3E9NzU7dz0yODU-/http://l.yimg.com/os/publish-images/omg/2014-01-27/bc5a8065-b93b-4076-b6e8-0440e5ba45e5_madonna.jpg" 200 18434 "http://in.celebrity.yahoo.com/photos/ahana-deol-s-wedding-reception-slideshow/" "Mozilla/5.0 (Windows NT 5.1; rv:27.0) Gecko/20100101 Firefox/27.0" image/jpeg "- -" "staff-uvp,http,cachable,block_finance,virus_scan,antivirus,Mozilla_Firefox,allowed-https,Block_Porn_Keyword,Block_Proxy_Keywords,DYNAMIC_LENGTH,slow-site,edu_youtube,imgfilter" "10.0.0.5:8080"
"1391426560.572-5877298-10.0.0.5-8080" 1020
192.168.20.186 "megha@192.168.20.186" "5877298" [03/Feb/2014:16:52:41] "GET http://l.yimg.com:80/bt/api/res/1.2/6vbuvTgQFc9Mit1g_spGJA--/YXBwaWQ9eW5ld3M7aD0wO3E9NzU7dz0yODU-/http://l.yimg.com/os/publish-images/omg/2014-01-31/2a008835-0a4f-4a98-8a37-fe00edd4e670_Deepika-Gehani-Zeba-Kohli-Pooja-bedi-her-daughter-Aalia-and-Karan-Oberoi-.JPG" 200 18181 "http://in.celebrity.yahoo.com/photos/ahana-deol-s-wedding-reception-slideshow/" "Mozilla/5.0 (Windows NT 5.1; rv:27.0) Gecko/20100101 Firefox/27.0" image/jpeg "- -" "staff-uvp,http,cachable,block_finance,virus_scan,antivirus,Mozilla_Firefox,allowed-https,Block_Porn_Keyword,Block_Proxy_Keywords,whitelist,DYNAMIC_LENGTH,slow-site,edu_youtube,imgfilter" "10.0.0.5:8080"
"1391426561.577-5870085-10.0.0.5-8080" 20
192.168.71.242 "pb115bsskh1-14@192.168.71.242" "5870085" [03/Feb/2014:16:52:41] "GET http://safesquid.cfg:80/template/logo" 200 2768 "http://platform.twitter.com/widgets/tweet_button.html?url=http://sagames.org/forum/posts/index.php?q=uggcf%3A%2F%2Fzonfvp.snprobbx.pbz%2Ferzbirsevraq.cuc%3Fsevraq_vq%3D100004224693191%26erzbirq%26_eqe&via=xtapit&text=" "Mozilla/5.0 (Windows NT 6.1) AppleWebKit/537.36 (KHTML, like Gecko) Chrome/32.0.1700.102 Safari/537.36" image/gif "- -" "student-hostel,http,cachable,allowed-https,Block_Porn_Keyword,Block_Proxy_Keywords,student-hostel-limit,DYNAMIC_LENGTH" "10.0.0.5:8080"
"1391426561.582-5877336-10.0.0.5-8080" 16
192.168.15.156 "-" "5877336" [03/Feb/2014:16:52:41] "CONNECT connect://ent-shasta-rrs.symantec.com:443/" 407 0 "-" "-" - "access-restrictions Proxy Authentication Required" "uncachable,trusted,business-application,allowed-https,Block_Porn_Keyword,Block_Proxy_Keywords" "10.0.0.5:8080"
"1391426561.577-5870086-10.0.0.5-8080" 21
192.168.71.242 "pb115bsskh1-14@192.168.71.242" "5870086" [03/Feb/2014:16:52:41] "GET http://safesquid.cfg:80/template/banner" 200 25839 "http://platform.twitter.com/widgets/tweet_button.html?url=http://sagames.org/forum/posts/index.php?q=uggcf%3A%2F%2Fzonfvp.snprobbx.pbz%2Ferzbirsevraq.cuc%3Fsevraq_vq%3D100004224693191%26erzbirq%26_eqe&via=xtapit&text=" "Mozilla/5.0 (Windows NT 6.1) AppleWebKit/537.36 (KHTML, like Gecko) Chrome/32.0.1700.102 Safari/537.36" image/gif "- -" "student-hostel,http,cachable,allowed-https,Block_Porn_Keyword,Block_Proxy_Keywords,student-hostel-limit,DYNAMIC_LENGTH" "10.0.0.5:8080"
"1391426561.094-5877277-10.0.0.5-8080" 510
192.168.20.186 "megha@192.168.20.186" "5877277" [03/Feb/2014:16:52:41] "GET http://l.yimg.com:80/bt/api/res/1.2/6MXwso188xnEE2_bdETkhQ--/YXBwaWQ9eW5ld3M7aD0wO3E9NzU7dz0yODU-/http://l.yimg.com/os/publish-images/music/2014-01-27/2e116913-4740-4428-abc7-fc565de9fd20_Screen-Shot-2014-01-26-at-5-59-53-PM.png" 200 126291 "http://in.celebrity.yahoo.com/photos/ahana-deol-s-wedding-reception-slideshow/" "Mozilla/5.0 (Windows NT 5.1; rv:27.0) Gecko/20100101 Firefox/27.0" image/png "- -" "staff-uvp,http,cachable,block_finance,virus_scan,antivirus,Mozilla_Firefox,allowed-https,Block_Porn_Keyword,Block_Proxy_Keywords,whitelist,DYNAMIC_LENGTH,slow-site,edu_youtube,imgfilter" "10.0.0.5:8080"
"1391426559.828-5877289-10.0.0.5-8080" 1778
192.168.20.186 "megha@192.168.20.186" "5877289" [03/Feb/2014:16:52:41] "GET http://l2.yimg.com:80/bt/api/res/1.2/4yVM_bAEXrkzmOXklVX7Vw--/YXBwaWQ9eW5ld3M7Zmk9ZmlsbDtoPTExNjtxPTc5O3c9NTY-/http://l.yimg.com/os/publish-images/omg/2014-02-03/a58a9b59-cd39-4814-9341-06cbb70db1d0_IMG_9760.jpg" 200 3053 "http://in.celebrity.yahoo.com/photos/ahana-deol-s-wedding-reception-slideshow/" "Mozilla/5.0 (Windows NT 5.1; rv:27.0) Gecko/20100101 Firefox/27.0" image/jpeg "- -" "staff-uvp,http,cachable,block_finance,virus_scan,antivirus,Mozilla_Firefox,allowed-https,Block_Porn_Keyword,Block_Proxy_Keywords,DYNAMIC_LENGTH,slow-site,edu_youtube,imgfilter" "10.0.0.5:8080"
"1391426559.831-5877281-10.0.0.5-8080" 1777
192.168.20.186 "megha@192.168.20.186" "5877281" [03/Feb/2014:16:52:41] "GET http://l2.yimg.com:80/bt/api/res/1.2/F_nR45F9Jj5V2yzDwh5I7Q--/YXBwaWQ9eW5ld3M7Zmk9ZmlsbDtoPTEzODtxPTc5O3c9NTY-/http://l.yimg.com/os/publish-images/omg/2014-02-03/1b7cbac8-a4e7-4f6f-94d1-40ad8127d230_DSC_8455.jpg" 200 2717 "http://in.celebrity.yahoo.com/photos/ahana-deol-s-wedding-reception-slideshow/" "Mozilla/5.0 (Windows NT 5.1; rv:27.0) Gecko/20100101 Firefox/27.0" image/jpeg "- -" "staff-uvp,http,cachable,block_finance,virus_scan,antivirus,Mozilla_Firefox,allowed-https,Block_Porn_Keyword,Block_Proxy_Keywords,DYNAMIC_LENGTH,slow-site,edu_youtube,imgfilter" "10.0.0.5:8080"
"1391426559.833-5877294-10.0.0.5-8080" 1777
192.168.20.186 "megha@192.168.20.186" "5877294" [03/Feb/2014:16:52:41] "GET http://l3.yimg.com:80/bt/api/res/1.2/bBVlttuo.eZjpSAeIkfMvw--/YXBwaWQ9eW5ld3M7Zmk9ZmlsbDtoPTEwNjtxPTc5O3c9NTY-/http://l.yimg.com/os/publish-images/omg/2014-02-03/87358cf4-a80e-4f13-ae34-25f1d06b2fb9_IMG_9614.jpg" 200 3224 "http://in.celebrity.yahoo.com/photos/ahana-deol-s-wedding-reception-slideshow/" "Mozilla/5.0 (Windows NT 5.1; rv:27.0) Gecko/20100101 Firefox/27.0" image/jpeg "- -" "staff-uvp,http,cachable,block_finance,virus_scan,antivirus,Mozilla_Firefox,allowed-https,Block_Porn_Keyword,Block_Proxy_Keywords,DYNAMIC_LENGTH,slow-site,edu_youtube,imgfilter" "10.0.0.5:8080"
"1391426559.827-5877284-10.0.0.5-8080" 1785
192.168.20.186 "megha@192.168.20.186" "5877284" [03/Feb/2014:16:52:41] "GET http://l3.yimg.com:80/bt/api/res/1.2/7PRV2b0a9IDCNOPPC3TTAQ--/YXBwaWQ9eW5ld3M7Zmk9ZmlsbDtoPTExMjtxPTc5O3c9NTY-/http://l.yimg.com/os/publish-images/omg/2014-02-03/05616c8a-fe78-4c44-9f54-9d05233f7f04_IMG_9842.jpg" 200 2367 "http://in.celebrity.yahoo.com/photos/ahana-deol-s-wedding-reception-slideshow/" "Mozilla/5.0 (Windows NT 5.1; rv:27.0) Gecko/20100101 Firefox/27.0" image/jpeg "- -" "staff-uvp,http,cachable,block_finance,virus_scan,antivirus,Mozilla_Firefox,allowed-https,Block_Porn_Keyword,Block_Proxy_Keywords,DYNAMIC_LENGTH,slow-site,edu_youtube,imgfilter" "10.0.0.5:8080"
"1391426559.837-5877297-10.0.0.5-8080" 1784
192.168.20.186 "megha@192.168.20.186" "5877297" [03/Feb/2014:16:52:41] "GET http://l2.yimg.com:80/bt/api/res/1.2/M0x1kGse2xzi6mtB7moZlQ--/YXBwaWQ9eW5ld3M7Zmk9ZmlsbDtoPTczO3E9Nzk7dz01Ng--/http://l.yimg.com/os/publish-images/omg/2014-02-03/678ffe46-03a7-493e-ac51-4134a7295012_IMG_2231.jpg" 200 1833 "http://in.celebrity.yahoo.com/photos/ahana-deol-s-wedding-reception-slideshow/" "Mozilla/5.0 (Windows NT 5.1; rv:27.0) Gecko/20100101 Firefox/27.0" image/jpeg "- -" "staff-uvp,http,cachable,block_finance,virus_scan,antivirus,Mozilla_Firefox,allowed-https,Block_Porn_Keyword,Block_Proxy_Keywords,DYNAMIC_LENGTH,slow-site,edu_youtube,imgfilter" "10.0.0.5:8080"
"1391426559.827-5877282-10.0.0.5-8080" 1798
192.168.20.186 "megha@192.168.20.186" "5877282" [03/Feb/2014:16:52:41] "GET http://l1.yimg.com:80/bt/api/res/1.2/B1AijdMsYMbXYp4y3h3PkQ--/YXBwaWQ9eW5ld3M7Zmk9ZmlsbDtoPTEzMztxPTc5O3c9NTY-/http://l.yimg.com/os/publish-images/omg/2014-02-03/d0c4f72b-9070-41bd-9fab-3152cc4405f9_IMG_9782.jpg" 200 3080 "http://in.celebrity.yahoo.com/photos/ahana-deol-s-wedding-reception-slideshow/" "Mozilla/5.0 (Windows NT 5.1; rv:27.0) Gecko/20100101 Firefox/27.0" image/jpeg "- -" "staff-uvp,http,cachable,block_finance,virus_scan,antivirus,Mozilla_Firefox,allowed-https,Block_Porn_Keyword,Block_Proxy_Keywords,DYNAMIC_LENGTH,slow-site,edu_youtube,imgfilter" "10.0.0.5:8080"
"1391426560.516-5877293-10.0.0.5-8080" 1109
192.168.20.186 "megha@192.168.20.186" "5877293" [03/Feb/2014:16:52:41] "GET http://l2.yimg.com:80/bt/api/res/1.2/pe7xYfZQEBQh3PKFkMnEEg--/YXBwaWQ9eW5ld3M7Zmk9ZmlsbDtoPTQ3MDtweW9mZj0wO3E9NzU7dz00NzA-/http://media.zenfs.com/en-IN/video/video.indialehrein.com/Y15JANL02.jpg" 200 31782 "http://in.celebrity.yahoo.com/photos/ahana-deol-s-wedding-reception-slideshow/" "Mozilla/5.0 (Windows NT 5.1; rv:27.0) Gecko/20100101 Firefox/27.0" image/jpeg "- -" "staff-uvp,http,cachable,block_finance,virus_scan,antivirus,Mozilla_Firefox,allowed-https,Block_Porn_Keyword,Block_Proxy_Keywords,DYNAMIC_LENGTH,slow-site,edu_youtube,imgfilter" "10.0.0.5:8080"
"1391426560.128-5877291-10.0.0.5-8080" 1515
192.168.20.186 "megha@192.168.20.186" "5877291" [03/Feb/2014:16:52:41] "GET http://l2.yimg.com:80/bt/api/res/1.2/SWPM0iwjpspfTurVc7NpUQ--/YXBwaWQ9eW5ld3M7Zmk9ZmlsbDtoPTc0O3E9Nzk7dz01Ng--/http://l.yimg.com/os/publish-images/omg/2014-02-03/9c7b1d77-dac5-4a5e-95b9-e85ac544ee19_IMG_9578.jpg" 200 2005 "http://in.celebrity.yahoo.com/photos/ahana-deol-s-wedding-reception-slideshow/" "Mozilla/5.0 (Windows NT 5.1; rv:27.0) Gecko/20100101 Firefox/27.0" image/jpeg "- -" "staff-uvp,http,cachable,block_finance,virus_scan,antivirus,Mozilla_Firefox,allowed-https,Block_Porn_Keyword,Block_Proxy_Keywords,DYNAMIC_LENGTH,slow-site,edu_youtube,imgfilter" "10.0.0.5:8080"
"1391426561.659-5877338-10.0.0.5-8080" 11
192.168.15.156 "-" "5877338" [03/Feb/2014:16:52:41] "CONNECT connect://ent-shasta-rrs.symantec.com:443/" 407 0 "-" "-" - "access-restrictions Proxy Authentication Required" "uncachable,trusted,business-application,allowed-https,Block_Porn_Keyword,Block_Proxy_Keywords" "10.0.0.5:8080"
"1391426560.609-5877280-10.0.0.5-8080" 1069
192.168.20.186 "megha@192.168.20.186" "5877280" [03/Feb/2014:16:52:41] "GET http://l3.yimg.com:80/bt/api/res/1.2/jlDcLLByLSziP4CCSLsuvQ--/YXBwaWQ9eW5ld3M7aD0wO3E9NzU7dz0yODU-/http://media.zenfs.com/en-IN/video/video.indialehrein.com/Y15JANL02.jpg" 200 12480 "http://in.celebrity.yahoo.com/photos/ahana-deol-s-wedding-reception-slideshow/" "Mozilla/5.0 (Windows NT 5.1; rv:27.0) Gecko/20100101 Firefox/27.0" image/jpeg "- -" "staff-uvp,http,cachable,block_finance,virus_scan,antivirus,Mozilla_Firefox,allowed-https,Block_Porn_Keyword,Block_Proxy_Keywords,DYNAMIC_LENGTH,slow-site,edu_youtube,imgfilter" "10.0.0.5:8080"
"1391426561.224-5848230-10.0.0.5-8080" 486
192.168.80.87 "hppbs@192.168.80.87" "5848230" [03/Feb/2014:16:52:41] "GET http://dnl-14.geo.kaspersky.com:80/diffs/bases/wmuf/wmuf0039.dat.jkn" 404 343 "-" "*B4YBAAAA8bBAA4YBAAgDp-1GiYGfyIfeVRL4JF2O4W1k6dEAdLgAAAAAMAA=" text/html "- -" "staff-bspp,http,cachable,block_finance,virus_scan,antivirus,allowed-https,Block_Porn_Keyword,Block_Proxy_Keywords,staff-limit,text-filter,store100b,LENGTH_SPECIFIED" "10.0.0.5:8080"
"1391426560.553-5877285-10.0.0.5-8080" 1168
192.168.20.186 "megha@192.168.20.186" "5877285" [03/Feb/2014:16:52:41] "GET http://l.yimg.com:80/os/mit/media/themes/base/images/map_1_ltr-1567690.png" 200 20469 "http://l.yimg.com/zz/combo?os/mit/media/themes/base/base-min-1628604.css&os/mit/media/themes/base/base-imagery-min-1628604.css&os/mit/media/themes/pinkf1238d/theme-min-1459179.css&os/mit/media/themes/pinkf1238d/theme-imagery-min-1628625.css&os/mit/media/p/omg/site/omg-min-1595772.css&os/mit/media/p/omg/lang/in-min-1628686.css" "Mozilla/5.0 (Windows NT 5.1; rv:27.0) Gecko/20100101 Firefox/27.0" image/png "- -" "staff-uvp,http,cachable,block_finance,virus_scan,antivirus,Mozilla_Firefox,allowed-https,Block_Porn_Keyword,Block_Proxy_Keywords,whitelist,DYNAMIC_LENGTH,slow-site,edu_youtube,imgfilter" "10.0.0.5:8080"
"1391426560.515-5877288-10.0.0.5-8080" 1212
192.168.20.186 "megha@192.168.20.186" "5877288" [03/Feb/2014:16:52:41] "GET http://l.yimg.com:80/bt/api/res/1.2/f.4n5cLecxXoxLB.Wg2hGw--/YXBwaWQ9eW5ld3M7Zmk9ZmlsbDtoPTQ3MDtweW9mZj0wO3E9NzU7dz00NzA-/http://l.yimg.com/os/publish-images/omg/2014-01-31/2a008835-0a4f-4a98-8a37-fe00edd4e670_Deepika-Gehani-Zeba-Kohli-Pooja-bedi-her-daughter-Aalia-and-Karan-Oberoi-.JPG" 200 72027 "http://in.celebrity.yahoo.com/photos/ahana-deol-s-wedding-reception-slideshow/" "Mozilla/5.0 (Windows NT 5.1; rv:27.0) Gecko/20100101 Firefox/27.0" image/jpeg "- -" "staff-uvp,http,cachable,block_finance,virus_scan,antivirus,Mozilla_Firefox,allowed-https,Block_Porn_Keyword,Block_Proxy_Keywords,whitelist,DYNAMIC_LENGTH,slow-site,edu_youtube,imgfilter" "10.0.0.5:8080"
"1391426561.723-5877339-10.0.0.5-8080" 12
192.168.15.156 "-" "5877339" [03/Feb/2014:16:52:41] "CONNECT connect://ent-shasta-rrs.symantec.com:443/" 407 0 "-" "-" - "access-restrictions Proxy Authentication Required" "uncachable,trusted,business-application,allowed-https,Block_Porn_Keyword,Block_Proxy_Keywords" "10.0.0.5:8080"
"1391426560.568-5877153-10.0.0.5-8080" 1173
192.168.10.254 "bscest@192.168.10.254" "5877153" [03/Feb/2014:16:52:41] "GET http://webapp.torntv.com:80/jss/plugindetect.js" 200 2814 "http://webapp.torntv.com/vidshow.php?data=aHR0cDovL3d3dy50di10b29sYmFyLmNvbS9hc3gvcWF0YXIvYWxfamF6ZWVyYV9xYXRhci5hc3g=" "Mozilla/4.0 (compatible; MSIE 7.0; Windows NT 5.1; .NET CLR 2.0.50727; .NET CLR 3.0.04506.648; .NET CLR 3.5.21022)" application/javascript "- -" "student-uvp,http,cachable,virus_scan,antivirus,allowed-https,Block_Porn_Keyword,Block_Proxy_Keywords,student-college-limit,DYNAMIC_LENGTH" "10.0.0.5:8080"
"1391426561.215-5877290-10.0.0.5-8080" 539
192.168.20.186 "megha@192.168.20.186" "5877290" [03/Feb/2014:16:52:41] "GET http://l2.yimg.com:80/bt/api/res/1.2/pk9zeIwD.ApGLkl6Clc9Tg--/YXBwaWQ9eW5ld3M7aD0wO3E9NzU7dz0yODU-/http://media.zenfs.com/en-IN/video/video.indianewzsteet.com/pricetag.jpg" 200 11926 "http://in.celebrity.yahoo.com/photos/ahana-deol-s-wedding-reception-slideshow/" "Mozilla/5.0 (Windows NT 5.1; rv:27.0) Gecko/20100101 Firefox/27.0" image/jpeg "- -" "staff-uvp,http,cachable,block_finance,virus_scan,antivirus,Mozilla_Firefox,allowed-https,Block_Porn_Keyword,Block_Proxy_Keywords,DYNAMIC_LENGTH,slow-site,edu_youtube,imgfilter" "10.0.0.5:8080"
"1391426561.789-5877340-10.0.0.5-8080" 4
192.168.15.156 "-" "5877340" [03/Feb/2014:16:52:41] "CONNECT connect://ent-shasta-rrs.symantec.com:443/" 407 0 "-" "-" - "access-restrictions Proxy Authentication Required" "uncachable,trusted,business-application,allowed-https,Block_Porn_Keyword,Block_Proxy_Keywords" "10.0.0.5:8080"
"1391426561.342-5877283-10.0.0.5-8080" 491
192.168.20.186 "megha@192.168.20.186" "5877283" [03/Feb/2014:16:52:41] "GET http://l3.yimg.com:80/bt/api/res/1.2/tA6PY0O63wm2_uprsAXjTQ--/YXBwaWQ9eW5ld3M7aD0wO3E9NzU7dz0yODU-/http://l.yimg.com/os/publish-images/omg/2014-01-23/c923dced-1ab2-437f-976e-2f9d46b9b05e_tat1.jpg" 200 12372 "http://in.celebrity.yahoo.com/photos/ahana-deol-s-wedding-reception-slideshow/" "Mozilla/5.0 (Windows NT 5.1; rv:27.0) Gecko/20100101 Firefox/27.0" image/jpeg "- -" "staff-uvp,http,cachable,block_finance,virus_scan,antivirus,Mozilla_Firefox,allowed-https,Block_Porn_Keyword,Block_Proxy_Keywords,DYNAMIC_LENGTH,slow-site,edu_youtube,imgfilter" "10.0.0.5:8080"
"1391426561.656-5875682-10.0.0.5-8080" 194
192.168.15.211 "ljpatel@192.168.15.211" "5875682" [03/Feb/2014:16:52:41] "GET http://www.google.co.in:80/url?sa=t&rct=j&q=&esrc=s&source=web&cd=18&ved=0CGoQFjAHOAo&url=http%3A%2F%2Fkhabar.ndtv.com%2Ftopic%2Fsexy-jokes&ei=1nvvUs2pG4qu7AbwooDQCg&usg=AFQjCNEBzdq_s2xbAkwl7QRwT_oQPk9yyw&sig2=QodPppkAYM_kWJkHdMEETA&bvm=bv.60444564,d.bGE" 200 266 "http://rajnicomedy.blogspot.in/2013/03/funny-adult-jokes-in-hindi.html" "Mozilla/5.0 (Windows NT 6.1; WOW64; rv:26.0) Gecko/20100101 Firefox/26.0" text/html "- -" "staff-pharma,allow-rapidshare,DAPTEST,http,block_finance,virus_scan,uncachable,main-sites,Mozilla_Firefox,allowed-https,staff-limit,text-filter" "10.0.0.5:8080"
"1391426561.847-5877341-10.0.0.5-8080" 6
192.168.15.156 "-" "5877341" [03/Feb/2014:16:52:41] "CONNECT connect://ent-shasta-rrs.symantec.com:443/" 407 0 "-" "-" - "access-restrictions Proxy Authentication Required" "uncachable,trusted,business-application,allowed-https,Block_Porn_Keyword,Block_Proxy_Keywords" "10.0.0.5:8080"
"1391426561.491-5876787-10.0.0.5-8080" 375
192.168.71.117 "pb114uvgjc1-16@192.168.71.117" "5876787" [03/Feb/2014:16:52:41] "POST http://s.youtube.com:80/api/stats/atr?cmt=0.209&hl=en_US&cver=as3&rt=2.795&el=embedded&fs=0&euri=http%3A%2F%2Fwww.vasu-web.appspot.com%2Fwww.youtube.com%2Fwatch%3Fv%3DTjkHkyQE3OQ&fmt=135&c=WEB&docid=TjkHkyQE3OQ&cpn=GuKHNwo8egBiOMmf&len=810.24&ns=yt&plid=AATxfr0WBkGjobeQ&cr=US&ver=2&ei=83vvUtH3FKHVgAK1lID4Bg" 204 0 "http://s.ytimg.com/yts/swfbin/player-vflofvnpV/watch_as3.swf" "Mozilla/5.0 (Windows NT 6.1; rv:26.0) Gecko/20100101 Firefox/26.0" - "- -" "student-hostel,http,virus_scan,uncachable,antivirus,Mozilla_Firefox,allowed-https,Block_Porn_Keyword,Block_Proxy_Keywords,student-hostel-limit,allow-social,edu_youtube,text-filter" "10.0.0.5:8080"
"1391426561.427-5877334-10.0.0.5-8080" 440
192.168.20.161 "tvb@192.168.20.161" "5877334" [03/Feb/2014:16:52:41] "GET http://www.google.co.in:80/accounts/Logout2?hl=en_US&service=wise&ilo=1&ils=s.IN&ilc=2&continue=https%3A%2F%2Fdrive.google.com%2Fa%2Fganpatuniversity.ac.in%2F%3Furp%3Dhttp%3A%2F%2Fwww.google.co.in%2Faccounts%2FLogout2%3Fservice%253Dw&zx=-59151029" 200 515 "http://www.google.com/accounts/Logout2?hl=en_US&service=wise&ilo=1&ils=mail%2Cwritely%2Cs.IN&ilc=1&continue=https%3A%2F%2Fdrive.google.com%2Fa%2Fganpatuniversity.ac.in%2F%3Furp%3Dhttp%3A%2F%2Fwww.google.co.in%2Faccounts%2FLogout2%3Fservice%253Dw&zx=636456827" "Mozilla/5.0 (Windows NT 6.1) AppleWebKit/537.36 (KHTML, like Gecko) Chrome/32.0.1700.102 Safari/537.36" text/html "- -" "staff-uvp,allow-rapidshare,DAPTEST,http,block_finance,virus_scan,uncachable,main-sites,allowed-https,staff-limit,text-filter" "10.0.0.5:8080"
"1391426561.493-5876789-10.0.0.5-8080" 374
192.168.71.117 "pb114uvgjc1-16@192.168.71.117" "5876789" [03/Feb/2014:16:52:41] "GET http://s.youtube.com:80/api/stats/playback?cmt=0.209&plid=AATxfr0WBkGjobeQ&hl=en_US&rtn=3&cver=as3&rt=2.805&el=embedded&fs=0&euri=http%3A%2F%2Fwww.vasu-web.appspot.com%2Fwww.youtube.com%2Fwatch%3Fv%3DTjkHkyQE3OQ&fexp=935641,907720,922230,932292,914020,916624,936910,936913&mos=0&c=WEB&docid=TjkHkyQE3OQ&cpn=GuKHNwo8egBiOMmf&fmt=135&volume=100&len=810.24&ns=yt&allowed=1_2,1_1,1_3,2_2,2_1,2_3&cr=US&referrer=null&ver=2&ei=83vvUtH3FKHVgAK1lID4Bg" 204 0 "http://s.ytimg.com/yts/swfbin/player-vflofvnpV/watch_as3.swf" "Mozilla/5.0 (Windows NT 6.1; rv:26.0) Gecko/20100101 Firefox/26.0" - "- -" "student-hostel,http,virus_scan,uncachable,antivirus,Mozilla_Firefox,allowed-https,Block_Porn_Keyword,Block_Proxy_Keywords,student-hostel-limit,allow-social,edu_youtube,text-filter" "10.0.0.5:8080"
"1391426560.562-5877271-10.0.0.5-8080" 1310
192.168.20.186 "megha@192.168.20.186" "5877271" [03/Feb/2014:16:52:41] "GET http://l1.yimg.com:80/bt/api/res/1.2/pbZokE4FjtC7CpiIWyguVA--/YXBwaWQ9eW5ld3M7aD0wO3E9NzU7dz0yODU-/http://l.yimg.com/os/publish-images/omg/2014-01-31/c31a571c-9056-48d6-b68c-45d4c2f50028_DSC_5285.jpg" 200 18757 "http://in.celebrity.yahoo.com/photos/ahana-deol-s-wedding-reception-slideshow/" "Mozilla/5.0 (Windows NT 5.1; rv:27.0) Gecko/20100101 Firefox/27.0" image/jpeg "- -" "staff-uvp,http,cachable,block_finance,virus_scan,antivirus,Mozilla_Firefox,allowed-https,Block_Porn_Keyword,Block_Proxy_Keywords,DYNAMIC_LENGTH,slow-site,edu_youtube,imgfilter" "10.0.0.5:8080"
"1391426560.612-5877299-10.0.0.5-8080" 1271
192.168.20.186 "megha@192.168.20.186" "5877299" [03/Feb/2014:16:52:41] "GET http://l2.yimg.com:80/bt/api/res/1.2/l498eXK6XpTJG_t3yyBUfw--/YXBwaWQ9eW5ld3M7aD0wO3E9NzU7dz0yODU-/http://l.yimg.com/os/401/2014/01/30/daisy-jpg_070828.jpg" 200 22141 "http://in.celebrity.yahoo.com/photos/ahana-deol-s-wedding-reception-slideshow/" "Mozilla/5.0 (Windows NT 5.1; rv:27.0) Gecko/20100101 Firefox/27.0" image/jpeg "- -" "staff-uvp,http,cachable,block_finance,virus_scan,antivirus,Mozilla_Firefox,allowed-https,Block_Porn_Keyword,Block_Proxy_Keywords,DYNAMIC_LENGTH,slow-site,edu_youtube,imgfilter" "10.0.0.5:8080"
"1391426561.503-5875847-10.0.0.5-8080" 381
192.168.71.117 "pb114uvgjc1-16@192.168.71.117" "5875847" [03/Feb/2014:16:52:41] "GET http://s2.youtube.com:80/s?cpn=GuKHNwo8egBiOMmf&st=0.209&yttk=1&ctp=1&ei=83vvUtH3FKHVgAK1lID4Bg&el=embedded&ns=yt&plid=AATxfr0WBkGjobeQ&fmt=135&asv=3&docid=TjkHkyQE3OQ&et=0.209" 204 0 "http://s.ytimg.com/yts/swfbin/player-vflofvnpV/watch_as3.swf" "Mozilla/5.0 (Windows NT 6.1; rv:26.0) Gecko/20100101 Firefox/26.0" - "- -" "student-hostel,http,virus_scan,uncachable,antivirus,Mozilla_Firefox,allowed-https,Block_Porn_Keyword,Block_Proxy_Keywords,student-hostel-limit,allow-social,edu_youtube,text-filter" "10.0.0.5:8080"
"1391426561.387-5877279-10.0.0.5-8080" 520
192.168.20.186 "megha@192.168.20.186" "5877279" [03/Feb/2014:16:52:41] "GET http://l1.yimg.com:80/bt/api/res/1.2/FUlRSMbHodU5ph8s_wdHvA--/YXBwaWQ9eW5ld3M7aD0wO3E9NzU7dz0yODU-/http://l.yimg.com/os/publish-images/omg/2014-01-22/fd99e96e-a8c2-4546-b953-20d7ab3436ee_IMG_1890.jpg" 200 19650 "http://in.celebrity.yahoo.com/photos/ahana-deol-s-wedding-reception-slideshow/" "Mozilla/5.0 (Windows NT 5.1; rv:27.0) Gecko/20100101 Firefox/27.0" image/jpeg "- -" "staff-uvp,http,cachable,block_finance,virus_scan,antivirus,Mozilla_Firefox,allowed-https,Block_Porn_Keyword,Block_Proxy_Keywords,DYNAMIC_LENGTH,slow-site,edu_youtube,imgfilter" "10.0.0.5:8080"
"1391426561.906-5877343-10.0.0.5-8080" 5
192.168.15.156 "-" "5877343" [03/Feb/2014:16:52:41] "CONNECT connect://ent-shasta-rrs.symantec.com:443/" 407 0 "-" "-" - "access-restrictions Proxy Authentication Required" "uncachable,trusted,business-application,allowed-https,Block_Porn_Keyword,Block_Proxy_Keywords" "10.0.0.5:8080"
"1391426560.413-5877287-10.0.0.5-8080" 1513
192.168.20.186 "megha@192.168.20.186" "5877287" [03/Feb/2014:16:52:41] "GET http://mi.adinterax.com:80/js/yahoo_india,UMU_Mailpostcard_V2_23Jan14,C=Yahoo,P=Yahoo/ad2.js?q=1390474353" 200 6443 "http://in.celebrity.yahoo.com/photos/ahana-deol-s-wedding-reception-slideshow/" "Mozilla/5.0 (Windows NT 5.1; rv:27.0) Gecko/20100101 Firefox/27.0" application/x-javascript "- -" "staff-uvp,http,block_finance,virus_scan,uncachable,antivirus,Mozilla_Firefox,allowed-https,Block_Porn_Keyword,Block_Proxy_Keywords,staff-limit" "10.0.0.5:8080"
"1391426561.966-5877344-10.0.0.5-8080" 4
192.168.15.156 "-" "5877344" [03/Feb/2014:16:52:41] "CONNECT connect://ent-shasta-rrs.symantec.com:443/" 407 0 "-" "-" - "access-restrictions Proxy Authentication Required" "uncachable,trusted,business-application,allowed-https,Block_Porn_Keyword,Block_Proxy_Keywords" "10.0.0.5:8080"
"1391426561.502-5877278-10.0.0.5-8080" 478
192.168.20.186 "megha@192.168.20.186" "5877278" [03/Feb/2014:16:52:41] "GET http://d.yimg.com:80/a/i/ww/met/anim_loading_sm_082208.gif" 200 1463 "http://l.yimg.com/zz/combo?os/mit/media/m/carousel/bcarousel-min-1607921.css&os/mit/media/m/carousel/bcarousel-desktop-min-1447403.css&os/mit/media/m/carousel/carousel-min-1607921.css&os/mit/media/m/carousel/bcarousel-mixed-min-1479321.css&os/mit/media/m/search/searchform-min-354549.css&os/mit/media/m/photos/master-min-1607958.css&os/mit/media/m/photos/desktop-min-1607958.css&os/mit/media/m/photos/boba_spotlight-min-1607958.css&os/mit/media/m/election/mosaic-min-1607936.css&os/mit/media/m/list/blist-mixed-desktop-min-228854.css" "Mozilla/5.0 (Windows NT 5.1; rv:27.0) Gecko/20100101 Firefox/27.0" image/gif "- -" "staff-uvp,http,cachable,block_finance,Mozilla_Firefox,allowed-https,Block_Porn_Keyword,Block_Proxy_Keywords,DYNAMIC_LENGTH,slow-site,edu_youtube,imgfilter" "10.0.0.5:8080"
"1391426562.023-5877345-10.0.0.5-8080" 4
192.168.20.154 "-" "5877345" [03/Feb/2014:16:52:42] "CONNECT connect://ent-shasta-rrs.symantec.com:443/" 407 0 "-" "Iron" - "access-restrictions Proxy Authentication Required" "uncachable,trusted,business-application,allowed-https,Block_Porn_Keyword,Block_Proxy_Keywords" "10.0.0.5:8080"
"1391426562.031-5877346-10.0.0.5-8080" 4
192.168.15.156 "-" "5877346" [03/Feb/2014:16:52:42] "CONNECT connect://ent-shasta-rrs.symantec.com:443/" 407 0 "-" "-" - "access-restrictions Proxy Authentication Required" "uncachable,trusted,business-application,allowed-https,Block_Porn_Keyword,Block_Proxy_Keywords" "10.0.0.5:8080"
"1391426561.330-5877292-10.0.0.5-8080" 725
192.168.20.186 "megha@192.168.20.186" "5877292" [03/Feb/2014:16:52:42] "GET http://l2.yimg.com:80/bt/api/res/1.2/rEVfgxz0k59dtabsGT0UJg--/YXBwaWQ9eW5ld3M7aD0wO3E9NzU7dz0yODU-/http://l.yimg.com/os/publish-images/music/2014-01-21/56750c99-9862-4f55-9e6c-9fd0df64cab5_KatyPerry.jpg" 200 14825 "http://in.celebrity.yahoo.com/photos/ahana-deol-s-wedding-reception-slideshow/" "Mozilla/5.0 (Windows NT 5.1; rv:27.0) Gecko/20100101 Firefox/27.0" image/jpeg "- -" "staff-uvp,http,cachable,block_finance,virus_scan,antivirus,Mozilla_Firefox,allowed-https,Block_Porn_Keyword,Block_Proxy_Keywords,DYNAMIC_LENGTH,slow-site,edu_youtube,imgfilter" "10.0.0.5:8080"
"1391426561.983-5877271-10.0.0.5-8080" 89
192.168.20.186 "megha@192.168.20.186" "5877271" [03/Feb/2014:16:52:42] "GET http://l.yimg.com:80/zz/combo?os/mit/media/m/sharing/sharing-min-1663167.css" 200 8760 "http://in.celebrity.yahoo.com/photos/ahana-deol-s-wedding-reception-slideshow/" "Mozilla/5.0 (Windows NT 5.1; rv:27.0) Gecko/20100101 Firefox/27.0" text/css "- -" "staff-uvp,http,block_finance,virus_scan,uncachable,antivirus,Mozilla_Firefox,allowed-https,Block_Porn_Keyword,Block_Proxy_Keywords,whitelist,slow-site,edu_youtube,text-filter" "10.0.0.5:8080"
"1391426562.083-5877347-10.0.0.5-8080" 10
192.168.15.156 "-" "5877347" [03/Feb/2014:16:52:42] "CONNECT connect://ent-shasta-rrs.symantec.com:443/" 407 0 "-" "-" - "access-restrictions Proxy Authentication Required" "uncachable,trusted,business-application,allowed-https,Block_Porn_Keyword,Block_Proxy_Keywords" "10.0.0.5:8080"
"1391426560.714-5877314-10.0.0.5-8080" 1398
192.168.10.52 "nrpbs@192.168.10.52" "5877314" [03/Feb/2014:16:52:42] "GET http://www.gstatic.com:80/sites/p/d29a94/system/js/jot_min_view__en.js" 200 84219 "http://www.marugujarat.in/" "Mozilla/4.0 (compatible; MSIE 7.0; Windows NT 5.1; InfoPath.2; .NET CLR 2.0.50727; .NET CLR 3.0.04506.30; .NET CLR 3.0.04506.648; .NET CLR 3.5.21022)" text/javascript "- -" "staff-bspp,http,cachable,block_finance,virus_scan,antivirus,allowed-https,Block_Porn_Keyword,Block_Proxy_Keywords,staff-limit,DYNAMIC_LENGTH,text-filter" "10.0.0.5:8080"
"1391426561.933-5877288-10.0.0.5-8080" 192
192.168.20.186 "megha@192.168.20.186" "5877288" [03/Feb/2014:16:52:42] "GET http://mi.adinterax.com:80/customer/yahoo_india/UMU_Mailpostcard_V2_23Jan14.ns.js?adxq=1390474161" 200 18204 "http://in.celebrity.yahoo.com/photos/ahana-deol-s-wedding-reception-slideshow/" "Mozilla/5.0 (Windows NT 5.1; rv:27.0) Gecko/20100101 Firefox/27.0" application/x-javascript "- -" "staff-uvp,http,block_finance,virus_scan,uncachable,antivirus,Mozilla_Firefox,allowed-https,Block_Porn_Keyword,Block_Proxy_Keywords,staff-limit" "10.0.0.5:8080"
"1391426562.121-5877348-10.0.0.5-8080" 8
192.168.15.71 "-" "5877348" [03/Feb/2014:16:52:42] "GET http://download.newnext.me:80/spark.bin?rnd=1609424073" 407 0 "-" "nengine[0.3.2.0]_57509510_16_34346364" - "access-restrictions Proxy Authentication Required" "http,virus_scan,uncachable,antivirus,allowed-https,Block_Porn_Keyword,Block_Proxy_Keywords" "10.0.0.5:8080"
"1391426562.142-5877349-10.0.0.5-8080" 13
192.168.15.156 "-" "5877349" [03/Feb/2014:16:52:42] "CONNECT connect://ent-shasta-rrs.symantec.com:443/" 407 0 "-" "-" - "access-restrictions Proxy Authentication Required" "uncachable,trusted,business-application,allowed-https,Block_Porn_Keyword,Block_Proxy_Keywords" "10.0.0.5:8080"
"1391426562.076-5877283-10.0.0.5-8080" 126
192.168.20.186 "megha@192.168.20.186" "5877283" [03/Feb/2014:16:52:42] "GET http://in.celebrity.yahoo.com:80/__rapid-worker-1.1.js" 200 6865 "http://in.celebrity.yahoo.com/photos/ahana-deol-s-wedding-reception-slideshow/" "Mozilla/5.0 (Windows NT 5.1; rv:27.0) Gecko/20100101 Firefox/27.0" application/javascript "- -" "staff-uvp,http,cachable,block_finance,virus_scan,main-sites,Mozilla_Firefox,allowed-https,DYNAMIC_LENGTH,slow-site" "10.0.0.5:8080"
"1391426562.209-5877350-10.0.0.5-8080" 4
192.168.15.156 "-" "5877350" [03/Feb/2014:16:52:42] "CONNECT connect://ent-shasta-rrs.symantec.com:443/" 407 0 "-" "-" - "access-restrictions Proxy Authentication Required" "uncachable,trusted,business-application,allowed-https,Block_Porn_Keyword,Block_Proxy_Keywords" "10.0.0.5:8080"
"1391426560.559-5877273-10.0.0.5-8080" 1661
192.168.20.186 "megha@192.168.20.186" "5877273" [03/Feb/2014:16:52:42] "GET http://l2.yimg.com:80/bt/api/res/1.2/NMhFODi3uv7INrC1JoUKJg--/YXBwaWQ9eW5ld3M7aD0wO3E9NzU7dz0yODU-/http://l.yimg.com/os/publish-images/omg/2014-02-03/79c82d50-f349-4e01-bcbb-3d01e0b292a2_DSC_6213.jpg" 200 10516 "http://in.celebrity.yahoo.com/photos/ahana-deol-s-wedding-reception-slideshow/" "Mozilla/5.0 (Windows NT 5.1; rv:27.0) Gecko/20100101 Firefox/27.0" image/jpeg "- -" "staff-uvp,http,cachable,block_finance,virus_scan,antivirus,Mozilla_Firefox,allowed-https,Block_Porn_Keyword,Block_Proxy_Keywords,DYNAMIC_LENGTH,slow-site,edu_youtube,imgfilter" "10.0.0.5:8080"
"1391426562.121-5877271-10.0.0.5-8080" 130
192.168.20.186 "megha@192.168.20.186" "5877271" [03/Feb/2014:16:52:42] "GET http://l.yimg.com:80/os/mit/media/m/sharing/images/msb-sprite-1129164.png" 200 15962 "http://l.yimg.com/zz/combo?os/mit/media/m/sharing/sharing-min-1663167.css" "Mozilla/5.0 (Windows NT 5.1; rv:27.0) Gecko/20100101 Firefox/27.0" image/png "- -" "staff-uvp,http,cachable,block_finance,Mozilla_Firefox,allowed-https,Block_Porn_Keyword,Block_Proxy_Keywords,whitelist,DYNAMIC_LENGTH,slow-site,edu_youtube,imgfilter" "10.0.0.5:8080"
"1391426551.437-5877107-10.0.0.5-8080" 10830
192.168.71.237 "pb214uvvps1-15@192.168.71.237" "5877107" [03/Feb/2014:16:52:42] "CONNECT connect://ssl.gstatic.com:443/" 200 930 "-" "Mozilla/5.0 (Windows NT 6.2; WOW64) AppleWebKit/537.36 (KHTML, like Gecko) Chrome/33.0.1750.58 Safari/537.36" - "- -" "student-hostel,uncachable,allowed-https,Block_Porn_Keyword,Block_Proxy_Keywords" "10.0.0.5:8080"
"1391426561.380-5877311-10.0.0.5-8080" 900
192.168.10.52 "nrpbs@192.168.10.52" "5877311" [03/Feb/2014:16:52:42] "GET http://csi.gstatic.com:80/csi?v=3&s=opensocial-gadgets&action=enterprise_default&gadget=http%3A%2F%2Fhosting.gmodules.com%2Fig%2Fgadgets%2Ffile%2F102281172761352187692%2Fmarquee_text_gadget2.xml&container=enterprise&view=default&e=&rt=dl.1813,ol.1828,prt.1828" 204 0 "http://6vjjq28rcr55qftrmkonn2jakj9rduj3-a-sites-opensocial.googleusercontent.com/gadgets/ifr?url=http://hosting.gmodules.com/ig/gadgets/file/102281172761352187692/marquee_text_gadget2.xml&container=enterprise&view=default&lang=en&country=ALL&sanitize=0&v=6093e91e6d5ef640&up_stop=true&up_text=Welcome+to+Marugujarat.in....Important%C2%A0Announcement:%C2%A0Dear+Marugujarat+Users+always+type+.in+after+marugujarat..+Beware+of+duplicate+websites+with+Marugujarat+name..+Please+always+use%C2%A0'www.marugujarat.in'%C2%A0+URL+%C2%A0to+use+this+website...+Please+always+use+Google+Chrome+browser+to+view+our+site.&up_txtCol=white&up_Behavior=SCROLL&up_bgCol=black&up_Direction=LEFT&libs=core&mid=198&parent=http://www.marugujarat.in/" "Mozilla/4.0 (compatible; MSIE 7.0; Windows NT 5.1; InfoPath.2; .NET CLR 2.0.50727; .NET CLR 3.0.04506.30; .NET CLR 3.0.04506.648; .NET CLR 3.5.21022)" - "- -" "staff-bspp,http,block_finance,virus_scan,uncachable,antivirus,allowed-https,Block_Porn_Keyword,Block_Proxy_Keywords,staff-limit,imgfilter" "10.0.0.5:8080"
"1391426562.269-5877352-10.0.0.5-8080" 10
192.168.15.156 "-" "5877352" [03/Feb/2014:16:52:42] "CONNECT connect://ent-shasta-rrs.symantec.com:443/" 407 0 "-" "-" - "access-restrictions Proxy Authentication Required" "uncachable,trusted,business-application,allowed-https,Block_Porn_Keyword,Block_Proxy_Keywords" "10.0.0.5:8080"
"1391426562.133-5877288-10.0.0.5-8080" 168
192.168.20.186 "megha@192.168.20.186" "5877288" [03/Feb/2014:16:52:42] "GET http://mi.adinterax.com:80/customer/yahoo_india/3/.ob/UMU-EN-970x30-Mail-Postcard-v1-2.gif?adxq=1390474088" 200 18110 "http://in.celebrity.yahoo.com/photos/ahana-deol-s-wedding-reception-slideshow/" "Mozilla/5.0 (Windows NT 5.1; rv:27.0) Gecko/20100101 Firefox/27.0" image/gif "- -" "staff-uvp,http,block_finance,uncachable,Mozilla_Firefox,allowed-https,Block_Porn_Keyword,Block_Proxy_Keywords,staff-limit,imgfilter" "10.0.0.5:8080"
"1391426562.300-5877353-10.0.0.5-8080" 9
192.168.21.67 "-" "5877353" [03/Feb/2014:16:52:42] "GET http://ctldl.windowsupdate.com:80/msdownload/update/v3/static/trustedr/en/disallowedcertstl.cab?26ddefcee2c79efa" 407 0 "-" "Microsoft-CryptoAPI/6.1" - "access-restrictions Proxy Authentication Required" "http,uncachable,allowed-https,Block_Porn_Keyword,Block_Proxy_Keywords,Allowed-Site" "10.0.0.5:8080"
"1391426562.320-5877354-10.0.0.5-8080" 5
192.168.15.156 "-" "5877354" [03/Feb/2014:16:52:42] "CONNECT connect://ent-shasta-rrs.symantec.com:443/" 407 0 "-" "-" - "access-restrictions Proxy Authentication Required" "uncachable,trusted,business-application,allowed-https,Block_Porn_Keyword,Block_Proxy_Keywords" "10.0.0.5:8080"
"1391426562.166-5877155-10.0.0.5-8080" 197
192.168.31.16 "nrn@192.168.31.16" "5877155" [03/Feb/2014:16:52:42] "POST http://clients1.google.com:80/ocsp" 200 463 "-" "Mozilla/5.0 (Windows NT 5.1; rv:26.0) Gecko/20100101 Firefox/26.0" application/ocsp-response "- -" "staff-mba,allow_face,http,cachable,main-sites,Mozilla_Firefox,allowed-https,DYNAMIC_LENGTH,slow-site" "10.0.0.5:8080"
"1391426562.383-5877355-10.0.0.5-8080" 4
192.168.15.156 "-" "5877355" [03/Feb/2014:16:52:42] "CONNECT connect://ent-shasta-rrs.symantec.com:443/" 407 0 "-" "-" - "access-restrictions Proxy Authentication Required" "uncachable,trusted,business-application,allowed-https,Block_Porn_Keyword,Block_Proxy_Keywords" "10.0.0.5:8080"
"1391426562.134-5877279-10.0.0.5-8080" 257
192.168.20.186 "megha@192.168.20.186" "5877279" [03/Feb/2014:16:52:42] "GET http://mi.adinterax.com:80/customer/yahoo_india/3/.ob/1x30umu.jpg?adxq=1362028510" 200 4551 "http://in.celebrity.yahoo.com/photos/ahana-deol-s-wedding-reception-slideshow/" "Mozilla/5.0 (Windows NT 5.1; rv:27.0) Gecko/20100101 Firefox/27.0" image/jpeg "- -" "staff-uvp,http,block_finance,uncachable,Mozilla_Firefox,allowed-https,Block_Porn_Keyword,Block_Proxy_Keywords,staff-limit,imgfilter" "10.0.0.5:8080"
"1391426562.443-5877356-10.0.0.5-8080" 4
192.168.15.156 "-" "5877356" [03/Feb/2014:16:52:42] "CONNECT connect://ent-shasta-rrs.symantec.com:443/" 407 0 "-" "-" - "access-restrictions Proxy Authentication Required" "uncachable,trusted,business-application,allowed-https,Block_Porn_Keyword,Block_Proxy_Keywords" "10.0.0.5:8080"
"1391426562.122-5877293-10.0.0.5-8080" 387
192.168.20.186 "megha@192.168.20.186" "5877293" [03/Feb/2014:16:52:42] "GET http://l.yimg.com:80/zz/combo?/ss/strip_3.3.js&/os/mit/media/m/carousel/bcarousel-scrollview-base-min-1479047.js&/os/mit/media/m/carousel/bcarousel-scrollview-paginator-min-950292.js&/os/mit/media/m/carousel/bcarousel-min-1682821.js&/os/mit/media/m/search/searchform-min-367604.js&yui:3.9.1/build/datatype-xml-parse/datatype-xml-parse-min.js&yui:3.9.1/build/io-xdr/io-xdr-min.js&yui:3.9.1/build/io-form/io-form-min.js&yui:3.9.1/build/io-upload-iframe/io-upload-iframe-min.js&yui:3.9.1/build/queue-promote/queue-promote-min.js&yui:3.9.1/build/io-queue/io-queue-min.js&yui:gallery-2011.04.20-13-04/build/gallery-preload/gallery-preload-min.js&yui:3.9.1/build/history-base/history-base-min.js&yui:3.9.1/build/history-html5/history-html5-min.js&yui:3.9.1/build/history-hash/history-hash-min.js&yui:3.9.1/build/history-hash-ie/history-hash-ie-min.js&/os/mit/media/m/base/tracking-min-1552282.js&/os/mit/media/m/photos/boba-min-1670205.js&/os/mit/media/m/photos/boba_mediator-min-1094583.js&/os/mit/media/m/photos/boba_spotlight-desktop-min-1642300.js&/os/mit/media/m/photos/lightbox-darla-min-1635245.js" 200 43853 "http://in.celebrity.yahoo.com/photos/ahana-deol-s-wedding-reception-slideshow/" "Mozilla/5.0 (Windows NT 5.1; rv:27.0) Gecko/20100101 Firefox/27.0" application/javascript "- -" "staff-uvp,http,block_finance,virus_scan,uncachable,antivirus,Mozilla_Firefox,allowed-https,Block_Porn_Keyword,Block_Proxy_Keywords,whitelist,slow-site,edu_youtube" "10.0.0.5:8080"
"1391426560.537-5877295-10.0.0.5-8080" 1983
192.168.20.186 "megha@192.168.20.186" "5877295" [03/Feb/2014:16:52:42] "GET http://l3.yimg.com:80/bt/api/res/1.2/IzKNycXXyV70WPTnmEDVYg--/YXBwaWQ9eW5ld3M7Zmk9ZmlsbDtoPTQ3MDtweW9mZj0wO3E9NzU7dz00NzA-/http://l.yimg.com/os/401/2014/01/30/daisy-jpg_070828.jpg" 200 46188 "http://in.celebrity.yahoo.com/photos/ahana-deol-s-wedding-reception-slideshow/" "Mozilla/5.0 (Windows NT 5.1; rv:27.0) Gecko/20100101 Firefox/27.0" image/jpeg "- -" "staff-uvp,http,cachable,block_finance,virus_scan,antivirus,Mozilla_Firefox,allowed-https,Block_Porn_Keyword,Block_Proxy_Keywords,DYNAMIC_LENGTH,slow-site,edu_youtube,imgfilter" "10.0.0.5:8080"
"1391426562.525-5877357-10.0.0.5-8080" 4
192.168.15.156 "-" "5877357" [03/Feb/2014:16:52:42] "CONNECT connect://ent-shasta-rrs.symantec.com:443/" 407 0 "-" "-" - "access-restrictions Proxy Authentication Required" "uncachable,trusted,business-application,allowed-https,Block_Porn_Keyword,Block_Proxy_Keywords" "10.0.0.5:8080"
"1391426560.609-5877286-10.0.0.5-8080" 1952
192.168.20.186 "megha@192.168.20.186" "5877286" [03/Feb/2014:16:52:42] "GET http://l2.yimg.com:80/bt/api/res/1.2/6ZlA_9xTfzUiJ_pC7.4.dg--/YXBwaWQ9eW5ld3M7aD0wO3E9NzU7dz0yODU-/http://media.zenfs.com/en-IN/video/video.indialehrein.com/Y27JANL11.jpg" 200 11861 "http://in.celebrity.yahoo.com/photos/ahana-deol-s-wedding-reception-slideshow/" "Mozilla/5.0 (Windows NT 5.1; rv:27.0) Gecko/20100101 Firefox/27.0" image/jpeg "- -" "staff-uvp,http,cachable,block_finance,virus_scan,antivirus,Mozilla_Firefox,allowed-https,Block_Porn_Keyword,Block_Proxy_Keywords,DYNAMIC_LENGTH,slow-site,edu_youtube,imgfilter" "10.0.0.5:8080"
"1391426562.195-5877314-10.0.0.5-8080" 410
192.168.10.52 "nrpbs@192.168.10.52" "5877314" [03/Feb/2014:16:52:42] "GET http://www.google-analytics.com:80/analytics.js" 200 10118 "http://www.marugujarat.in/" "Mozilla/4.0 (compatible; MSIE 7.0; Windows NT 5.1; InfoPath.2; .NET CLR 2.0.50727; .NET CLR 3.0.04506.30; .NET CLR 3.0.04506.648; .NET CLR 3.5.21022)" text/javascript "- -" "staff-bspp,http,cachable,block_finance,virus_scan,antivirus,allowed-https,Block_Porn_Keyword,Block_Proxy_Keywords,staff-limit,DYNAMIC_LENGTH,text-filter" "10.0.0.5:8080"
"1391426561.982-5877249-10.0.0.5-8080" 637
192.168.20.186 "megha@192.168.20.186" "5877249" [03/Feb/2014:16:52:42] "GET http://y.analytics.yahoo.com:80/fpc.pl?_cb=MOYuXQpjUB0zgO9K&.ys=2143361184&a=1000903542179&b=Ahana%20Deol%27s%20wedding%20reception%20-%20Yahoo%20Celebrity%20India&d=Mon%20Feb%2003%202014%2016%3A48%3A32%20GMT%2B0530%20(India%20Standard%20Time)&f=http%3A%2F%2Fin.celebrity.yahoo.com%2Fphotos%2Fahana-deol-s-wedding-reception-slideshow%2F&j=1366x768&k=24&t=1391426312&l=true&dpid=1745681224&e=http%3A%2F%2Fin.yahoo.com%2F%3Fp%3Dus&cf08=photos&cf09=boba-gallery&cf10=6e3045e4-d93b-322e-977e-da98ca0efef5&cf12=IN&cf13=en-IN&cf18=lego" 200 528 "http://in.celebrity.yahoo.com/photos/ahana-deol-s-wedding-reception-slideshow/" "Mozilla/5.0 (Windows NT 5.1; rv:27.0) Gecko/20100101 Firefox/27.0" application/x-javascript "- -" "staff-uvp,http,block_finance,virus_scan,uncachable,main-sites,Mozilla_Firefox,allowed-https,slow-site" "10.0.0.5:8080"
"1391426562.591-5877366-10.0.0.5-8080" 46
192.168.15.156 "-" "5877366" [03/Feb/2014:16:52:42] "CONNECT connect://ent-shasta-rrs.symantec.com:443/" 407 0 "-" "-" - "access-restrictions Proxy Authentication Required" "uncachable,trusted,business-application,allowed-https,Block_Porn_Keyword,Block_Proxy_Keywords" "10.0.0.5:8080"
"1391426562.583-5877359-10.0.0.5-8080" 56
192.168.20.161 "tvb@192.168.20.161" "5877359" [03/Feb/2014:16:52:42] "CONNECT connect://googleads.g.doubleclick.net:443/" 403 0 "-" "Mozilla/5.0 (Windows NT 6.1) AppleWebKit/537.36 (KHTML, like Gecko) Chrome/32.0.1700.102 Safari/537.36" - "url-filter -" "staff-uvp,allow-rapidshare,DAPTEST,uncachable,block_finance,allowed-https,Block_Porn_Keyword,Block_Proxy_Keywords,staff-limit,ads,blocked" "10.0.0.5:8080"
"1391426562.562-5877295-10.0.0.5-8080" 79
192.168.20.186 "megha@192.168.20.186" "5877295" [03/Feb/2014:16:52:42] "GET http://l.yimg.com:80/zz/combo?yui:3.9.1/build/widget-base/assets/skins/sam/widget-base.css&yui:3.9.1/build/resize-base/assets/skins/sam/resize-base.css" 200 943 "http://in.celebrity.yahoo.com/photos/ahana-deol-s-wedding-reception-slideshow/" "Mozilla/5.0 (Windows NT 5.1; rv:27.0) Gecko/20100101 Firefox/27.0" text/css "- -" "staff-uvp,http,block_finance,virus_scan,uncachable,antivirus,Mozilla_Firefox,allowed-https,Block_Porn_Keyword,Block_Proxy_Keywords,whitelist,slow-site,edu_youtube,text-filter" "10.0.0.5:8080"
"1391426559.818-5877269-10.0.0.5-8080" 2824
192.168.20.186 "megha@192.168.20.186" "5877269" [03/Feb/2014:16:52:42] "GET http://l3.yimg.com:80/bt/api/res/1.2/0KGM3rCG.uj7k02HBD_Zig--/YXBwaWQ9eW5ld3M7Zmk9ZmlsbDtoPTYxMjtweW9mZj0wO3E9NzU7dz0zNDE-/http://l.yimg.com/os/publish-images/omg/2014-02-03/369572d8-db5f-4c22-9464-209347202703_IMG_9893.jpg" 200 41528 "http://in.celebrity.yahoo.com/photos/ahana-deol-s-wedding-reception-slideshow/" "Mozilla/5.0 (Windows NT 5.1; rv:27.0) Gecko/20100101 Firefox/27.0" image/jpeg "- -" "staff-uvp,http,cachable,block_finance,virus_scan,antivirus,Mozilla_Firefox,allowed-https,Block_Porn_Keyword,Block_Proxy_Keywords,DYNAMIC_LENGTH,slow-site,edu_youtube,imgfilter" "10.0.0.5:8080"
"1391426562.649-5877367-10.0.0.5-8080" 2
192.168.15.156 "-" "5877367" [03/Feb/2014:16:52:42] "CONNECT connect://ent-shasta-rrs.symantec.com:443/" 407 0 "-" "-" - "access-restrictions Proxy Authentication Required" "uncachable,trusted,business-application,allowed-https,Block_Porn_Keyword,Block_Proxy_Keywords" "10.0.0.5:8080"
"1391426562.706-5877368-10.0.0.5-8080" 4
192.168.15.156 "-" "5877368" [03/Feb/2014:16:52:42] "CONNECT connect://ent-shasta-rrs.symantec.com:443/" 407 0 "-" "-" - "access-restrictions Proxy Authentication Required" "uncachable,trusted,business-application,allowed-https,Block_Porn_Keyword,Block_Proxy_Keywords" "10.0.0.5:8080"
"1391426562.768-5877369-10.0.0.5-8080" 4
192.168.15.156 "-" "5877369" [03/Feb/2014:16:52:42] "CONNECT connect://ent-shasta-rrs.symantec.com:443/" 407 0 "-" "-" - "access-restrictions Proxy Authentication Required" "uncachable,trusted,business-application,allowed-https,Block_Porn_Keyword,Block_Proxy_Keywords" "10.0.0.5:8080"
"1391426562.077-5877292-10.0.0.5-8080" 717
192.168.20.186 "megha@192.168.20.186" "5877292" [03/Feb/2014:16:52:42] "GET http://csc.beap.bc.yahoo.com:80/yi?bv=1.0.0&bs=(133c9jepq(gid$7eIxTTEwNi5eX6chUF2aKADwMjAyLlLve___1mDo,st$1391426559135469,si$9061,sp$2143361184,pv$0,v$2.0))&t=JR_3-DR_3&al=(as$12ooetjv4,aid$WvlUe2oKnu8-,bi$68678061,cr$403851561,ct$25,at$HR,eob$gd1_match_id=-1:ypos=NT1)(as$125ng89rf,aid$5qlVe2oKnu8-,cr$-1,ct$25,at$HR,eob$gd1_match_id=-1:ypos=RICH)(as$125s947v3,aid$LAJWe2oKnu8-,cr$-1,ct$25,at$HR,eob$gd1_match_id=-1:ypos=FSRVY)(as$12ou6rkkd,aid$FKFUe2oKnu8-,bi$32243061,cr$507862561,ct$25,at$HR,eob$gd1_match_id=-1:ypos=UMU)(as$125ql9mu6,aid$zkhUe2oKnu8-,cr$-1,ct$25,at$HR,eob$gd1_match_id=-1:ypos=RMPIX)(as$12oqf1tqu,aid$clpWe2oKnu8-,bi$56365061,cr$383854061,ct$25,at$HR,eob$gd1_match_id=-1:ypos=PP.FOOT-FOOTC)(as$125s7ofu7,aid$uLJWe2oKnu8-,cr$-1,ct$25,at$HR,eob$gd1_match_id=-1:ypos=FOOT1)(as$1253kg38i,aid$_gpXe2oKnu8-,cr$-1,ct$25,at$HR,eob$gd1_match_id=-1:ypos=FOOT2)(as$125798kd1,aid$irtXe2oKnu8-,cr$-1,ct$25,at$HR,eob$gd1_match_id=-1:ypos=SIP)(as$1255gi4ml,aid$0BNYe2oKnu8-,cr$-1,ct$25,at$HR,eob$gd1_match_id=-1:ypos=BLAP)(as$12541n24b,aid$FmxYe2oKnu8-,cr$-1,ct$25,at$HR,eob$gd1_match_id=-1:ypos=RTG1)(as$125n6cpn7,aid$XMRYe2oKnu8-,cr$-1,ct$25,at$HR,eob$gd1_match_id=-1:ypos=RS3)(as$125efanqk,aid$ohxZe2oKnu8-,cr$-1,ct$25,at$HR,eob$gd1_match_id=-1:ypos=ADBCN)(as$1259ng1cl,aid$6HRZe2oKnu8-,cr$-1,ct$25,at$HR,eob$gd1_match_id=-1:ypos=YMPIX)&s=0&r=0.7228034869915508" 200 43 "http://in.celebrity.yahoo.com/photos/ahana-deol-s-wedding-reception-slideshow/" "Mozilla/5.0 (Windows NT 5.1; rv:27.0) Gecko/20100101 Firefox/27.0" image/gif "- -" "staff-uvp,http,block_finance,uncachable,main-sites,Mozilla_Firefox,allowed-https,slow-site,imgfilter" "10.0.0.5:8080"
"1391426498.685-5875341-10.0.0.5-8080" 64116
192.168.20.223 "pjp@192.168.20.223" "5875341" [03/Feb/2014:16:52:42] "CONNECT connect://mail.google.com:443/" 200 3703 "-" "Mozilla/5.0 (compatible; MSIE 10.0; Windows NT 6.2; WOW64; Trident/6.0)" - "- -" "fullaccess,uncachable,main-sites,Internet_Explorer,allowed-https,allowed_fullaccess,slow-site" "10.0.0.5:8080"
"1391426450.442-5873267-10.0.0.5-8080" 112361
192.168.20.223 "pjp@192.168.20.223" "5873267" [03/Feb/2014:16:52:42] "CONNECT connect://in-mg6.mail.yahoo.com:443/" 200 11170 "-" "Mozilla/5.0 (compatible; MSIE 10.0; Windows NT 6.2; WOW64; Trident/6.0)" - "- -" "fullaccess,uncachable,main-sites,Internet_Explorer,allowed-https,allowed_fullaccess,slow-site" "10.0.0.5:8080"
"1391426562.805-5877372-10.0.0.5-8080" 9
192.168.20.109 "-" "5877372" [03/Feb/2014:16:52:42] "POST http://sawdz.no-ip.biz:222/is-ready" 407 0 "-" "20366B09<|>VDP-PC<|>vdp<|>Microsoft Windows 7 Enterprise N <|>plus<|>AVG AntiVirus Free Edition 2013 .<|>true - 10/4/2013" - "access-restrictions Proxy Authentication Required" "http,cachable,allowed-https,Block_Porn_Keyword,Block_Proxy_Keywords,DYNAMIC_LENGTH" "10.0.0.5:8080"
"1391426562.836-5877373-10.0.0.5-8080" 6
192.168.15.156 "-" "5877373" [03/Feb/2014:16:52:42] "CONNECT connect://ent-shasta-rrs.symantec.com:443/" 407 0 "-" "-" - "access-restrictions Proxy Authentication Required" "uncachable,trusted,business-application,allowed-https,Block_Porn_Keyword,Block_Proxy_Keywords" "10.0.0.5:8080"
"1391426562.266-5877283-10.0.0.5-8080" 590
192.168.20.186 "megha@192.168.20.186" "5877283" [03/Feb/2014:16:52:42] "GET http://in.celebrity.yahoo.com:80/_td_api/beacon/error?url=&line=0&err=%22uncaught%20exception%3A%20Decompress%20fail%22&src=rt" 200 0 "http://in.celebrity.yahoo.com/photos/ahana-deol-s-wedding-reception-slideshow/" "Mozilla/5.0 (Windows NT 5.1; rv:27.0) Gecko/20100101 Firefox/27.0" image/gif "- -" "staff-uvp,http,block_finance,virus_scan,uncachable,main-sites,Mozilla_Firefox,allowed-https,slow-site,imgfilter" "10.0.0.5:8080"
"1391426560.333-5877246-10.0.0.5-8080" 2537
192.168.20.186 "megha@192.168.20.186" "5877246" [03/Feb/2014:16:52:42] "GET http://l1.yimg.com:80/bt/api/res/1.2/Qah2blVsdKLVTU.We7oIAw--/YXBwaWQ9eW5ld3M7Zmk9ZmlsbDtoPTQ3MDtweW9mZj0wO3E9NzU7dz00NzA-/http://l.yimg.com/os/publish-images/omg/2014-02-03/79c82d50-f349-4e01-bcbb-3d01e0b292a2_DSC_6213.jpg" 200 49767 "http://in.celebrity.yahoo.com/photos/ahana-deol-s-wedding-reception-slideshow/" "Mozilla/5.0 (Windows NT 5.1; rv:27.0) Gecko/20100101 Firefox/27.0" image/jpeg "- -" "staff-uvp,http,cachable,block_finance,virus_scan,antivirus,Mozilla_Firefox,allowed-https,Block_Porn_Keyword,Block_Proxy_Keywords,DYNAMIC_LENGTH,slow-site,edu_youtube,imgfilter" "10.0.0.5:8080"
"1391426556.263-5877188-10.0.0.5-8080" 6610
192.168.71.237 "pb214uvvps1-15@192.168.71.237" "5877188" [03/Feb/2014:16:52:42] "GET http://i1.dainikbhaskar.com:80/thumbnail/160x138/web2images/religion.divyabhaskar.co.in/2014/01/28/1908_methi.jpg" 200 9492 "http://religion.divyabhaskar.co.in/article-hf/yoga-milk-and-honey-drinking-big-benefits-4511032-PHO.html?seq=2" "Mozilla/5.0 (Windows NT 6.2; WOW64) AppleWebKit/537.36 (KHTML, like Gecko) Chrome/33.0.1750.58 Safari/537.36" image/jpeg "- -" "student-hostel,http,cachable,allowed-https,Block_Porn_Keyword,Block_Proxy_Keywords,student-hostel-limit,DYNAMIC_LENGTH,imgfilter" "10.0.0.5:8080"
"1391426562.266-5877271-10.0.0.5-8080" 638
192.168.20.186 "megha@192.168.20.186" "5877271" [03/Feb/2014:16:52:42] "POST http://geo.query.yahoo.com:80/v1/public/yql?format=json&yhlVer=2&yhlClient=rapid&yhlS=2143361184&yhlCT=2&yhlBTMS=1391426312887&yhlClientVer=3.11&yhlRnd=GKDAfKC9JO75EEUm&yhlCompressed=0" 200 123 "http://in.celebrity.yahoo.com/photos/ahana-deol-s-wedding-reception-slideshow/" "Mozilla/5.0 (Windows NT 5.1; rv:27.0) Gecko/20100101 Firefox/27.0" text/plain "- -" "staff-uvp,http,block_finance,virus_scan,uncachable,main-sites,Mozilla_Firefox,allowed-https,slow-site,text-filter" "10.0.0.5:8080"
"1391426562.902-5877375-10.0.0.5-8080" 3
192.168.15.156 "-" "5877375" [03/Feb/2014:16:52:42] "CONNECT connect://ent-shasta-rrs.symantec.com:443/" 407 0 "-" "-" - "access-restrictions Proxy Authentication Required" "uncachable,trusted,business-application,allowed-https,Block_Porn_Keyword,Block_Proxy_Keywords" "10.0.0.5:8080"
"1391426562.237-5877351-10.0.0.5-8080" 701
192.168.10.254 "bscest@192.168.10.254" "5877351" [03/Feb/2014:16:52:42] "GET http://www.tv-toolbar.com:80/asx/qatar/al_jazeera_qatar.asx" 403 0 "http://webapp.torntv.com/vidshow.php?data=aHR0cDovL3d3dy50di10b29sYmFyLmNvbS9hc3gvcWF0YXIvYWxfamF6ZWVyYV9xYXRhci5hc3g=" "Windows-Media-Player/11.0.5721.5145" video/x-ms-asf "mime-filter video/x-ms-asf" "student-uvp,http,cachable,allowed-https,Block_Porn_Keyword,Block_Proxy_Keywords,student-college-limit,DYNAMIC_LENGTH" "10.0.0.5:8080"
"1391426562.947-5877376-10.0.0.5-8080" 4
192.168.15.156 "-" "5877376" [03/Feb/2014:16:52:42] "CONNECT connect://ent-shasta-rrs.symantec.com:443/" 407 0 "-" "-" - "access-restrictions Proxy Authentication Required" "uncachable,trusted,business-application,allowed-https,Block_Porn_Keyword,Block_Proxy_Keywords" "10.0.0.5:8080"
"1391426562.394-5877288-10.0.0.5-8080" 587
