192.168.50.48 "ptph@192.168.50.48" "5877488" [03/Feb/2014:16:52:47] "GET http://192.168.50.252:80/schoolquizplus/scripts/datepicker/ui.datepicker.js" 304 0 "http://192.168.50.252/schoolquizplus/teachers/lectures/mylectures.jsp?TeacherID=33" "Mozilla/5.0 (Windows NT 5.1) AppleWebKit/537.36 (KHTML, like Gecko) Chrome/32.0.1700.102 Safari/537.36" - "- -" "staff-pharma,http,cachable,block_finance,virus_scan,antivirus,allowed-https,Block_Porn_Keyword,Block_Proxy_Keywords,staff-limit,DYNAMIC_LENGTH" "10.0.0.5:8080"
"1391426567.677-5877489-10.0.0.5-8080" 39
192.168.50.48 "ptph@192.168.50.48" "5877489" [03/Feb/2014:16:52:47] "GET http://192.168.50.252:80/schoolquizplus/scripts/checkbox/jquery.checkboxes.js" 304 0 "http://192.168.50.252/schoolquizplus/teachers/lectures/mylectures.jsp?TeacherID=33" "Mozilla/5.0 (Windows NT 5.1) AppleWebKit/537.36 (KHTML, like Gecko) Chrome/32.0.1700.102 Safari/537.36" - "- -" "staff-pharma,http,cachable,block_finance,virus_scan,antivirus,allowed-https,Block_Porn_Keyword,Block_Proxy_Keywords,staff-limit,DYNAMIC_LENGTH" "10.0.0.5:8080"
"1391426567.679-5877491-10.0.0.5-8080" 37
192.168.50.48 "ptph@192.168.50.48" "5877491" [03/Feb/2014:16:52:47] "GET http://192.168.50.252:80/schoolquizplus/scripts/FCK-2.6.6/fckeditor.js" 304 0 "http://192.168.50.252/schoolquizplus/teachers/lectures/mylectures.jsp?TeacherID=33" "Mozilla/5.0 (Windows NT 5.1) AppleWebKit/537.36 (KHTML, like Gecko) Chrome/32.0.1700.102 Safari/537.36" - "- -" "staff-pharma,http,cachable,block_finance,virus_scan,antivirus,allowed-https,Block_Porn_Keyword,Block_Proxy_Keywords,staff-limit,DYNAMIC_LENGTH" "10.0.0.5:8080"
"1391426567.677-5877490-10.0.0.5-8080" 40
192.168.50.48 "ptph@192.168.50.48" "5877490" [03/Feb/2014:16:52:47] "GET http://192.168.50.252:80/schoolquizplus/scripts/field/jquery.field.min.js" 304 0 "http://192.168.50.252/schoolquizplus/teachers/lectures/mylectures.jsp?TeacherID=33" "Mozilla/5.0 (Windows NT 5.1) AppleWebKit/537.36 (KHTML, like Gecko) Chrome/32.0.1700.102 Safari/537.36" - "- -" "staff-pharma,http,cachable,block_finance,virus_scan,antivirus,allowed-https,Block_Porn_Keyword,Block_Proxy_Keywords,staff-limit,DYNAMIC_LENGTH" "10.0.0.5:8080"
"1391426567.702-5877492-10.0.0.5-8080" 18
192.168.50.48 "ptph@192.168.50.48" "5877492" [03/Feb/2014:16:52:47] "GET http://192.168.50.252:80/schoolquizplus/scripts/alttxt/alttxt-div.js" 304 0 "http://192.168.50.252/schoolquizplus/teachers/lectures/mylectures.jsp?TeacherID=33" "Mozilla/5.0 (Windows NT 5.1) AppleWebKit/537.36 (KHTML, like Gecko) Chrome/32.0.1700.102 Safari/537.36" - "- -" "staff-pharma,http,cachable,block_finance,virus_scan,antivirus,allowed-https,Block_Porn_Keyword,Block_Proxy_Keywords,staff-limit,DYNAMIC_LENGTH" "10.0.0.5:8080"
"1391426567.722-5877493-10.0.0.5-8080" 13
192.168.50.48 "ptph@192.168.50.48" "5877493" [03/Feb/2014:16:52:47] "GET http://192.168.50.252:80/schoolquizplus/scripts/chosen/chosen.jquery.js" 404 230 "http://192.168.50.252/schoolquizplus/teachers/lectures/mylectures.jsp?Action=Default&TeacherID=32&Message=One%20record%20added.%20New%20ID%20=%2010864" "Mozilla/5.0 (Windows NT 5.1) AppleWebKit/537.36 (KHTML, like Gecko) Chrome/32.0.1700.102 Safari/537.36" text/html "- -" "staff-pharma,http,cachable,block_finance,virus_scan,antivirus,allowed-https,Block_Porn_Keyword,Block_Proxy_Keywords,staff-limit,DYNAMIC_LENGTH,text-filter" "10.0.0.5:8080"
"1391426567.727-5877494-10.0.0.5-8080" 13
192.168.50.48 "ptph@192.168.50.48" "5877494" [03/Feb/2014:16:52:47] "GET http://192.168.50.252:80/schoolquizplus/images/logo.gif" 404 214 "http://192.168.50.252/schoolquizplus/teachers/lectures/mylectures.jsp?Action=Default&TeacherID=32&Message=One%20record%20added.%20New%20ID%20=%2010864" "Mozilla/5.0 (Windows NT 5.1) AppleWebKit/537.36 (KHTML, like Gecko) Chrome/32.0.1700.102 Safari/537.36" text/html "- -" "staff-pharma,http,cachable,block_finance,allowed-https,Block_Porn_Keyword,Block_Proxy_Keywords,staff-limit,DYNAMIC_LENGTH,text-filter" "10.0.0.5:8080"
"1391426567.896-5877495-10.0.0.5-8080" 4
192.168.20.11 "-" "5877495" [03/Feb/2014:16:52:47] "GET http://crl.geotrust.com:80/crls/secureca.crl" 407 0 "-" "Microsoft-CryptoAPI/6.1" - "access-restrictions Proxy Authentication Required" "http,cachable,allowed-https,Block_Porn_Keyword,Block_Proxy_Keywords,DYNAMIC_LENGTH" "10.0.0.5:8080"
"1391426567.906-5877496-10.0.0.5-8080" 6
192.168.20.11 "-" "5877496" [03/Feb/2014:16:52:47] "GET http://gtglobal-ocsp.geotrust.com:80/MEQwQjBAMD4wPDAJBgUrDgMCGgUABBSxtDkXkBa3l3lQEfFgudSiPNvt7gQUAPkqw0GRtsnCuD5V8sCXEROgByACAwI6aQ%3D%3D" 407 0 "-" "Microsoft-CryptoAPI/6.1" - "access-restrictions Proxy Authentication Required" "http,cachable,allowed-https,Block_Porn_Keyword,Block_Proxy_Keywords,DYNAMIC_LENGTH" "10.0.0.5:8080"
"1391426567.916-5877497-10.0.0.5-8080" 4
192.168.20.11 "-" "5877497" [03/Feb/2014:16:52:47] "GET http://crl.geotrust.com:80/crls/gtglobal.crl" 407 0 "-" "Microsoft-CryptoAPI/6.1" - "access-restrictions Proxy Authentication Required" "http,cachable,allowed-https,Block_Porn_Keyword,Block_Proxy_Keywords,DYNAMIC_LENGTH" "10.0.0.5:8080"
"1391426567.927-5877498-10.0.0.5-8080" 5
192.168.20.11 "-" "5877498" [03/Feb/2014:16:52:47] "GET http://clients1.google.com:80/ocsp/MEkwRzBFMEMwQTAJBgUrDgMCGgUABBTy4Gr5hYodjXCbSRkjeqm1Gih%2BZAQUSt0GFhu89mi1dvWBtrtiGrpagS8CCEsc84Dqcjqk" 407 0 "-" "Microsoft-CryptoAPI/6.1" - "access-restrictions Proxy Authentication Required" "http,cachable,main-sites,allowed-https,DYNAMIC_LENGTH,slow-site" "10.0.0.5:8080"
"1391426567.936-5877499-10.0.0.5-8080" 4
192.168.20.11 "-" "5877499" [03/Feb/2014:16:52:47] "GET http://pki.google.com:80/GIAG2.crl" 407 0 "-" "Microsoft-CryptoAPI/6.1" - "access-restrictions Proxy Authentication Required" "http,cachable,main-sites,allowed-https,DYNAMIC_LENGTH,slow-site" "10.0.0.5:8080"
"1391426567.331-5877479-10.0.0.5-8080" 613
192.168.20.11 "vbd@192.168.20.11" "5877479" [03/Feb/2014:16:52:47] "CONNECT connect://clients4.google.com:443/" 200 4179 "-" "toolbar" - "- -" "fullaccess,uncachable,main-sites,allowed-https,allowed_fullaccess,slow-site" "10.0.0.5:8080"
"1391426565.674-5877249-10.0.0.5-8080" 2318
192.168.20.186 "megha@192.168.20.186" "5877249" [03/Feb/2014:16:52:47] "GET http://l3.yimg.com:80/bt/api/res/1.2/3SNbBqB4iQcRjojjG79m4Q--/YXBwaWQ9eW5ld3M7Zmk9ZmlsbDtoPTYxMjtweW9mZj0wO3E9NzU7dz0yNjg-/http://l.yimg.com/os/publish-images/omg/2014-02-03/301bef68-a813-45a9-af02-4eff10ecb6c5_DSC_8401.jpg" 200 31164 "http://in.celebrity.yahoo.com/photos/ahana-deol-s-wedding-reception-slideshow/" "Mozilla/5.0 (Windows NT 5.1; rv:27.0) Gecko/20100101 Firefox/27.0" image/jpeg "- -" "staff-uvp,http,cachable,block_finance,virus_scan,antivirus,Mozilla_Firefox,allowed-https,Block_Porn_Keyword,Block_Proxy_Keywords,DYNAMIC_LENGTH,slow-site,edu_youtube,imgfilter" "10.0.0.5:8080"
"1391426568.039-5877502-10.0.0.5-8080" 4
192.168.20.109 "-" "5877502" [03/Feb/2014:16:52:48] "POST http://sawdz.no-ip.biz:222/is-ready" 407 0 "-" "20366B09<|>VDP-PC<|>vdp<|>Microsoft Windows 7 Enterprise N <|>plus<|>AVG AntiVirus Free Edition 2013 .<|>true - 10/4/2013" - "access-restrictions Proxy Authentication Required" "http,cachable,allowed-https,Block_Porn_Keyword,Block_Proxy_Keywords,DYNAMIC_LENGTH" "10.0.0.5:8080"
"1391426484.701-5874902-10.0.0.5-8080" 83350
192.168.15.66 "dcs@192.168.15.66" "5874902" [03/Feb/2014:16:52:48] "CONNECT connect://chatenabled.mail.google.com:443/" 200 2569 "-" "Mozilla/4.0 (compatible; MSIE 8.0; Windows NT 5.1; Trident/4.0; InfoPath.2; .NET CLR 1.1.4322)" - "- -" "staff-uvp,uncachable,block_finance,main-sites,allowed-https,slow-site" "10.0.0.5:8080"
"1391426542.067-5850042-10.0.0.5-8080" 26036
192.168.20.97 "hapic@192.168.20.97" "5850042" [03/Feb/2014:16:52:48] "GET http://r1---sn-ca51xoxu-5hqe.googlevideo.com:80/videoplayback?algorithm=throttle-factor&burst=40&clen=91103963&cpn=dWb2jNOBpMW0lenr&dur=372.839&expire=1391450317&factor=1.25&fexp=921096%2C914004%2C934226%2C936910%2C936913&gir=yes&id=d22f9874a0b80a65&ip=202.131.97.206&ipbits=0&itag=136&keepalive=yes&key=yt5&lmt=1387235190566407&ms=au&mt=1391425022&mv=u&range=83640320-87822335&ratebypass=yes&signature=1037F350D0D19B2A98ACD2403DE040060C830A16.48C26C057C14F4DAD6B9BFBF05BA58406726FC0D&source=youtube&sparams=algorithm%2Cburst%2Cclen%2Cdur%2Cfactor%2Cgir%2Cid%2Cip%2Cipbits%2Citag%2Clmt%2Csource%2Cupn%2Cexpire&sver=3&upn=lZy1cZDcqs8" 200 4182016 "http://s.ytimg.com/yts/swfbin/player-vflofvnpV/watch_as3.swf" "Mozilla/5.0 (Windows NT 6.1; rv:26.0) Gecko/20100101 Firefox/26.0" application/octet-stream "- -" "fullaccess,http,uncachable,Mozilla_Firefox,allowed-https,allowed_fullaccess,Block_Porn_Keyword,Block_Proxy_Keywords,allow-social" "10.0.0.5:8080"
"1391426568.104-5877505-10.0.0.5-8080" 4
192.168.11.88 "-" "5877505" [03/Feb/2014:16:52:48] "CONNECT connect://tools.google.com:443/" 407 0 "-" "-" - "access-restrictions Proxy Authentication Required" "uncachable,main-sites,allowed-https,slow-site" "10.0.0.5:8080"
"1391426567.473-5872872-10.0.0.5-8080" 664
192.168.20.141 "hra@192.168.20.141" "5872872" [03/Feb/2014:16:52:48] "POST http://www.shaadi.com:80/registration/user/complete-logout" 302 20 "http://www.shaadi.com/registration/user/logout" "Mozilla/5.0 (Windows NT 6.1) AppleWebKit/537.36 (KHTML, like Gecko) Chrome/27.0.1453.116 Safari/537.36" text/html "- -" "staff-uvp,http,cachable,block_finance,virus_scan,antivirus,allowed-https,Block_Porn_Keyword,Block_Proxy_Keywords,staff-limit,DYNAMIC_LENGTH,text-filter" "10.0.0.5:8080"
"1391417686.351-5105655-10.0.0.5-8080" 8881812
192.168.21.11 "rvmuv@192.168.21.11" "5105655" [03/Feb/2014:16:52:48] "CONNECT connect://88.198.6.54:443/" 200 358 "-" "-" - "- -" "staff-uvp,uncachable,block_finance,allowed-https,Block_Porn_Keyword,Block_Proxy_Keywords,staff-limit" "10.0.0.5:8080"
"1391426568.159-5877506-10.0.0.5-8080" 7
192.168.15.103 "-" "5877506" [03/Feb/2014:16:52:48] "CONNECT connect://ent-shasta-rrs.symantec.com:443/" 407 0 "-" "Iron" - "access-restrictions Proxy Authentication Required" "uncachable,trusted,business-application,allowed-https,Block_Porn_Keyword,Block_Proxy_Keywords" "10.0.0.5:8080"
"1391426567.580-5877422-10.0.0.5-8080" 598
192.168.15.211 "ljpatel@192.168.15.211" "5877422" [03/Feb/2014:16:52:48] "GET http://log.pinterest.com:80/?via=http%3A%2F%2Fkhabar.ndtv.com%2Ftopic%2Fsexy-jokes&guid=M9EoWorszmSM&type=pidget&callback=PIN_1391426565914.f.callback[1]" 200 0 "http://khabar.ndtv.com/topic/sexy-jokes" "Mozilla/5.0 (Windows NT 6.1; WOW64; rv:26.0) Gecko/20100101 Firefox/26.0" - "- -" "staff-pharma,allow-rapidshare,DAPTEST,http,block_finance,virus_scan,uncachable,antivirus,Mozilla_Firefox,allowed-https,Block_Porn_Keyword,Block_Proxy_Keywords,staff-limit" "10.0.0.5:8080"
"1391426522.981-5876123-10.0.0.5-8080" 45212
192.168.20.200 "mpp@192.168.20.200" "5876123" [03/Feb/2014:16:52:48] "CONNECT connect://fbcdn-sphotos-b-a.akamaihd.net:443/" 200 20916 "-" "Mozilla/5.0 (Windows NT 5.1) AppleWebKit/537.36 (KHTML, like Gecko) Chrome/29.0.1547.76 Safari/537.36" - "- -" "staff-uvp,uncachable,block_finance,allowed-https,Block_Porn_Keyword,Block_Proxy_Keywords,staff-limit" "10.0.0.5:8080"
"1391426568.235-5877508-10.0.0.5-8080" 4
192.168.91.177 "-" "5877508" [03/Feb/2014:16:52:48] "POST http://ffff99fff.no-ip.biz:99/is-ready" 407 0 "-" "DA1596F3<|>KRUPA1<|>Krupa<|>Microsoft Windows 7 Ultimate <|>plus<|>Symantec Endpoint Protection .<|>true - 1/9/2014" - "access-restrictions Proxy Authentication Required" "http,cachable,allowed-https,Block_Porn_Keyword,Block_Proxy_Keywords,DYNAMIC_LENGTH" "10.0.0.5:8080"
"1391426565.329-5877047-10.0.0.5-8080" 2916
192.168.20.24 "dsce@192.168.20.24" "5877047" [03/Feb/2014:16:52:48] "GET http://new.gnu.ac.in:80/uvpce/" 200 53193 "http://new.gnu.ac.in/uvpce/content/dr-kiran-r-amin" "Mozilla/5.0 (Windows NT 5.1) AppleWebKit/537.36 (KHTML, like Gecko) Chrome/33.0.1750.22 Safari/537.36" text/html "- -" "staff-uvp,http,cachable,block_finance,allowed-https,Block_Porn_Keyword,Block_Proxy_Keywords,DYNAMIC_LENGTH,text-filter" "10.0.0.5:8080"
"1391426565.674-5877246-10.0.0.5-8080" 2571
192.168.20.186 "megha@192.168.20.186" "5877246" [03/Feb/2014:16:52:48] "GET http://l.yimg.com:80/bt/api/res/1.2/hxfOPScCtSazzkI.t2_WPw--/YXBwaWQ9eW5ld3M7Zmk9ZmlsbDtoPTYxMjtweW9mZj0wO3E9NzU7dz0yOTI-/http://l.yimg.com/os/publish-images/omg/2014-02-03/7121b6e7-aeb7-4fd6-9aab-9ae84012b2fa_IMG_9907.jpg" 200 34496 "http://in.celebrity.yahoo.com/photos/ahana-deol-s-wedding-reception-slideshow/" "Mozilla/5.0 (Windows NT 5.1; rv:27.0) Gecko/20100101 Firefox/27.0" image/jpeg "- -" "staff-uvp,http,cachable,block_finance,virus_scan,antivirus,Mozilla_Firefox,allowed-https,Block_Porn_Keyword,Block_Proxy_Keywords,whitelist,DYNAMIC_LENGTH,slow-site,edu_youtube,imgfilter" "10.0.0.5:8080"
"1391426568.255-5877509-10.0.0.5-8080" 2
192.168.91.177 "-" "5877509" [03/Feb/2014:16:52:48] "POST http://sawdz.no-ip.biz:222/is-ready" 407 0 "-" "DA1596F3<|>KRUPA1<|>Krupa<|>Microsoft Windows 7 Ultimate <|>plus<|>Symantec Endpoint Protection .<|>true - 10/25/2013" - "access-restrictions Proxy Authentication Required" "http,cachable,allowed-https,Block_Porn_Keyword,Block_Proxy_Keywords,DYNAMIC_LENGTH" "10.0.0.5:8080"
"1391426568.353-5877510-10.0.0.5-8080" 5
192.168.71.237 "-" "5877510" [03/Feb/2014:16:52:48] "POST http://sawdz.no-ip.biz:222/is-ready" 407 0 "-" "BC7850AA<|>HP<|>Neha kakadiya<|>Microsoft Windows 8<|>plus<|>Windows Defender .Norton Internet Security .<|>false - 2/3/2014" - "access-restrictions Proxy Authentication Required" "http,cachable,allowed-https,Block_Porn_Keyword,Block_Proxy_Keywords,DYNAMIC_LENGTH" "10.0.0.5:8080"
"1391426567.946-5877500-10.0.0.5-8080" 420
192.168.20.11 "vbd@192.168.20.11" "5877500" [03/Feb/2014:16:52:48] "CONNECT connect://clients4.google.com:443/" 200 4211 "-" "toolbar" - "- -" "fullaccess,uncachable,main-sites,allowed-https,allowed_fullaccess,slow-site" "10.0.0.5:8080"
"1391426567.127-5815025-10.0.0.5-8080" 1335
192.168.20.97 "hapic@192.168.20.97" "5815025" [03/Feb/2014:16:52:48] "GET http://r1---sn-ca51xoxu-5hqe.googlevideo.com:80/videoplayback?algorithm=throttle-factor&burst=40&clen=18099886&cpn=UP3fZYinRUDu5cYz&dur=1139.588&expire=1391451676&factor=1.25&fexp=921096%2C914004%2C934226%2C936910%2C936913&gir=yes&id=6f82ba5c2d7f0f73&ip=202.131.97.206&ipbits=0&itag=140&keepalive=yes&key=yt5&lmt=1384701175460684&ms=au&mt=1391425619&mv=u&range=9183232-9424895&ratebypass=yes&signature=1FBAB578C76A31A7CB219FE7B5C3CFB09C0855D4.26CEFE582A397AF757486934747A99A103ADE2B3&source=youtube&sparams=algorithm%2Cburst%2Cclen%2Cdur%2Cfactor%2Cgir%2Cid%2Cip%2Cipbits%2Citag%2Clmt%2Csource%2Cupn%2Cexpire&sver=3&upn=OG2DKpCJvGo" 200 241664 "http://s.ytimg.com/yts/swfbin/player-vflofvnpV/watch_as3.swf" "Mozilla/5.0 (Windows NT 6.1; rv:26.0) Gecko/20100101 Firefox/26.0" application/octet-stream "- -" "fullaccess,http,virus_scan,uncachable,antivirus,Mozilla_Firefox,allowed-https,allowed_fullaccess,Block_Porn_Keyword,Block_Proxy_Keywords,allow-social" "10.0.0.5:8080"
"1391426568.484-5877512-10.0.0.5-8080" 12
192.168.71.223 "pg217bsvsn1-16@192.168.71.223" "5877512" [03/Feb/2014:16:52:48] "GET http://rainpow.com:80/uploads/large/2.bp.blogspot.com*-7d4JUigOuBQ*Txu48ZKbHjI*AAAAAAAADyM*AtFQkTEfaF4*s1600*34573_emma_roberts_001__moisture_farmer_152_123_721lo.jpg" 403 2178 "-" "Mozilla/5.0 (Windows NT 6.1; WOW64) AppleWebKit/537.36 (KHTML, like Gecko) Chrome/27.0.1453.65 Safari/537.36" text/html "urlbl adult" "student-hostel,http,cachable,virus_scan,antivirus,allowed-https,Block_Porn_Keyword,Block_Proxy_Keywords,student-hostel-limit,DYNAMIC_LENGTH" "10.0.0.5:8080"
"1391426566.733-5877474-10.0.0.5-8080" 1822
192.168.71.223 "pg217bsvsn1-16@192.168.71.223" "5877474" [03/Feb/2014:16:52:48] "CONNECT connect://foxi180_f.tlscdn.com:443/" 200 1002 "-" "Mozilla/5.0 (Windows NT 6.1; WOW64) AppleWebKit/537.36 (KHTML, like Gecko) Chrome/27.0.1453.65 Safari/537.36" - "- -" "student-hostel,uncachable,allowed-https,Block_Porn_Keyword,Block_Proxy_Keywords" "10.0.0.5:8080"
"1391426568.240-5872189-10.0.0.5-8080" 327
192.168.71.237 "pb214uvvps1-15@192.168.71.237" "5872189" [03/Feb/2014:16:52:48] "GET http://ping.chartbeat.net:80/ping?h=religion.divyabhaskar.co.in&p=%2Farticle%2Fyoga-milk-and-honey-drinking-big-benefits-4511032-PHO.html&u=h1kfh3gms4kss93p&d=religion.divyabhaskar.co.in&g=52526&g0=Ayurved&g1=Tirthal%20Bodar&n=0&f=00001&c=0.25&x=400&y=3509&o=1351&w=667&j=30&R=1&W=0&I=0&E=8&e=8&b=2854&t=rmw0aewpnhxziqbi&V=18&_" 200 43 "http://religion.divyabhaskar.co.in/article-hf/yoga-milk-and-honey-drinking-big-benefits-4511032-PHO.html?seq=2" "Mozilla/5.0 (Windows NT 6.2; WOW64) AppleWebKit/537.36 (KHTML, like Gecko) Chrome/33.0.1750.58 Safari/537.36" image/gif "- -" "student-hostel,http,virus_scan,uncachable,antivirus,allowed-https,Block_Porn_Keyword,Block_Proxy_Keywords,student-hostel-limit,imgfilter" "10.0.0.5:8080"
"1391426568.150-5872872-10.0.0.5-8080" 512
192.168.20.141 "hra@192.168.20.141" "5872872" [03/Feb/2014:16:52:48] "GET http://www.shaadi.com:80/registration/user/login" 200 5197 "http://www.shaadi.com/registration/user/logout" "Mozilla/5.0 (Windows NT 6.1) AppleWebKit/537.36 (KHTML, like Gecko) Chrome/27.0.1453.116 Safari/537.36" text/html "- -" "staff-uvp,http,cachable,block_finance,virus_scan,antivirus,allowed-https,Block_Porn_Keyword,Block_Proxy_Keywords,staff-limit,DYNAMIC_LENGTH,text-filter" "10.0.0.5:8080"
"1391426556.585-5877197-10.0.0.5-8080" 12090
192.168.20.177 "rmc@192.168.20.177" "5877197" [03/Feb/2014:16:52:48] "CONNECT connect://ssl.gstatic.com:443/" 200 7493 "-" "Mozilla/4.0 (compatible; MSIE 8.0; Windows NT 6.1; Trident/4.0; SLCC2; .NET CLR 2.0.50727; .NET CLR 3.5.30729; .NET CLR 3.0.30729; Media Center PC 6.0; InfoPath.3; AskTB5.6)" - "- -" "fullaccess,uncachable,allowed-https,allowed_fullaccess,Block_Porn_Keyword,Block_Proxy_Keywords" "10.0.0.5:8080"
"1391426568.685-5877515-10.0.0.5-8080" 5
192.168.21.69 "-" "5877515" [03/Feb/2014:16:52:48] "GET http://crl.geotrust.com:80/crls/secureca.crl" 407 0 "-" "Microsoft-CryptoAPI/6.1" - "access-restrictions Proxy Authentication Required" "http,cachable,allowed-https,Block_Porn_Keyword,Block_Proxy_Keywords,DYNAMIC_LENGTH" "10.0.0.5:8080"
"1391426568.700-5877517-10.0.0.5-8080" 7
192.168.21.69 "-" "5877517" [03/Feb/2014:16:52:48] "GET http://gtglobal-ocsp.geotrust.com:80/MEQwQjBAMD4wPDAJBgUrDgMCGgUABBSxtDkXkBa3l3lQEfFgudSiPNvt7gQUAPkqw0GRtsnCuD5V8sCXEROgByACAwI6aQ%3D%3D" 407 0 "-" "Microsoft-CryptoAPI/6.1" - "access-restrictions Proxy Authentication Required" "http,cachable,allowed-https,Block_Porn_Keyword,Block_Proxy_Keywords,DYNAMIC_LENGTH" "10.0.0.5:8080"
"1391426568.713-5877518-10.0.0.5-8080" 4
192.168.21.69 "-" "5877518" [03/Feb/2014:16:52:48] "GET http://crl.geotrust.com:80/crls/gtglobal.crl" 407 0 "-" "Microsoft-CryptoAPI/6.1" - "access-restrictions Proxy Authentication Required" "http,cachable,allowed-https,Block_Porn_Keyword,Block_Proxy_Keywords,DYNAMIC_LENGTH" "10.0.0.5:8080"
"1391426507.936-5875664-10.0.0.5-8080" 60800
192.168.71.223 "pg217bsvsn1-16@192.168.71.223" "5875664" [03/Feb/2014:16:52:48] "CONNECT connect://s.apollocdn.com:443/" 200 639 "-" "Mozilla/5.0 (Windows NT 6.1; WOW64) AppleWebKit/537.36 (KHTML, like Gecko) Chrome/27.0.1453.65 Safari/537.36" - "- -" "student-hostel,uncachable,allowed-https,Block_Porn_Keyword,Block_Proxy_Keywords" "10.0.0.5:8080"
"1391426568.729-5877520-10.0.0.5-8080" 15
192.168.21.69 "-" "5877520" [03/Feb/2014:16:52:48] "GET http://clients1.google.com:80/ocsp/MEkwRzBFMEMwQTAJBgUrDgMCGgUABBTy4Gr5hYodjXCbSRkjeqm1Gih%2BZAQUSt0GFhu89mi1dvWBtrtiGrpagS8CCEsc84Dqcjqk" 407 0 "-" "Microsoft-CryptoAPI/6.1" - "access-restrictions Proxy Authentication Required" "http,cachable,main-sites,allowed-https,DYNAMIC_LENGTH,slow-site" "10.0.0.5:8080"
"1391426568.728-5877519-10.0.0.5-8080" 19
192.168.20.213 "-" "5877519" [03/Feb/2014:16:52:48] "GET http://download.newnext.me:80/spark.bin?rnd=3261819022" 407 0 "-" "nengine[0.3.2.0]_0_0_" - "access-restrictions Proxy Authentication Required" "http,virus_scan,uncachable,antivirus,allowed-https,Block_Porn_Keyword,Block_Proxy_Keywords" "10.0.0.5:8080"
"1391426568.749-5877521-10.0.0.5-8080" 5
192.168.21.69 "-" "5877521" [03/Feb/2014:16:52:48] "GET http://pki.google.com:80/GIAG2.crl" 407 0 "-" "Microsoft-CryptoAPI/6.1" - "access-restrictions Proxy Authentication Required" "http,cachable,main-sites,allowed-https,DYNAMIC_LENGTH,slow-site" "10.0.0.5:8080"
"1391426567.534-5877483-10.0.0.5-8080" 1227
192.168.21.69 "mad@192.168.21.69" "5877483" [03/Feb/2014:16:52:48] "CONNECT connect://www.google.co.in:443/" 200 4177 "-" "Mozilla/4.0 (compatible; MSIE 8.0; Windows NT 6.1; Trident/4.0; GTB7.5; SLCC2; .NET CLR 2.0.50727; .NET CLR 3.5.30729; .NET CLR 3.0.30729; Media Center PC 6.0)" - "- -" "staff-uvp,uncachable,block_finance,main-sites,allowed-https,staff-limit" "10.0.0.5:8080"
"1391426568.758-5876513-10.0.0.5-8080" 9
192.168.20.141 "hra@192.168.20.141" "5876513" [03/Feb/2014:16:52:48] "GET http://stats.g.doubleclick.net:80/dc.js" 403 64 "http://www.shaadi.com/registration/user/complete-logout" "Mozilla/5.0 (Windows NT 6.1) AppleWebKit/537.36 (KHTML, like Gecko) Chrome/27.0.1453.116 Safari/537.36" image/gif "url-filter -" "staff-uvp,http,cachable,block_finance,virus_scan,antivirus,allowed-https,Block_Porn_Keyword,Block_Proxy_Keywords,staff-limit,DYNAMIC_LENGTH,ads,blocked" "10.0.0.5:8080"
"1391426568.753-5877052-10.0.0.5-8080" 132
192.168.20.141 "hra@192.168.20.141" "5877052" [03/Feb/2014:16:52:48] "GET http://www.imgshaadi.com:80/community/js/mobile-landing-page-v5.js" 200 10130 "http://www.shaadi.com/registration/user/complete-logout" "Mozilla/5.0 (Windows NT 6.1) AppleWebKit/537.36 (KHTML, like Gecko) Chrome/27.0.1453.116 Safari/537.36" text/javascript "- -" "staff-uvp,http,cachable,block_finance,virus_scan,antivirus,allowed-https,Block_Porn_Keyword,Block_Proxy_Keywords,staff-limit,DYNAMIC_LENGTH,text-filter" "10.0.0.5:8080"
"1391426568.918-5877525-10.0.0.5-8080" 45
192.168.11.88 "-" "5877525" [03/Feb/2014:16:52:48] "CONNECT connect://ssl.gstatic.com:443/" 407 0 "-" "Mozilla/5.0 (Windows NT 5.1) AppleWebKit/537.36 (KHTML, like Gecko) Chrome/29.0.1547.62 Safari/537.36" - "access-restrictions Proxy Authentication Required" "uncachable,allowed-https,Block_Porn_Keyword,Block_Proxy_Keywords" "10.0.0.5:8080"
"1391426568.979-5877527-10.0.0.5-8080" 5
192.168.71.223 "pg217bsvsn1-16@192.168.71.223" "5877527" [03/Feb/2014:16:52:48] "GET http://images.hd-pix.com:80/pix64440.jpg" 403 2052 "-" "Mozilla/5.0 (Windows NT 6.1; WOW64) AppleWebKit/537.36 (KHTML, like Gecko) Chrome/27.0.1453.65 Safari/537.36" text/html "urlbl adult" "student-hostel,http,cachable,allowed-https,Block_Porn_Keyword,Block_Proxy_Keywords,student-hostel-limit,DYNAMIC_LENGTH" "10.0.0.5:8080"
"1391426566.295-5877460-10.0.0.5-8080" 2730
192.168.50.84 "ptph@192.168.50.84" "5877460" [03/Feb/2014:16:52:49] "CONNECT connect://csc.beap.bc.yahoo.com:443/" 200 8379 "-" "Mozilla/5.0 (Windows NT 6.2; WOW64) AppleWebKit/537.36 (KHTML, like Gecko) Chrome/34.0.1809.0 Safari/537.36" - "- -" "staff-pharma,uncachable,block_finance,main-sites,allowed-https,slow-site" "10.0.0.5:8080"
"1391426569.034-5877529-10.0.0.5-8080" 4
192.168.15.66 "-" "5877529" [03/Feb/2014:16:52:49] "GET http://crl.geotrust.com:80/crls/secureca.crl" 407 0 "-" "Microsoft-CryptoAPI/5.131.2600.5512" - "access-restrictions Proxy Authentication Required" "http,cachable,allowed-https,Block_Porn_Keyword,Block_Proxy_Keywords,DYNAMIC_LENGTH" "10.0.0.5:8080"
"1391426569.045-5877530-10.0.0.5-8080" 4
192.168.15.66 "-" "5877530" [03/Feb/2014:16:52:49] "GET http://crl.geotrust.com:80/crls/gtglobal.crl" 407 0 "-" "Microsoft-CryptoAPI/5.131.2600.5512" - "access-restrictions Proxy Authentication Required" "http,cachable,allowed-https,Block_Porn_Keyword,Block_Proxy_Keywords,DYNAMIC_LENGTH" "10.0.0.5:8080"
"1391426568.924-5877050-10.0.0.5-8080" 129
192.168.20.141 "hra@192.168.20.141" "5877050" [03/Feb/2014:16:52:49] "GET http://www.imgshaadi.com:80/imgs/mobile-services/app-store-bttn.gif" 200 5201 "http://www.shaadi.com/registration/user/complete-logout" "Mozilla/5.0 (Windows NT 6.1) AppleWebKit/537.36 (KHTML, like Gecko) Chrome/27.0.1453.116 Safari/537.36" image/gif "- -" "staff-uvp,http,cachable,block_finance,virus_scan,antivirus,allowed-https,Block_Porn_Keyword,Block_Proxy_Keywords,staff-limit,DYNAMIC_LENGTH,imgfilter" "10.0.0.5:8080"
"1391426471.836-5874470-10.0.0.5-8080" 97219
192.168.71.223 "pg217bsvsn1-16@192.168.71.223" "5874470" [03/Feb/2014:16:52:49] "CONNECT connect://s.apollocdn.com:443/" 200 108160 "-" "Mozilla/5.0 (Windows NT 6.1; WOW64) AppleWebKit/537.36 (KHTML, like Gecko) Chrome/27.0.1453.65 Safari/537.36" - "- -" "student-hostel,uncachable,allowed-https,Block_Porn_Keyword,Block_Proxy_Keywords" "10.0.0.5:8080"
"1391426568.919-5877052-10.0.0.5-8080" 137
192.168.20.141 "hra@192.168.20.141" "5877052" [03/Feb/2014:16:52:49] "GET http://www.imgshaadi.com:80/imgs/mobile-services/iphone.jpg" 200 3767 "http://www.shaadi.com/registration/user/complete-logout" "Mozilla/5.0 (Windows NT 6.1) AppleWebKit/537.36 (KHTML, like Gecko) Chrome/27.0.1453.116 Safari/537.36" image/jpeg "- -" "staff-uvp,http,cachable,block_finance,allowed-https,Block_Porn_Keyword,Block_Proxy_Keywords,staff-limit,DYNAMIC_LENGTH,imgfilter" "10.0.0.5:8080"
"1391426569.056-5877531-10.0.0.5-8080" 5
192.168.15.66 "-" "5877531" [03/Feb/2014:16:52:49] "GET http://pki.google.com:80/GIAG2.crl" 407 0 "-" "Microsoft-CryptoAPI/5.131.2600.5512" - "access-restrictions Proxy Authentication Required" "http,cachable,main-sites,allowed-https,DYNAMIC_LENGTH,slow-site" "10.0.0.5:8080"
"1391426568.921-5877045-10.0.0.5-8080" 141
192.168.20.141 "hra@192.168.20.141" "5877045" [03/Feb/2014:16:52:49] "GET http://www.imgshaadi.com:80/imgs/mobile-services/android.jpg" 200 7162 "http://www.shaadi.com/registration/user/complete-logout" "Mozilla/5.0 (Windows NT 6.1) AppleWebKit/537.36 (KHTML, like Gecko) Chrome/27.0.1453.116 Safari/537.36" image/jpeg "- -" "staff-uvp,http,cachable,block_finance,allowed-https,Block_Porn_Keyword,Block_Proxy_Keywords,staff-limit,DYNAMIC_LENGTH,imgfilter" "10.0.0.5:8080"
"1391426568.921-5872864-10.0.0.5-8080" 143
192.168.20.141 "hra@192.168.20.141" "5872864" [03/Feb/2014:16:52:49] "GET http://www.imgshaadi.com:80/imgs/mobile-services/or.gif" 200 498 "http://www.shaadi.com/registration/user/complete-logout" "Mozilla/5.0 (Windows NT 6.1) AppleWebKit/537.36 (KHTML, like Gecko) Chrome/27.0.1453.116 Safari/537.36" image/gif "- -" "staff-uvp,http,cachable,block_finance,allowed-https,Block_Porn_Keyword,Block_Proxy_Keywords,staff-limit,DYNAMIC_LENGTH,imgfilter" "10.0.0.5:8080"
"1391426568.053-5877503-10.0.0.5-8080" 1011
192.168.15.66 "dcs@192.168.15.66" "5877503" [03/Feb/2014:16:52:49] "CONNECT connect://csi.gstatic.com:443/" 200 3648 "-" "Mozilla/4.0 (compatible; MSIE 8.0; Windows NT 5.1; Trident/4.0; InfoPath.2; .NET CLR 1.1.4322)" - "- -" "staff-uvp,uncachable,block_finance,allowed-https,Block_Porn_Keyword,Block_Proxy_Keywords,staff-limit" "10.0.0.5:8080"
"1391426568.924-5877054-10.0.0.5-8080" 143
192.168.20.141 "hra@192.168.20.141" "5877054" [03/Feb/2014:16:52:49] "GET http://www.imgshaadi.com:80/imgs/mobile-services/ipad.jpg" 200 6279 "http://www.shaadi.com/registration/user/complete-logout" "Mozilla/5.0 (Windows NT 6.1) AppleWebKit/537.36 (KHTML, like Gecko) Chrome/27.0.1453.116 Safari/537.36" image/jpeg "- -" "staff-uvp,http,cachable,block_finance,allowed-https,Block_Porn_Keyword,Block_Proxy_Keywords,staff-limit,DYNAMIC_LENGTH,imgfilter" "10.0.0.5:8080"
"1391426568.926-5877051-10.0.0.5-8080" 153
192.168.20.141 "hra@192.168.20.141" "5877051" [03/Feb/2014:16:52:49] "GET http://www.imgshaadi.com:80/imgs/mobile-services/ipad-layer.jpg" 200 9503 "http://www.shaadi.com/registration/user/complete-logout" "Mozilla/5.0 (Windows NT 6.1) AppleWebKit/537.36 (KHTML, like Gecko) Chrome/27.0.1453.116 Safari/537.36" image/jpeg "- -" "staff-uvp,http,cachable,block_finance,allowed-https,Block_Porn_Keyword,Block_Proxy_Keywords,staff-limit,DYNAMIC_LENGTH,imgfilter" "10.0.0.5:8080"
"1391426568.736-5875847-10.0.0.5-8080" 416
192.168.71.117 "pb114uvgjc1-16@192.168.71.117" "5875847" [03/Feb/2014:16:52:49] "GET http://s.youtube.com:80/stream_204?ns=yt&cpn=GuKHNwo8egBiOMmf&scoville=1&docid=TjkHkyQE3OQ&el=embedded&fmt=135&ei=83vvUtH3FKHVgAK1lID4Bg&event=streamingstats&vps=0.000:N,2.745:PL" 204 0 "http://s.ytimg.com/yts/swfbin/player-vflofvnpV/watch_as3.swf" "Mozilla/5.0 (Windows NT 6.1; rv:26.0) Gecko/20100101 Firefox/26.0" - "- -" "student-hostel,http,virus_scan,uncachable,antivirus,Mozilla_Firefox,allowed-https,Block_Porn_Keyword,Block_Proxy_Keywords,student-hostel-limit,allow-social,edu_youtube,text-filter" "10.0.0.5:8080"
"1391426567.877-5873018-10.0.0.5-8080" 1282
192.168.20.97 "hapic@192.168.20.97" "5873018" [03/Feb/2014:16:52:49] "GET http://r1---sn-ca51xoxu-5hqe.googlevideo.com:80/videoplayback?algorithm=throttle-factor&burst=40&clen=18099886&cpn=UP3fZYinRUDu5cYz&dur=1139.588&expire=1391451676&factor=1.25&fexp=921096%2C914004%2C934226%2C936910%2C936913&gir=yes&id=6f82ba5c2d7f0f73&ip=202.131.97.206&ipbits=0&itag=140&keepalive=yes&key=yt5&lmt=1384701175460684&ms=au&mt=1391425619&mv=u&range=9424896-9666559&ratebypass=yes&signature=1FBAB578C76A31A7CB219FE7B5C3CFB09C0855D4.26CEFE582A397AF757486934747A99A103ADE2B3&source=youtube&sparams=algorithm%2Cburst%2Cclen%2Cdur%2Cfactor%2Cgir%2Cid%2Cip%2Cipbits%2Citag%2Clmt%2Csource%2Cupn%2Cexpire&sver=3&upn=OG2DKpCJvGo" 200 241664 "http://s.ytimg.com/yts/swfbin/player-vflofvnpV/watch_as3.swf" "Mozilla/5.0 (Windows NT 6.1; rv:26.0) Gecko/20100101 Firefox/26.0" application/octet-stream "- -" "fullaccess,http,virus_scan,uncachable,antivirus,Mozilla_Firefox,allowed-https,allowed_fullaccess,Block_Porn_Keyword,Block_Proxy_Keywords,allow-social" "10.0.0.5:8080"
"1391426568.084-5877504-10.0.0.5-8080" 1084
192.168.20.202 "admin@192.168.20.202" "5877504" [03/Feb/2014:16:52:49] "GET http://new.gnu.ac.in:80/uvpce/user/logout" 302 0 "http://new.gnu.ac.in/uvpce/content/welfare-activity" "Mozilla/5.0 (Windows NT 5.1; rv:23.0) Gecko/20100101 Firefox/23.0" text/html "- -" "admin,http,cachable,Mozilla_Firefox,allowed-https,Block_Porn_Keyword,Block_Proxy_Keywords,DYNAMIC_LENGTH,text-filter" "10.0.0.5:8080"
"1391426569.069-5877050-10.0.0.5-8080" 103
192.168.20.141 "hra@192.168.20.141" "5877050" [03/Feb/2014:16:52:49] "GET http://www.imgshaadi.com:80/imgs/registration/arrow-free-listing.png" 200 1845 "http://www.shaadi.com/registration/user/complete-logout" "Mozilla/5.0 (Windows NT 6.1) AppleWebKit/537.36 (KHTML, like Gecko) Chrome/27.0.1453.116 Safari/537.36" image/png "- -" "staff-uvp,http,cachable,block_finance,virus_scan,antivirus,allowed-https,Block_Porn_Keyword,Block_Proxy_Keywords,staff-limit,DYNAMIC_LENGTH,imgfilter" "10.0.0.5:8080"
"1391426569.088-5872864-10.0.0.5-8080" 93
192.168.20.141 "hra@192.168.20.141" "5872864" [03/Feb/2014:16:52:49] "GET http://www.imgshaadi.com:80/imgs/home/sep09/free-matches.gif" 200 3437 "http://www.shaadi.com/registration/user/complete-logout" "Mozilla/5.0 (Windows NT 6.1) AppleWebKit/537.36 (KHTML, like Gecko) Chrome/27.0.1453.116 Safari/537.36" image/gif "- -" "staff-uvp,http,cachable,block_finance,allowed-https,Block_Porn_Keyword,Block_Proxy_Keywords,staff-limit,DYNAMIC_LENGTH,imgfilter" "10.0.0.5:8080"
"1391426569.090-5877052-10.0.0.5-8080" 100
192.168.20.141 "hra@192.168.20.141" "5877052" [03/Feb/2014:16:52:49] "GET http://www.imgshaadi.com:80/imgs/registration/bold-listing-free.png" 200 7167 "http://www.shaadi.com/registration/user/complete-logout" "Mozilla/5.0 (Windows NT 6.1) AppleWebKit/537.36 (KHTML, like Gecko) Chrome/27.0.1453.116 Safari/537.36" image/png "- -" "staff-uvp,http,cachable,block_finance,virus_scan,antivirus,allowed-https,Block_Porn_Keyword,Block_Proxy_Keywords,staff-limit,DYNAMIC_LENGTH,imgfilter" "10.0.0.5:8080"
"1391426569.091-5877045-10.0.0.5-8080" 102
192.168.20.141 "hra@192.168.20.141" "5877045" [03/Feb/2014:16:52:49] "GET http://www.imgshaadi.com:80/imgs/homepage-12/bottom-shadow.gif" 200 2465 "http://www.shaadi.com/registration/user/complete-logout" "Mozilla/5.0 (Windows NT 6.1) AppleWebKit/537.36 (KHTML, like Gecko) Chrome/27.0.1453.116 Safari/537.36" image/gif "- -" "staff-uvp,http,cachable,block_finance,allowed-https,Block_Porn_Keyword,Block_Proxy_Keywords,staff-limit,DYNAMIC_LENGTH,imgfilter" "10.0.0.5:8080"
"1391426568.934-5877526-10.0.0.5-8080" 396
192.168.20.141 "hra@192.168.20.141" "5877526" [03/Feb/2014:16:52:49] "GET http://www.facebook.com:80/plugins/like.php?href=http%3A%2F%2Fwww.facebook.com%2Fshaadicom&send=false&layout=button_count&width=100&show_faces=false&action=like&colorscheme=light&font=arial&height=21" 200 5223 "http://www.shaadi.com/registration/user/complete-logout" "Mozilla/5.0 (Windows NT 6.1) AppleWebKit/537.36 (KHTML, like Gecko) Chrome/27.0.1453.116 Safari/537.36" text/html "urlbl blog" "staff-uvp,http,block_finance,allow_orkut,virus_scan,uncachable,antivirus,allowed-https,Block_Porn_Keyword,Block_Proxy_Keywords,text-filter" "10.0.0.5:8080"
"1391426569.331-5877535-10.0.0.5-8080" 2
192.168.10.52 "-" "5877535" [03/Feb/2014:16:52:49] "GET http://download.newnext.me:80/spark.bin?rnd=264277484" 407 0 "-" "nengine[0.3.2.0]_0_0_" - "access-restrictions Proxy Authentication Required" "http,virus_scan,uncachable,antivirus,allowed-https,Block_Porn_Keyword,Block_Proxy_Keywords" "10.0.0.5:8080"
"1391426568.481-5877511-10.0.0.5-8080" 861
192.168.50.84 "ptph@192.168.50.84" "5877511" [03/Feb/2014:16:52:49] "CONNECT connect://geo.yahoo.com:443/" 200 7231 "-" "Mozilla/5.0 (Windows NT 6.2; WOW64) AppleWebKit/537.36 (KHTML, like Gecko) Chrome/34.0.1809.0 Safari/537.36" - "- -" "staff-pharma,uncachable,block_finance,main-sites,allowed-https,slow-site" "10.0.0.5:8080"
"1391426569.365-5877536-10.0.0.5-8080" 5
192.168.20.236 "-" "5877536" [03/Feb/2014:16:52:49] "POST http://ffff99fff.no-ip.biz:99/is-ready" 407 0 "-" "001174D9<|>EC_92<|>ucp<|>Microsoft Windows XP Professional<|>plus<|>McAfee VirusScan Enterprise .<|>true - 10/16/2013" - "access-restrictions Proxy Authentication Required" "http,cachable,allowed-https,Block_Porn_Keyword,Block_Proxy_Keywords,DYNAMIC_LENGTH" "10.0.0.5:8080"
"1391426569.515-5877537-10.0.0.5-8080" 5
192.168.20.186 "-" "5877537" [03/Feb/2014:16:52:49] "GET http://urlfilter.vmn.net:80/vmnsbf/cl/stamp.txt" 407 0 "-" "SimpleGet" - "access-restrictions Proxy Authentication Required" "http,cachable,allowed-https,Block_Porn_Keyword,Block_Proxy_Keywords,DYNAMIC_LENGTH" "10.0.0.5:8080"
"1391426568.786-5850042-10.0.0.5-8080" 785
192.168.20.97 "hapic@192.168.20.97" "5850042" [03/Feb/2014:16:52:49] "GET http://r1---sn-ca51xoxu-5hqe.googlevideo.com:80/videoplayback?algorithm=throttle-factor&burst=40&clen=18099886&cpn=UP3fZYinRUDu5cYz&dur=1139.588&expire=1391451676&factor=1.25&fexp=921096%2C914004%2C934226%2C936910%2C936913&gir=yes&id=6f82ba5c2d7f0f73&ip=202.131.97.206&ipbits=0&itag=140&keepalive=yes&key=yt5&lmt=1384701175460684&ms=au&mt=1391425619&mv=u&range=9666560-9908223&ratebypass=yes&signature=1FBAB578C76A31A7CB219FE7B5C3CFB09C0855D4.26CEFE582A397AF757486934747A99A103ADE2B3&source=youtube&sparams=algorithm%2Cburst%2Cclen%2Cdur%2Cfactor%2Cgir%2Cid%2Cip%2Cipbits%2Citag%2Clmt%2Csource%2Cupn%2Cexpire&sver=3&upn=OG2DKpCJvGo" 200 241664 "http://s.ytimg.com/yts/swfbin/player-vflofvnpV/watch_as3.swf" "Mozilla/5.0 (Windows NT 6.1; rv:26.0) Gecko/20100101 Firefox/26.0" application/octet-stream "- -" "fullaccess,http,virus_scan,uncachable,antivirus,Mozilla_Firefox,allowed-https,allowed_fullaccess,Block_Porn_Keyword,Block_Proxy_Keywords,allow-social" "10.0.0.5:8080"
"1391426567.951-5877501-10.0.0.5-8080" 1634
192.168.50.253 "pmt@192.168.50.253" "5877501" [03/Feb/2014:16:52:49] "GET http://www.convertfiles.com:80/convert/ebook/EPUB-to-PDF.html" 200 12852 "-" "Mozilla/5.0 (Windows NT 6.1; WOW64; rv:26.0) Gecko/20100101 Firefox/26.0" text/html "- -" "staff-pharma,http,cachable,block_finance,virus_scan,antivirus,Mozilla_Firefox,allowed-https,Block_Porn_Keyword,Block_Proxy_Keywords,staff-limit,DYNAMIC_LENGTH,text-filter" "10.0.0.5:8080"
"1391426568.647-5876787-10.0.0.5-8080" 965
192.168.71.117 "pb114uvgjc1-16@192.168.71.117" "5876787" [03/Feb/2014:16:52:49] "GET http://www.youtube.com:80/player_204?plid=AATxfr0WBkGjobeQ&cpn=GuKHNwo8egBiOMmf&ei=83vvUtH3FKHVgAK1lID4Bg&scoville=1&cid=645183&sst=0&mt=7.24&fmt=135&v=TjkHkyQE3OQ&len=810.24&el=embedded&fv=WIN%2010,3,183,7&art=18.553&ad_flags=0&lact=18059&ad_event=2&rt=9.965&ns=yt&slots=sst~0;sidx~0;at~2_3&at=2_3&sidx=0&event=ad" 204 0 "http://s.ytimg.com/yts/swfbin/player-vflofvnpV/watch_as3.swf" "Mozilla/5.0 (Windows NT 6.1; rv:26.0) Gecko/20100101 Firefox/26.0" - "- -" "student-hostel,http,uncachable,Mozilla_Firefox,allowed-https,Block_Porn_Keyword,Block_Proxy_Keywords,student-hostel-limit,allow-social,edu_youtube,text-filter" "10.0.0.5:8080"
"1391426569.656-5877539-10.0.0.5-8080" 4
192.168.21.11 "-" "5877539" [03/Feb/2014:16:52:49] "POST http://rl.ammyy.com:80/" 407 0 "-" "-" - "access-restrictions Proxy Authentication Required" "http,cachable,allowed-https,Block_Porn_Keyword,Block_Proxy_Keywords,DYNAMIC_LENGTH" "10.0.0.5:8080"
"1391426569.566-5877538-10.0.0.5-8080" 224
192.168.10.254 "bscest@192.168.10.254" "5877538" [03/Feb/2014:16:52:49] "GET http://webapp.torntv.com:80/vidshow.php?data=aHR0cDovL3d3dy50di10b29sYmFyLmNvbS9hc3gvZnJhbmNlL2ZyYW5jZV9ldXJvbmV3cy5hc3g=" 200 1015 "http://webapp.torntv.com/" "Mozilla/4.0 (compatible; MSIE 7.0; Windows NT 5.1; .NET CLR 2.0.50727; .NET CLR 3.0.04506.648; .NET CLR 3.5.21022)" text/html "- -" "student-uvp,http,virus_scan,uncachable,antivirus,allowed-https,Block_Porn_Keyword,Block_Proxy_Keywords,student-college-limit,text-filter" "10.0.0.5:8080"
"1391426569.807-5877541-10.0.0.5-8080" 5
192.168.21.29 "-" "5877541" [03/Feb/2014:16:52:49] "GET http://73re918z6tjauity8q5z20d3i0o1q7.ipcheker.com:80/" 407 0 "-" "" - "access-restrictions Proxy Authentication Required" "http,cachable,allowed-https,Block_Porn_Keyword,Block_Proxy_Keywords,DYNAMIC_LENGTH" "10.0.0.5:8080"
"1391426569.822-5877542-10.0.0.5-8080" 5
192.168.21.29 "-" "5877542" [03/Feb/2014:16:52:49] "GET http://c752h4k7em003v4360586se1k91755.ipgreat.com:80/" 407 0 "-" "" - "access-restrictions Proxy Authentication Required" "http,cachable,allowed-https,Block_Porn_Keyword,Block_Proxy_Keywords,DYNAMIC_LENGTH" "10.0.0.5:8080"
"1391426565.910-5877445-10.0.0.5-8080" 3945
192.168.71.223 "pg217bsvsn1-16@192.168.71.223" "5877445" [03/Feb/2014:16:52:49] "GET http://yovonude.com:80/wp-content/uploads/2011/07/362988627.jpg" 200 144480 "-" "Mozilla/5.0 (Windows NT 6.1; WOW64) AppleWebKit/537.36 (KHTML, like Gecko) Chrome/27.0.1453.65 Safari/537.36" image/jpeg "- -" "student-hostel,http,cachable,allowed-https,Block_Porn_Keyword,Block_Proxy_Keywords,student-hostel-limit,DYNAMIC_LENGTH,imgfilter" "10.0.0.5:8080"
"1391426556.552-5877196-10.0.0.5-8080" 13380
192.168.20.177 "rmc@192.168.20.177" "5877196" [03/Feb/2014:16:52:49] "CONNECT connect://admin.google.com:443/" 200 14085 "-" "Mozilla/4.0 (compatible; MSIE 8.0; Windows NT 6.1; Trident/4.0; SLCC2; .NET CLR 2.0.50727; .NET CLR 3.5.30729; .NET CLR 3.0.30729; Media Center PC 6.0; InfoPath.3; AskTB5.6)" - "- -" "fullaccess,uncachable,main-sites,allowed-https,allowed_fullaccess,slow-site" "10.0.0.5:8080"
"1391426569.388-5815025-10.0.0.5-8080" 621
192.168.20.97 "hapic@192.168.20.97" "5815025" [03/Feb/2014:16:52:50] "GET http://r1---sn-ca51xoxu-5hqe.googlevideo.com:80/videoplayback?algorithm=throttle-factor&burst=40&clen=18099886&cpn=UP3fZYinRUDu5cYz&dur=1139.588&expire=1391451676&factor=1.25&fexp=921096%2C914004%2C934226%2C936910%2C936913&gir=yes&id=6f82ba5c2d7f0f73&ip=202.131.97.206&ipbits=0&itag=140&keepalive=yes&key=yt5&lmt=1384701175460684&ms=au&mt=1391425619&mv=u&range=9908224-10149887&ratebypass=yes&signature=1FBAB578C76A31A7CB219FE7B5C3CFB09C0855D4.26CEFE582A397AF757486934747A99A103ADE2B3&source=youtube&sparams=algorithm%2Cburst%2Cclen%2Cdur%2Cfactor%2Cgir%2Cid%2Cip%2Cipbits%2Citag%2Clmt%2Csource%2Cupn%2Cexpire&sver=3&upn=OG2DKpCJvGo" 200 241664 "http://s.ytimg.com/yts/swfbin/player-vflofvnpV/watch_as3.swf" "Mozilla/5.0 (Windows NT 6.1; rv:26.0) Gecko/20100101 Firefox/26.0" application/octet-stream "- -" "fullaccess,http,virus_scan,uncachable,antivirus,Mozilla_Firefox,allowed-https,allowed_fullaccess,Block_Porn_Keyword,Block_Proxy_Keywords,allow-social" "10.0.0.5:8080"
"1391426570.027-5877512-10.0.0.5-8080" 7
192.168.71.223 "pg217bsvsn1-16@192.168.71.223" "5877512" [03/Feb/2014:16:52:50] "GET http://rainpow.com:80/uploads/large/2.bp.blogspot.com*-7d4JUigOuBQ*Txu48ZKbHjI*AAAAAAAADyM*AtFQkTEfaF4*s1600*34573_emma_roberts_001__moisture_farmer_152_123_721lo.jpg" 403 2178 "-" "Mozilla/5.0 (Windows NT 6.1; WOW64) AppleWebKit/537.36 (KHTML, like Gecko) Chrome/27.0.1453.65 Safari/537.36" text/html "urlbl adult" "student-hostel,http,cachable,virus_scan,antivirus,allowed-https,Block_Porn_Keyword,Block_Proxy_Keywords,student-hostel-limit,DYNAMIC_LENGTH" "10.0.0.5:8080"
"1391426568.694-5877516-10.0.0.5-8080" 1365
192.168.71.223 "pg217bsvsn1-16@192.168.71.223" "5877516" [03/Feb/2014:16:52:50] "CONNECT connect://foxi180_f.tlscdn.com:443/" 200 1002 "-" "Mozilla/5.0 (Windows NT 6.1; WOW64) AppleWebKit/537.36 (KHTML, like Gecko) Chrome/27.0.1453.65 Safari/537.36" - "- -" "student-hostel,uncachable,allowed-https,Block_Porn_Keyword,Block_Proxy_Keywords" "10.0.0.5:8080"
"1391426569.901-5877546-10.0.0.5-8080" 464
192.168.50.253 "pmt@192.168.50.253" "5877546" [03/Feb/2014:16:52:50] "GET http://www.convertfiles.com:80/css/layout.css" 200 1747 "http://www.convertfiles.com/convert/ebook/EPUB-to-PDF.html" "Mozilla/5.0 (Windows NT 6.1; WOW64; rv:26.0) Gecko/20100101 Firefox/26.0" text/css "- -" "staff-pharma,http,cachable,block_finance,virus_scan,antivirus,Mozilla_Firefox,allowed-https,Block_Porn_Keyword,Block_Proxy_Keywords,staff-limit,DYNAMIC_LENGTH,text-filter" "10.0.0.5:8080"
"1391426555.892-5877041-10.0.0.5-8080" 4248
192.168.20.23 "psm@192.168.20.23" "5877041" [03/Feb/2014:16:52:40] "GET http://www.rakshashaktiuniversity.edu.in:80/images/closelabel.gif" 200 979 "http://www.rakshashaktiuniversity.edu.in/contact-us/contact-us.aspx" "Mozilla/5.0 (Windows NT 5.1; rv:14.0) Gecko/20100101 Firefox/14.0.1" image/gif "- -" "staff-uvp,http,cachable,block_finance,Mozilla_Firefox,allowed-https,Block_Porn_Keyword,Block_Proxy_Keywords,staff-limit,DYNAMIC_LENGTH,imgfilter" "10.0.0.5:8080"
"1391426559.917-5876789-10.0.0.5-8080" 260
192.168.71.117 "pb114uvgjc1-16@192.168.71.117" "5876789" [03/Feb/2014:16:52:40] "GET http://r5---sn-cvh7zn7z.googlevideo.com:80/crossdomain.xml" 200 169 "http://s.ytimg.com/yts/swfbin/player-vflofvnpV/watch_as3.swf" "Mozilla/5.0 (Windows NT 6.1; rv:26.0) Gecko/20100101 Firefox/26.0" text/x-cross-domain-policy "- -" "student-hostel,http,cachable,Mozilla_Firefox,allowed-https,Block_Porn_Keyword,Block_Proxy_Keywords,student-hostel-limit,DYNAMIC_LENGTH,allow-social,text-filter" "10.0.0.5:8080"
"1391426559.125-5877254-10.0.0.5-8080" 1109
192.168.20.27 "kjm@192.168.20.27" "5877254" [03/Feb/2014:16:52:40] "CONNECT connect://sb.live2support.com:443/" 200 1835 "-" "Mozilla/5.0 (Windows NT 5.1) AppleWebKit/537.36 (KHTML, like Gecko) Chrome/32.0.1700.102 Safari/537.36" - "- -" "staff-uvp,allow-rapidshare,DAPTEST,uncachable,block_finance,allowed-https,Block_Porn_Keyword,Block_Proxy_Keywords,staff-limit" "10.0.0.5:8080"
"1391426559.833-5877292-10.0.0.5-8080" 421
192.168.20.186 "megha@192.168.20.186" "5877292" [03/Feb/2014:16:52:40] "GET http://l.yimg.com:80/bt/api/res/1.2/CpocTwZ8UVOTYQB05lIToQ--/YXBwaWQ9eW5ld3M7Zmk9ZmlsbDtoPTk2O3E9Nzk7dz01Ng--/http://l.yimg.com/os/publish-images/omg/2014-02-03/defcf508-04b7-4f43-9b39-d87084c96087_IMG_2003.jpg" 200 1934 "http://in.celebrity.yahoo.com/photos/ahana-deol-s-wedding-reception-slideshow/" "Mozilla/5.0 (Windows NT 5.1; rv:27.0) Gecko/20100101 Firefox/27.0" image/jpeg "- -" "staff-uvp,http,cachable,block_finance,virus_scan,antivirus,Mozilla_Firefox,allowed-https,Block_Porn_Keyword,Block_Proxy_Keywords,whitelist,DYNAMIC_LENGTH,slow-site,edu_youtube,imgfilter" "10.0.0.5:8080"
"1391426559.471-5875552-10.0.0.5-8080" 787
192.168.15.82 "anonymous@192.168.15.82" "5875552" [03/Feb/2014:16:52:40] "GET http://weatherblink.wdgserv.com:80/weatherblink/lookup/10001" 200 1265 "-" "Mozilla/5.0 (Windows NT 6.1; rv:26.0) Gecko/20100101 Firefox/26.0" application/json "- -" "fullaccess,http,cachable,Mozilla_Firefox,allowed-https,allowed_fullaccess,Block_Porn_Keyword,Block_Proxy_Keywords,DYNAMIC_LENGTH" "10.0.0.5:8080"
"1391426560.255-5877309-10.0.0.5-8080" 5
192.168.21.84 "-" "5877309" [03/Feb/2014:16:52:40] "GET http://www.msftncsi.com:80/ncsi.txt" 407 0 "-" "Microsoft NCSI" - "access-restrictions Proxy Authentication Required" "http,cachable,allowed-https,Block_Porn_Keyword,Block_Proxy_Keywords,DYNAMIC_LENGTH" "10.0.0.5:8080"
"1391426559.819-5877270-10.0.0.5-8080" 462
192.168.20.186 "megha@192.168.20.186" "5877270" [03/Feb/2014:16:52:40] "GET http://l.yimg.com:80/bt/api/res/1.2/UNCMzKKsKN1nF4dzNAg1dA--/YXBwaWQ9eW5ld3M7Zmk9ZmlsbDtoPTEwMDtxPTc5O3c9NTY-/http://l.yimg.com/os/publish-images/omg/2014-02-03/369572d8-db5f-4c22-9464-209347202703_IMG_9893.jpg" 200 2091 "http://in.celebrity.yahoo.com/photos/ahana-deol-s-wedding-reception-slideshow/" "Mozilla/5.0 (Windows NT 5.1; rv:27.0) Gecko/20100101 Firefox/27.0" image/jpeg "- -" "staff-uvp,http,cachable,block_finance,virus_scan,antivirus,Mozilla_Firefox,allowed-https,Block_Porn_Keyword,Block_Proxy_Keywords,whitelist,DYNAMIC_LENGTH,slow-site,edu_youtube,imgfilter" "10.0.0.5:8080"
"1391426559.827-5877287-10.0.0.5-8080" 466
192.168.20.186 "megha@192.168.20.186" "5877287" [03/Feb/2014:16:52:40] "GET http://l.yimg.com:80/bt/api/res/1.2/CfqaxgVL_aU2XKZ_ENZ_2A--/YXBwaWQ9eW5ld3M7Zmk9ZmlsbDtoPTU2O3E9Nzk7dz0xOTM-/http://l.yimg.com/os/publish-images/omg/2014-02-03/870e8851-434c-4339-928c-44c37105f8e9_zz-2-.jpg" 200 3150 "http://in.celebrity.yahoo.com/photos/ahana-deol-s-wedding-reception-slideshow/" "Mozilla/5.0 (Windows NT 5.1; rv:27.0) Gecko/20100101 Firefox/27.0" image/jpeg "- -" "staff-uvp,http,cachable,block_finance,virus_scan,antivirus,Mozilla_Firefox,allowed-https,Block_Porn_Keyword,Block_Proxy_Keywords,whitelist,DYNAMIC_LENGTH,slow-site,edu_youtube,imgfilter" "10.0.0.5:8080"
"1391426559.833-5877296-10.0.0.5-8080" 462
192.168.20.186 "megha@192.168.20.186" "5877296" [03/Feb/2014:16:52:40] "GET http://l1.yimg.com:80/bt/api/res/1.2/fUhL_dPH.qSq2rpvYi39wQ--/YXBwaWQ9eW5ld3M7Zmk9ZmlsbDtoPTU2O3E9Nzk7dz03Ng--/http://l.yimg.com/os/publish-images/omg/2014-02-03/d57ea6a9-9e45-4ae2-b923-8b2391438846_IMG_2044.jpg" 200 2349 "http://in.celebrity.yahoo.com/photos/ahana-deol-s-wedding-reception-slideshow/" "Mozilla/5.0 (Windows NT 5.1; rv:27.0) Gecko/20100101 Firefox/27.0" image/jpeg "- -" "staff-uvp,http,cachable,block_finance,virus_scan,antivirus,Mozilla_Firefox,allowed-https,Block_Porn_Keyword,Block_Proxy_Keywords,DYNAMIC_LENGTH,slow-site,edu_youtube,imgfilter" "10.0.0.5:8080"
"1391426559.819-5877268-10.0.0.5-8080" 480
192.168.20.186 "megha@192.168.20.186" "5877268" [03/Feb/2014:16:52:40] "GET http://l.yimg.com:80/bt/api/res/1.2/UMgGboHWdlmZDdTvQJqing--/YXBwaWQ9eW5ld3M7Zmk9ZmlsbDtoPTU2O3E9Nzk7dz03Mw--/http://l.yimg.com/os/publish-images/omg/2014-02-03/227ca82f-86a7-40ae-bedf-0711e899646a_IMG_9890.jpg" 200 1735 "http://in.celebrity.yahoo.com/photos/ahana-deol-s-wedding-reception-slideshow/" "Mozilla/5.0 (Windows NT 5.1; rv:27.0) Gecko/20100101 Firefox/27.0" image/jpeg "- -" "staff-uvp,http,cachable,block_finance,virus_scan,antivirus,Mozilla_Firefox,allowed-https,Block_Porn_Keyword,Block_Proxy_Keywords,whitelist,DYNAMIC_LENGTH,slow-site,edu_youtube,imgfilter" "10.0.0.5:8080"
"1391426559.817-5877248-10.0.0.5-8080" 491
192.168.20.186 "megha@192.168.20.186" "5877248" [03/Feb/2014:16:52:40] "GET http://l.yimg.com:80/os/mit/media/m/base/images/transparent-1093278.png" 200 98 "http://in.celebrity.yahoo.com/photos/ahana-deol-s-wedding-reception-slideshow/" "Mozilla/5.0 (Windows NT 5.1; rv:27.0) Gecko/20100101 Firefox/27.0" image/png "- -" "staff-uvp,http,cachable,block_finance,virus_scan,antivirus,Mozilla_Firefox,allowed-https,Block_Porn_Keyword,Block_Proxy_Keywords,whitelist,DYNAMIC_LENGTH,slow-site,edu_youtube,imgfilter" "10.0.0.5:8080"
"1391426559.873-5877283-10.0.0.5-8080" 441
192.168.20.186 "megha@192.168.20.186" "5877283" [03/Feb/2014:16:52:40] "GET http://l.yimg.com:80/bt/api/res/1.2/A0Qes9T0UNZfTPNWkxoT_w--/YXBwaWQ9eW5ld3M7Zmk9ZmlsbDtoPTExODtxPTc5O3c9NTY-/http://l.yimg.com/os/publish-images/omg/2014-02-03/e53006ff-7e16-4b96-a2c3-0f9f76434b74_IMG_0084.jpg" 200 2357 "http://in.celebrity.yahoo.com/photos/ahana-deol-s-wedding-reception-slideshow/" "Mozilla/5.0 (Windows NT 5.1; rv:27.0) Gecko/20100101 Firefox/27.0" image/jpeg "- -" "staff-uvp,http,cachable,block_finance,virus_scan,antivirus,Mozilla_Firefox,allowed-https,Block_Porn_Keyword,Block_Proxy_Keywords,whitelist,DYNAMIC_LENGTH,slow-site,edu_youtube,imgfilter" "10.0.0.5:8080"
"1391426559.818-5877246-10.0.0.5-8080" 511
192.168.20.186 "megha@192.168.20.186" "5877246" [03/Feb/2014:16:52:40] "GET http://l.yimg.com:80/rq/darla/2-6-9/js/g-r-min.js" 200 45854 "http://in.celebrity.yahoo.com/photos/ahana-deol-s-wedding-reception-slideshow/" "Mozilla/5.0 (Windows NT 5.1; rv:27.0) Gecko/20100101 Firefox/27.0" application/x-javascript "- -" "staff-uvp,http,cachable,block_finance,virus_scan,antivirus,Mozilla_Firefox,allowed-https,Block_Porn_Keyword,Block_Proxy_Keywords,whitelist,DYNAMIC_LENGTH,slow-site,edu_youtube" "10.0.0.5:8080"
"1391426560.360-5877310-10.0.0.5-8080" 4
192.168.21.54 "-" "5877310" [03/Feb/2014:16:52:40] "GET http://download.newnext.me:80/spark.bin?rnd=246779888" 407 0 "-" "nengine[0.3.2.0]_0_0_" - "access-restrictions Proxy Authentication Required" "http,virus_scan,uncachable,antivirus,allowed-https,Block_Porn_Keyword,Block_Proxy_Keywords" "10.0.0.5:8080"
"1391426560.378-5877308-10.0.0.5-8080" 5
